 EventFiringObject

 Timestamp is 464be7f8 (Thu May 17 13:28:24 2007)

 Preferred load address is 10000000

 Start         Length     Name                   Class
 0001:00000000 0005a920H .text                   CODE
 0001:0005a920 000009a3H .text$x                 CODE
 0001:0005b2d0 0000048cH .text$yc                CODE
 0001:0005b760 0000007fH .text$yd                CODE
 0002:00000000 0000027cH .idata$5                DATA
 0002:0000027c 00000004H .CRT$XCA                DATA
 0002:00000280 0000000cH .CRT$XCC                DATA
 0002:0000028c 00000078H .CRT$XCL                DATA
 0002:00000304 0000000cH .CRT$XCU                DATA
 0002:00000310 00000004H .CRT$XCZ                DATA
 0002:00000314 00000004H .CRT$XIA                DATA
 0002:00000318 00000014H .CRT$XIC                DATA
 0002:0000032c 00000004H .CRT$XIY                DATA
 0002:00000330 00000004H .CRT$XIZ                DATA
 0002:00000334 00000004H .CRT$XPA                DATA
 0002:00000338 00000008H .CRT$XPX                DATA
 0002:00000340 00000004H .CRT$XPXA               DATA
 0002:00000344 00000004H .CRT$XPZ                DATA
 0002:00000348 00000004H .CRT$XTA                DATA
 0002:0000034c 00000004H .CRT$XTB                DATA
 0002:00000350 00000004H .CRT$XTZ                DATA
 0002:00000360 000138f0H .rdata                  DATA
 0002:00013c50 00000063H .rdata$debug            DATA
 0002:00013cb8 00000fe4H .rdata$r                DATA
 0002:00014ca0 000000d4H .rdata$sxdata           DATA
 0002:00014d74 00000004H .rtc$IAA                DATA
 0002:00014d78 00000008H .rtc$IMZ                DATA
 0002:00014d80 00000004H .rtc$IZZ                DATA
 0002:00014d84 00000004H .rtc$TAA                DATA
 0002:00014d88 00000008H .rtc$TMZ                DATA
 0002:00014d90 00000004H .rtc$TZZ                DATA
 0002:00014d98 0000188cH .xdata$x                DATA
 0002:00016624 00000004H ATL$__a                 DATA
 0002:00016628 00000004H ATL$__z                 DATA
 0002:0001662c 00000064H .idata$2                DATA
 0002:00016690 00000014H .idata$3                DATA
 0002:000166a4 0000027cH .idata$4                DATA
 0002:00016920 00000a94H .idata$6                DATA
 0002:000173c0 000000aeH .edata                  DATA
 0003:00000000 00001d30H .data                   DATA
 0003:00001d40 00001efcH .bss                    DATA
 0004:00000000 00000154H .rsrc$01                DATA
 0004:00000160 00000ee8H .rsrc$02                DATA

  Address         Publics by Value              Rva+Base       Lib:Object

 0000:00000000       __except_list              00000000     <absolute>
 0000:00000035       ___safe_se_handler_count   00000035     <absolute>
 0000:00000000       ___ImageBase               10000000     <linker-defined>
 0001:00000000       ?UpdateRegistry@CEventFiringObject@@SGJH@Z 10001000 f i EventFiringObject.obj
 0001:00000020       _DllMain@12                10001020 f   EventFiringObject.obj
 0001:00000080       _DllCanUnloadNow@0         10001080 f   EventFiringObject.obj
 0001:000000a0       _DllGetClassObject@12      100010a0 f   EventFiringObject.obj
 0001:000000d0       _DllRegisterServer@0       100010d0 f   EventFiringObject.obj
 0001:000000f0       _DllUnregisterServer@0     100010f0 f   EventFiringObject.obj
 0001:00000270       ?GetObjectDescription@?$CComCoClass@VCEventFiringObject@@$1?CLSID_EventFiringObject@@3U_GUID@@B@ATL@@SGPBDXZ 10001270 f i EventFiringObject.obj
 0001:00000280       ?CreateInstance@?$CComCreator@V?$CComObjectCached@VCComClassFactory@ATL@@@ATL@@@ATL@@SGJPAXABU_GUID@@PAPAX@Z 10001280 f i EventFiringObject.obj
 0001:00000450       ?CreateInstance@?$CComCreator2@V?$CComCreator@V?$CComObject@VCEventFiringObject@@@ATL@@@ATL@@V?$CComCreator@V?$CComAggObject@VCEventFiringObject@@@ATL@@@2@@ATL@@SGJPAXABU_GUID@@PAPAX@Z 10001450 f i EventFiringObject.obj
 0001:000004d0       ??_G?$CComObjectCached@VCComClassFactory@ATL@@@ATL@@QAEPAXI@Z 100014d0 f i EventFiringObject.obj
 0001:00000510       ?_AtlInitialConstruct@?$CComObjectRootEx@VCComMultiThreadModel@ATL@@@ATL@@QAEJXZ 10001510 f i EventFiringObject.obj
 0001:00000540       ??0?$CComObjectCached@VCComClassFactory@ATL@@@ATL@@QAE@PAX@Z 10001540 f i EventFiringObject.obj
 0001:00000580       ??1?$CComObjectCached@VCComClassFactory@ATL@@@ATL@@QAE@XZ 10001580 f i EventFiringObject.obj
 0001:00000600       ?AddRef@?$CComObjectCached@VCComClassFactory@ATL@@@ATL@@UAGKXZ 10001600 f i EventFiringObject.obj
 0001:00000650       ?Release@?$CComObjectCached@VCComClassFactory@ATL@@@ATL@@UAGKXZ 10001650 f i EventFiringObject.obj
 0001:000006e0       ?QueryInterface@?$CComObjectCached@VCComClassFactory@ATL@@@ATL@@UAGJABU_GUID@@PAPAX@Z 100016e0 f i EventFiringObject.obj
 0001:00000700       ?CreateInstance@?$CComCreator@V?$CComObject@VCEventFiringObject@@@ATL@@@ATL@@SGJPAXABU_GUID@@PAPAX@Z 10001700 f i EventFiringObject.obj
 0001:000008d0       ?InternalFinalConstructAddRef@CEventFiringObject@@QAEXXZ 100018d0 f i EventFiringObject.obj
 0001:00000900       ?InternalFinalConstructRelease@CEventFiringObject@@QAEXXZ 10001900 f i EventFiringObject.obj
 0001:00000930       ?CreateInstance@?$CComCreator@V?$CComAggObject@VCEventFiringObject@@@ATL@@@ATL@@SGJPAXABU_GUID@@PAPAX@Z 10001930 f i EventFiringObject.obj
 0001:00000b00       ??0CComClassFactory@ATL@@QAE@XZ 10001b00 f i EventFiringObject.obj
 0001:00000b40       ??0IClassFactory@@QAE@XZ   10001b40 f i EventFiringObject.obj
 0001:00000b70       ??0?$CComObjectRootEx@VCComMultiThreadModel@ATL@@@ATL@@QAE@XZ 10001b70 f i EventFiringObject.obj
 0001:00000be0       ??0CComAutoDeleteCriticalSection@ATL@@QAE@XZ 10001be0 f i EventFiringObject.obj
 0001:00000c10       ?InternalAddRef@?$CComObjectRootEx@VCComMultiThreadModel@ATL@@@ATL@@QAEKXZ 10001c10 f i EventFiringObject.obj
 0001:00000c70       ?InternalRelease@?$CComObjectRootEx@VCComMultiThreadModel@ATL@@@ATL@@QAEKXZ 10001c70 f i EventFiringObject.obj
 0001:00000ce0       ??0?$CComObject@VCEventFiringObject@@@ATL@@QAE@PAX@Z 10001ce0 f i EventFiringObject.obj
 0001:00000d50       ??0CEventFiringObject@@QAE@XZ 10001d50 f i EventFiringObject.obj
 0001:00000de0       ??0?$CComObjectRootEx@VCComSingleThreadModel@ATL@@@ATL@@QAE@XZ 10001de0 f i EventFiringObject.obj
 0001:00000e10       ??0ISupportErrorInfo@@QAE@XZ 10001e10 f i EventFiringObject.obj
 0001:00000e40       ??0?$IConnectionPointContainerImpl@VCEventFiringObject@@@ATL@@QAE@XZ 10001e40 f i EventFiringObject.obj
 0001:00000e70       ??0?$IDispatchImpl@UIEventFiringObject@@$1?IID_IEventFiringObject@@3U_GUID@@B$1?LIBID_EVENTFIRINGOBJECTLib@@3U3@B$00$0A@VCComTypeInfoHolder@ATL@@@ATL@@QAE@XZ 10001e70 f i EventFiringObject.obj
 0001:00000ea0       ??0?$CProxy_IEventFiringObjectEvents@VCEventFiringObject@@@@QAE@XZ 10001ea0 f i EventFiringObject.obj
 0001:00000ed0       ??0IConnectionPointContainer@@QAE@XZ 10001ed0 f i EventFiringObject.obj
 0001:00000f00       ??0IEventFiringObject@@QAE@XZ 10001f00 f i EventFiringObject.obj
 0001:00000f30       ??0?$IConnectionPointImpl@VCEventFiringObject@@$1?DIID__IEventFiringObjectEvents@@3U_GUID@@BVCComDynamicUnkArray@ATL@@@ATL@@QAE@XZ 10001f30 f i EventFiringObject.obj
 0001:00000f70       ??0IDispatch@@QAE@XZ       10001f70 f i EventFiringObject.obj
 0001:00000fa0       ??0?$_ICPLocator@$1?DIID__IEventFiringObjectEvents@@3U_GUID@@B@ATL@@QAE@XZ 10001fa0 f i EventFiringObject.obj
 0001:00000fc0       ?EnumConnectionPoints@?$IConnectionPointContainerImpl@VCEventFiringObject@@@ATL@@UAGJPAPAUIEnumConnectionPoints@@@Z 10001fc0 f i EventFiringObject.obj
 0001:00001420       ?GetConnMap@CEventFiringObject@@SAPBU_ATL_CONNMAP_ENTRY@ATL@@PAH@Z 10002420 f i EventFiringObject.obj
 0001:000014c0       ?FindConnectionPoint@?$IConnectionPointContainerImpl@VCEventFiringObject@@@ATL@@UAGJABU_GUID@@PAPAUIConnectionPoint@@@Z 100024c0 f i EventFiringObject.obj
 0001:00001610       _InlineIsEqualGUID         10002610 f i EventFiringObject.obj
 0001:00001670       ?GetTypeInfoCount@?$IDispatchImpl@UIEventFiringObject@@$1?IID_IEventFiringObject@@3U_GUID@@B$1?LIBID_EVENTFIRINGOBJECTLib@@3U3@B$00$0A@VCComTypeInfoHolder@ATL@@@ATL@@UAGJPAI@Z 10002670 f i EventFiringObject.obj
 0001:00001690       ?GetTypeInfo@?$IDispatchImpl@UIEventFiringObject@@$1?IID_IEventFiringObject@@3U_GUID@@B$1?LIBID_EVENTFIRINGOBJECTLib@@3U3@B$00$0A@VCComTypeInfoHolder@ATL@@@ATL@@UAGJIKPAPAUITypeInfo@@@Z 10002690 f i EventFiringObject.obj
 0001:000016c0       ?GetIDsOfNames@?$IDispatchImpl@UIEventFiringObject@@$1?IID_IEventFiringObject@@3U_GUID@@B$1?LIBID_EVENTFIRINGOBJECTLib@@3U3@B$00$0A@VCComTypeInfoHolder@ATL@@@ATL@@UAGJABU_GUID@@PAPA_WIKPAJ@Z 100026c0 f i EventFiringObject.obj
 0001:000016f0       ?Invoke@?$IDispatchImpl@UIEventFiringObject@@$1?IID_IEventFiringObject@@3U_GUID@@B$1?LIBID_EVENTFIRINGOBJECTLib@@3U3@B$00$0A@VCComTypeInfoHolder@ATL@@@ATL@@UAGJJABU_GUID@@KGPAUtagDISPPARAMS@@PAUtagVARIANT@@PAUtagEXCEPINFO@@PAI@Z 100026f0 f i EventFiringObject.obj
 0001:00001730       ?_LocCPQueryInterface@?$IConnectionPointImpl@VCEventFiringObject@@$1?DIID__IEventFiringObjectEvents@@3U_GUID@@BVCComDynamicUnkArray@ATL@@@ATL@@UAGJABU_GUID@@PAPAX@Z 10002730 f i EventFiringObject.obj
 0001:000017d0       ?GetConnectionInterface@?$IConnectionPointImpl@VCEventFiringObject@@$1?DIID__IEventFiringObjectEvents@@3U_GUID@@BVCComDynamicUnkArray@ATL@@@ATL@@UAGJPAU_GUID@@@Z 100027d0 f i EventFiringObject.obj
 0001:00001810       ?GetConnectionPointContainer@?$IConnectionPointImpl@VCEventFiringObject@@$1?DIID__IEventFiringObjectEvents@@3U_GUID@@BVCComDynamicUnkArray@ATL@@@ATL@@UAGJPAPAUIConnectionPointContainer@@@Z 10002810 f i EventFiringObject.obj
 0001:00001880       ??0?$CComObject@V?$CComEnum@UIEnumConnectionPoints@@$1?_GUID_b196b285_bab4_101a_b69c_00aa00341d07@@3U__s_GUID@@BPAUIConnectionPoint@@V?$_CopyInterface@UIConnectionPoint@@@ATL@@VCComSingleThreadModel@6@@ATL@@@ATL@@QAE@PAX@Z 10002880 f i EventFiringObject.obj
 0001:000018d0       ?AddRef@?$CComObject@V?$CComEnum@UIEnumConnectionPoints@@$1?_GUID_b196b285_bab4_101a_b69c_00aa00341d07@@3U__s_GUID@@BPAUIConnectionPoint@@V?$_CopyInterface@UIConnectionPoint@@@ATL@@VCComSingleThreadModel@6@@ATL@@@ATL@@UAGKXZ 100028d0 f i EventFiringObject.obj
 0001:000018f0       ?Release@?$CComObject@V?$CComEnum@UIEnumConnectionPoints@@$1?_GUID_b196b285_bab4_101a_b69c_00aa00341d07@@3U__s_GUID@@BPAUIConnectionPoint@@V?$_CopyInterface@UIConnectionPoint@@@ATL@@VCComSingleThreadModel@6@@ATL@@@ATL@@UAGKXZ 100028f0 f i EventFiringObject.obj
 0001:00001970       ?QueryInterface@?$CComObject@V?$CComEnum@UIEnumConnectionPoints@@$1?_GUID_b196b285_bab4_101a_b69c_00aa00341d07@@3U__s_GUID@@BPAUIConnectionPoint@@V?$_CopyInterface@UIConnectionPoint@@@ATL@@VCComSingleThreadModel@6@@ATL@@@ATL@@UAGJABU_GUID@@PAPAX@Z 10002970 f i EventFiringObject.obj
 0001:00001990       ?Reset@?$CComEnumImpl@UIEnumConnectionPoints@@$1?_GUID_b196b285_bab4_101a_b69c_00aa00341d07@@3U__s_GUID@@BPAUIConnectionPoint@@V?$_CopyInterface@UIConnectionPoint@@@ATL@@@ATL@@UAGJXZ 10002990 f i EventFiringObject.obj
 0001:000019b0       ??_E?$CComObject@V?$CComEnum@UIEnumConnectionPoints@@$1?_GUID_b196b285_bab4_101a_b69c_00aa00341d07@@3U__s_GUID@@BPAUIConnectionPoint@@V?$_CopyInterface@UIConnectionPoint@@@ATL@@VCComSingleThreadModel@6@@ATL@@@ATL@@UAEPAXI@Z 100029b0 f i EventFiringObject.obj
 0001:000019b0       ??_G?$CComObject@V?$CComEnum@UIEnumConnectionPoints@@$1?_GUID_b196b285_bab4_101a_b69c_00aa00341d07@@3U__s_GUID@@BPAUIConnectionPoint@@V?$_CopyInterface@UIConnectionPoint@@@ATL@@VCComSingleThreadModel@6@@ATL@@@ATL@@UAEPAXI@Z 100029b0 f i EventFiringObject.obj
 0001:000019f0       ??1?$CComObject@V?$CComEnum@UIEnumConnectionPoints@@$1?_GUID_b196b285_bab4_101a_b69c_00aa00341d07@@3U__s_GUID@@BPAUIConnectionPoint@@V?$_CopyInterface@UIConnectionPoint@@@ATL@@VCComSingleThreadModel@6@@ATL@@@ATL@@UAE@XZ 100029f0 f i EventFiringObject.obj
 0001:00001a50       ??0?$CComEnum@UIEnumConnectionPoints@@$1?_GUID_b196b285_bab4_101a_b69c_00aa00341d07@@3U__s_GUID@@BPAUIConnectionPoint@@V?$_CopyInterface@UIConnectionPoint@@@ATL@@VCComSingleThreadModel@6@@ATL@@QAE@XZ 10002a50 f i EventFiringObject.obj
 0001:00001ac0       ??1?$CComEnum@UIEnumConnectionPoints@@$1?_GUID_b196b285_bab4_101a_b69c_00aa00341d07@@3U__s_GUID@@BPAUIConnectionPoint@@V?$_CopyInterface@UIConnectionPoint@@@ATL@@VCComSingleThreadModel@6@@ATL@@UAE@XZ 10002ac0 f i EventFiringObject.obj
 0001:00001b50       ?_InternalQueryInterface@?$CComEnum@UIEnumConnectionPoints@@$1?_GUID_b196b285_bab4_101a_b69c_00aa00341d07@@3U__s_GUID@@BPAUIConnectionPoint@@V?$_CopyInterface@UIConnectionPoint@@@ATL@@VCComSingleThreadModel@6@@ATL@@QAEJABU_GUID@@PAPAX@Z 10002b50 f i EventFiringObject.obj
 0001:00001b90       ??0?$CComEnumImpl@UIEnumConnectionPoints@@$1?_GUID_b196b285_bab4_101a_b69c_00aa00341d07@@3U__s_GUID@@BPAUIConnectionPoint@@V?$_CopyInterface@UIConnectionPoint@@@ATL@@@ATL@@QAE@XZ 10002b90 f i EventFiringObject.obj
 0001:00001bf0       ?AddRef@?$CComObject@VCEventFiringObject@@@ATL@@UAGKXZ 10002bf0 f i EventFiringObject.obj
 0001:00001c10       ?Release@?$CComObject@VCEventFiringObject@@@ATL@@UAGKXZ 10002c10 f i EventFiringObject.obj
 0001:00001c90       ?QueryInterface@?$CComObject@VCEventFiringObject@@@ATL@@UAGJABU_GUID@@PAPAX@Z 10002c90 f i EventFiringObject.obj
 0001:00001cb0       ?_InternalQueryInterface@CEventFiringObject@@QAEJABU_GUID@@PAPAX@Z 10002cb0 f i EventFiringObject.obj
 0001:00001cf0       ?_GetEntries@CEventFiringObject@@SGPBU_ATL_INTMAP_ENTRY@ATL@@XZ 10002cf0 f i EventFiringObject.obj
 0001:00001d00       ??0?$CComAggObject@VCEventFiringObject@@@ATL@@QAE@PAX@Z 10002d00 f i EventFiringObject.obj
 0001:00001db0       ?_AtlInitialConstruct@?$CComAggObject@VCEventFiringObject@@@ATL@@QAEJXZ 10002db0 f i EventFiringObject.obj
 0001:00001e00       ?FinalConstruct@?$CComAggObject@VCEventFiringObject@@@ATL@@QAEJXZ 10002e00 f i EventFiringObject.obj
 0001:00001e40       ?AddRef@?$CComAggObject@VCEventFiringObject@@@ATL@@UAGKXZ 10002e40 f i EventFiringObject.obj
 0001:00001e60       ?Release@?$CComAggObject@VCEventFiringObject@@@ATL@@UAGKXZ 10002e60 f i EventFiringObject.obj
 0001:00001ee0       ?QueryInterface@?$CComAggObject@VCEventFiringObject@@@ATL@@UAGJABU_GUID@@PAPAX@Z 10002ee0 f i EventFiringObject.obj
 0001:00001f90       ??0IEnumConnectionPoints@@QAE@XZ 10002f90 f i EventFiringObject.obj
 0001:00001fc0       ??_G?$CComObject@VCEventFiringObject@@@ATL@@UAEPAXI@Z 10002fc0 f i EventFiringObject.obj
 0001:00001fc0       ??_E?$CComObject@VCEventFiringObject@@@ATL@@UAEPAXI@Z 10002fc0 f i EventFiringObject.obj
 0001:00002000       ??1?$CComObject@VCEventFiringObject@@@ATL@@UAE@XZ 10003000 f i EventFiringObject.obj
 0001:00002080       ??1CEventFiringObject@@QAE@XZ 10003080 f i EventFiringObject.obj
 0001:00002130       ??1?$CProxy_IEventFiringObjectEvents@VCEventFiringObject@@@@QAE@XZ 10003130 f i EventFiringObject.obj
 0001:00002160       ??_G?$CComAggObject@VCEventFiringObject@@@ATL@@UAEPAXI@Z 10003160 f i EventFiringObject.obj
 0001:00002160       ??_E?$CComAggObject@VCEventFiringObject@@@ATL@@UAEPAXI@Z 10003160 f i EventFiringObject.obj
 0001:000021a0       ??1?$CComAggObject@VCEventFiringObject@@@ATL@@UAE@XZ 100031a0 f i EventFiringObject.obj
 0001:00002270       ??1?$CComContainedObject@VCEventFiringObject@@@ATL@@QAE@XZ 10003270 f i EventFiringObject.obj
 0001:000022a0       ?_GetEntries@?$CComEnum@UIEnumConnectionPoints@@$1?_GUID_b196b285_bab4_101a_b69c_00aa00341d07@@3U__s_GUID@@BPAUIConnectionPoint@@V?$_CopyInterface@UIConnectionPoint@@@ATL@@VCComSingleThreadModel@6@@ATL@@SGPBU_ATL_INTMAP_ENTRY@2@XZ 100032a0 f i EventFiringObject.obj
 0001:000022b0       ?FinalRelease@?$CComAggObject@VCEventFiringObject@@@ATL@@QAEXXZ 100032b0 f i EventFiringObject.obj
 0001:000022f0       ??0?$CComContainedObject@VCEventFiringObject@@@ATL@@QAE@PAX@Z 100032f0 f i EventFiringObject.obj
 0001:00002350       ?AddRef@?$CComContainedObject@VCEventFiringObject@@@ATL@@UAGKXZ 10003350 f i EventFiringObject.obj
 0001:00002370       ?Release@?$CComContainedObject@VCEventFiringObject@@@ATL@@UAGKXZ 10003370 f i EventFiringObject.obj
 0001:00002390       ?QueryInterface@?$CComContainedObject@VCEventFiringObject@@@ATL@@UAGJABU_GUID@@PAPAX@Z 10003390 f i EventFiringObject.obj
 0001:000023c0       ??1?$IConnectionPointImpl@VCEventFiringObject@@$1?DIID__IEventFiringObjectEvents@@3U_GUID@@BVCComDynamicUnkArray@ATL@@@ATL@@QAE@XZ 100033c0 f i EventFiringObject.obj
 0001:00002480       ?Advise@?$IConnectionPointImpl@VCEventFiringObject@@$1?DIID__IEventFiringObjectEvents@@3U_GUID@@BVCComDynamicUnkArray@ATL@@@ATL@@UAGJPAUIUnknown@@PAK@Z 10003480 f i EventFiringObject.obj
 0001:00002610       ?Unadvise@?$IConnectionPointImpl@VCEventFiringObject@@$1?DIID__IEventFiringObjectEvents@@3U_GUID@@BVCComDynamicUnkArray@ATL@@@ATL@@UAGJK@Z 10003610 f i EventFiringObject.obj
 0001:000026d0       ?EnumConnections@?$IConnectionPointImpl@VCEventFiringObject@@$1?DIID__IEventFiringObjectEvents@@3U_GUID@@BVCComDynamicUnkArray@ATL@@@ATL@@UAGJPAPAUIEnumConnections@@@Z 100036d0 f i EventFiringObject.obj
 0001:00002980       ??$AtlMultiply@I@ATL@@YAJPAIII@Z 10003980 f i EventFiringObject.obj
 0001:000029d0       ??1?$CComEnumImpl@UIEnumConnectionPoints@@$1?_GUID_b196b285_bab4_101a_b69c_00aa00341d07@@3U__s_GUID@@BPAUIConnectionPoint@@V?$_CopyInterface@UIConnectionPoint@@@ATL@@@ATL@@UAE@XZ 100039d0 f i EventFiringObject.obj
 0001:00002a90       ?Next@?$CComEnumImpl@UIEnumConnectionPoints@@$1?_GUID_b196b285_bab4_101a_b69c_00aa00341d07@@3U__s_GUID@@BPAUIConnectionPoint@@V?$_CopyInterface@UIConnectionPoint@@@ATL@@@ATL@@UAGJKPAPAUIConnectionPoint@@PAK@Z 10003a90 f i EventFiringObject.obj
 0001:00002c10       ?Skip@?$CComEnumImpl@UIEnumConnectionPoints@@$1?_GUID_b196b285_bab4_101a_b69c_00aa00341d07@@3U__s_GUID@@BPAUIConnectionPoint@@V?$_CopyInterface@UIConnectionPoint@@@ATL@@@ATL@@UAGJK@Z 10003c10 f i EventFiringObject.obj
 0001:00002c90       ?Clone@?$CComEnumImpl@UIEnumConnectionPoints@@$1?_GUID_b196b285_bab4_101a_b69c_00aa00341d07@@3U__s_GUID@@BPAUIConnectionPoint@@V?$_CopyInterface@UIConnectionPoint@@@ATL@@@ATL@@UAGJPAPAUIEnumConnectionPoints@@@Z 10003c90 f i EventFiringObject.obj
 0001:00002e30       ?Init@?$CComEnumImpl@UIEnumConnectionPoints@@$1?_GUID_b196b285_bab4_101a_b69c_00aa00341d07@@3U__s_GUID@@BPAUIConnectionPoint@@V?$_CopyInterface@UIConnectionPoint@@@ATL@@@ATL@@QAEJPAPAUIConnectionPoint@@0PAUIUnknown@@W4CComEnumFlags@2@@Z 10003e30 f i EventFiringObject.obj
 0001:00003060       ?_AtlVerifyStackAvailable@_ATL_SAFE_ALLOCA_IMPL@ATL@@YA_NK@Z 10004060 f i EventFiringObject.obj
 0001:00003200       ??4?$CComPtr@UIUnknown@@@ATL@@QAEPAUIUnknown@@PAU2@@Z 10004200 f i EventFiringObject.obj
 0001:00003250       ??0?$CComObject@V?$CComEnum@UIEnumConnections@@$1?_GUID_b196b287_bab4_101a_b69c_00aa00341d07@@3U__s_GUID@@BUtagCONNECTDATA@@V?$_Copy@UtagCONNECTDATA@@@ATL@@VCComSingleThreadModel@6@@ATL@@@ATL@@QAE@PAX@Z 10004250 f i EventFiringObject.obj
 0001:000032a0       ?AddRef@?$CComObject@V?$CComEnum@UIEnumConnections@@$1?_GUID_b196b287_bab4_101a_b69c_00aa00341d07@@3U__s_GUID@@BUtagCONNECTDATA@@V?$_Copy@UtagCONNECTDATA@@@ATL@@VCComSingleThreadModel@6@@ATL@@@ATL@@UAGKXZ 100042a0 f i EventFiringObject.obj
 0001:000032c0       ?Release@?$CComObject@V?$CComEnum@UIEnumConnections@@$1?_GUID_b196b287_bab4_101a_b69c_00aa00341d07@@3U__s_GUID@@BUtagCONNECTDATA@@V?$_Copy@UtagCONNECTDATA@@@ATL@@VCComSingleThreadModel@6@@ATL@@@ATL@@UAGKXZ 100042c0 f i EventFiringObject.obj
 0001:00003340       ?QueryInterface@?$CComObject@V?$CComEnum@UIEnumConnections@@$1?_GUID_b196b287_bab4_101a_b69c_00aa00341d07@@3U__s_GUID@@BUtagCONNECTDATA@@V?$_Copy@UtagCONNECTDATA@@@ATL@@VCComSingleThreadModel@6@@ATL@@@ATL@@UAGJABU_GUID@@PAPAX@Z 10004340 f i EventFiringObject.obj
 0001:00003360       ?_InternalQueryInterface@?$CComEnum@UIEnumConnections@@$1?_GUID_b196b287_bab4_101a_b69c_00aa00341d07@@3U__s_GUID@@BUtagCONNECTDATA@@V?$_Copy@UtagCONNECTDATA@@@ATL@@VCComSingleThreadModel@6@@ATL@@QAEJABU_GUID@@PAPAX@Z 10004360 f i EventFiringObject.obj
 0001:000033a0       ?Reset@?$CComEnumImpl@UIEnumConnections@@$1?_GUID_b196b287_bab4_101a_b69c_00aa00341d07@@3U__s_GUID@@BUtagCONNECTDATA@@V?$_Copy@UtagCONNECTDATA@@@ATL@@@ATL@@UAGJXZ 100043a0 f i EventFiringObject.obj
 0001:000033c0       ?copy@?$_CopyInterface@UIConnectionPoint@@@ATL@@SAJPAPAUIConnectionPoint@@0@Z 100043c0 f i EventFiringObject.obj
 0001:00003470       ?init@?$_CopyInterface@UIConnectionPoint@@@ATL@@SAXPAPAUIConnectionPoint@@@Z 10004470 f i EventFiringObject.obj
 0001:00003480       ?destroy@?$_CopyInterface@UIConnectionPoint@@@ATL@@SAXPAPAUIConnectionPoint@@@Z 10004480 f i EventFiringObject.obj
 0001:000034c0       ??_G?$CComObject@V?$CComEnum@UIEnumConnections@@$1?_GUID_b196b287_bab4_101a_b69c_00aa00341d07@@3U__s_GUID@@BUtagCONNECTDATA@@V?$_Copy@UtagCONNECTDATA@@@ATL@@VCComSingleThreadModel@6@@ATL@@@ATL@@UAEPAXI@Z 100044c0 f i EventFiringObject.obj
 0001:000034c0       ??_E?$CComObject@V?$CComEnum@UIEnumConnections@@$1?_GUID_b196b287_bab4_101a_b69c_00aa00341d07@@3U__s_GUID@@BUtagCONNECTDATA@@V?$_Copy@UtagCONNECTDATA@@@ATL@@VCComSingleThreadModel@6@@ATL@@@ATL@@UAEPAXI@Z 100044c0 f i EventFiringObject.obj
 0001:00003500       ??1?$CComObject@V?$CComEnum@UIEnumConnections@@$1?_GUID_b196b287_bab4_101a_b69c_00aa00341d07@@3U__s_GUID@@BUtagCONNECTDATA@@V?$_Copy@UtagCONNECTDATA@@@ATL@@VCComSingleThreadModel@6@@ATL@@@ATL@@UAE@XZ 10004500 f i EventFiringObject.obj
 0001:00003560       ??0?$CComEnum@UIEnumConnections@@$1?_GUID_b196b287_bab4_101a_b69c_00aa00341d07@@3U__s_GUID@@BUtagCONNECTDATA@@V?$_Copy@UtagCONNECTDATA@@@ATL@@VCComSingleThreadModel@6@@ATL@@QAE@XZ 10004560 f i EventFiringObject.obj
 0001:000035d0       ??1?$CComEnum@UIEnumConnections@@$1?_GUID_b196b287_bab4_101a_b69c_00aa00341d07@@3U__s_GUID@@BUtagCONNECTDATA@@V?$_Copy@UtagCONNECTDATA@@@ATL@@VCComSingleThreadModel@6@@ATL@@UAE@XZ 100045d0 f i EventFiringObject.obj
 0001:00003660       ?_GetEntries@?$CComEnum@UIEnumConnections@@$1?_GUID_b196b287_bab4_101a_b69c_00aa00341d07@@3U__s_GUID@@BUtagCONNECTDATA@@V?$_Copy@UtagCONNECTDATA@@@ATL@@VCComSingleThreadModel@6@@ATL@@SGPBU_ATL_INTMAP_ENTRY@2@XZ 10004660 f i EventFiringObject.obj
 0001:00003670       ??0?$CComEnumImpl@UIEnumConnections@@$1?_GUID_b196b287_bab4_101a_b69c_00aa00341d07@@3U__s_GUID@@BUtagCONNECTDATA@@V?$_Copy@UtagCONNECTDATA@@@ATL@@@ATL@@QAE@XZ 10004670 f i EventFiringObject.obj
 0001:000036d0       ??0IEnumConnections@@QAE@XZ 100046d0 f i EventFiringObject.obj
 0001:00003700       ?CreateInstance@?$CComObject@V?$CComEnum@UIEnumConnectionPoints@@$1?_GUID_b196b285_bab4_101a_b69c_00aa00341d07@@3U__s_GUID@@BPAUIConnectionPoint@@V?$_CopyInterface@UIConnectionPoint@@@ATL@@VCComSingleThreadModel@6@@ATL@@@ATL@@SGJPAPAV12@@Z 10004700 f i EventFiringObject.obj
 0001:000038c0       ??1?$CComEnumImpl@UIEnumConnections@@$1?_GUID_b196b287_bab4_101a_b69c_00aa00341d07@@3U__s_GUID@@BUtagCONNECTDATA@@V?$_Copy@UtagCONNECTDATA@@@ATL@@@ATL@@UAE@XZ 100048c0 f i EventFiringObject.obj
 0001:00003980       ?Next@?$CComEnumImpl@UIEnumConnections@@$1?_GUID_b196b287_bab4_101a_b69c_00aa00341d07@@3U__s_GUID@@BUtagCONNECTDATA@@V?$_Copy@UtagCONNECTDATA@@@ATL@@@ATL@@UAGJKPAUtagCONNECTDATA@@PAK@Z 10004980 f i EventFiringObject.obj
 0001:00003b00       ?Skip@?$CComEnumImpl@UIEnumConnections@@$1?_GUID_b196b287_bab4_101a_b69c_00aa00341d07@@3U__s_GUID@@BUtagCONNECTDATA@@V?$_Copy@UtagCONNECTDATA@@@ATL@@@ATL@@UAGJK@Z 10004b00 f i EventFiringObject.obj
 0001:00003b80       ?Clone@?$CComEnumImpl@UIEnumConnections@@$1?_GUID_b196b287_bab4_101a_b69c_00aa00341d07@@3U__s_GUID@@BUtagCONNECTDATA@@V?$_Copy@UtagCONNECTDATA@@@ATL@@@ATL@@UAGJPAPAUIEnumConnections@@@Z 10004b80 f i EventFiringObject.obj
 0001:00003d20       ?Init@?$CComEnumImpl@UIEnumConnections@@$1?_GUID_b196b287_bab4_101a_b69c_00aa00341d07@@3U__s_GUID@@BUtagCONNECTDATA@@V?$_Copy@UtagCONNECTDATA@@@ATL@@@ATL@@QAEJPAUtagCONNECTDATA@@0PAUIUnknown@@W4CComEnumFlags@2@@Z 10004d20 f i EventFiringObject.obj
 0001:00003f50       ?CreateInstance@?$CComObject@V?$CComEnum@UIEnumConnections@@$1?_GUID_b196b287_bab4_101a_b69c_00aa00341d07@@3U__s_GUID@@BUtagCONNECTDATA@@V?$_Copy@UtagCONNECTDATA@@@ATL@@VCComSingleThreadModel@6@@ATL@@@ATL@@SGJPAPAV12@@Z 10004f50 f i EventFiringObject.obj
 0001:00004110       ?Release@?$CComContainedObject@VCEventFiringObject@@@ATL@@W3AGKXZ 10005110 f i EventFiringObject.obj
 0001:00004120       ?AddRef@?$CComContainedObject@VCEventFiringObject@@@ATL@@W3AGKXZ 10005120 f i EventFiringObject.obj
 0001:00004130       ?QueryInterface@?$CComObject@VCEventFiringObject@@@ATL@@W3AGJABU_GUID@@PAPAX@Z 10005130 f i EventFiringObject.obj
 0001:00004140       ?Release@?$CComContainedObject@VCEventFiringObject@@@ATL@@W7AGKXZ 10005140 f i EventFiringObject.obj
 0001:00004150       ?AddRef@?$CComContainedObject@VCEventFiringObject@@@ATL@@W7AGKXZ 10005150 f i EventFiringObject.obj
 0001:00004160       ?QueryInterface@?$CComObject@VCEventFiringObject@@@ATL@@W7AGJABU_GUID@@PAPAX@Z 10005160 f i EventFiringObject.obj
 0001:00004170       ?Release@?$CComContainedObject@VCEventFiringObject@@@ATL@@WM@AGKXZ 10005170 f i EventFiringObject.obj
 0001:00004180       ?AddRef@?$CComContainedObject@VCEventFiringObject@@@ATL@@WM@AGKXZ 10005180 f i EventFiringObject.obj
 0001:00004190       ?Release@?$CComObject@VCEventFiringObject@@@ATL@@W3AGKXZ 10005190 f i EventFiringObject.obj
 0001:000041a0       ?AddRef@?$CComObject@VCEventFiringObject@@@ATL@@W3AGKXZ 100051a0 f i EventFiringObject.obj
 0001:000041b0       ?Release@?$CComObject@VCEventFiringObject@@@ATL@@W7AGKXZ 100051b0 f i EventFiringObject.obj
 0001:000041c0       ?AddRef@?$CComObject@VCEventFiringObject@@@ATL@@W7AGKXZ 100051c0 f i EventFiringObject.obj
 0001:000041d0       ?QueryInterface@?$CComContainedObject@VCEventFiringObject@@@ATL@@W3AGJABU_GUID@@PAPAX@Z 100051d0 f i EventFiringObject.obj
 0001:000041e0       ?Release@?$CComObject@VCEventFiringObject@@@ATL@@WM@AGKXZ 100051e0 f i EventFiringObject.obj
 0001:000041f0       ?AddRef@?$CComObject@VCEventFiringObject@@@ATL@@WM@AGKXZ 100051f0 f i EventFiringObject.obj
 0001:00004200       ?QueryInterface@?$CComContainedObject@VCEventFiringObject@@@ATL@@W7AGJABU_GUID@@PAPAX@Z 10005200 f i EventFiringObject.obj
 0001:00004210       ?AtlThrowImpl@ATL@@YGXJ@Z  10005210 f i EventFiringObject.obj
 0001:00004290       ??0CTraceFileAndLineInfo@ATL@@QAE@PBDH@Z 10005290 f i EventFiringObject.obj
 0001:000042c0       ??RCTraceFileAndLineInfo@ATL@@QBAXKIPBDZZ 100052c0 f i EventFiringObject.obj
 0001:00004310       ?TraceV@CTrace@ATL@@QBAXPBDHKI0PAD@Z 10005310 f i EventFiringObject.obj
 0001:00004350       ??BCTraceCategory@ATL@@QBEKXZ 10005350 f i EventFiringObject.obj
 0001:00004370       ??0CAtlException@ATL@@QAE@J@Z 10005370 f i EventFiringObject.obj
 0001:00004390       ??0CComSafeDeleteCriticalSection@ATL@@QAE@XZ 10005390 f i EventFiringObject.obj
 0001:000043c0       ??0CComCriticalSection@ATL@@QAE@XZ 100053c0 f i EventFiringObject.obj
 0001:000043f0       ?Init@CComSafeDeleteCriticalSection@ATL@@QAEJXZ 100053f0 f i EventFiringObject.obj
 0001:00004460       ?Init@CComCriticalSection@ATL@@QAEJXZ 10005460 f i EventFiringObject.obj
 0001:00004560       ?AtlComPtrAssign@ATL@@YGPAUIUnknown@@PAPAU2@PAU2@@Z 10005560 f i EventFiringObject.obj
 0001:000045d0       ??1?$CComPtr@UIUnknown@@@ATL@@QAE@XZ 100055d0 f i EventFiringObject.obj
 0001:00004600       ?Increment@CComMultiThreadModel@ATL@@SGKPAJ@Z 10005600 f i EventFiringObject.obj
 0001:00004630       ?Decrement@CComMultiThreadModel@ATL@@SGKPAJ@Z 10005630 f i EventFiringObject.obj
 0001:00004660       ?InlineIsEqualUnknown@ATL@@YGHABU_GUID@@@Z 10005660 f i EventFiringObject.obj
 0001:000046b0       ?GetLockCount@CAtlModule@ATL@@UAEJXZ 100056b0 f i EventFiringObject.obj
 0001:000046d0       ?UpdateRegistryFromResourceS@CComModule@ATL@@UAGJIHPAU_ATL_REGMAP_ENTRY@2@@Z 100056d0 f i EventFiringObject.obj
 0001:00004700       ??0IUnknown@@QAE@XZ        10005700 f i EventFiringObject.obj
 0001:00004720       ?UpdateRegistryFromResourceS@CAtlModule@ATL@@QAGJIHPAU_ATL_REGMAP_ENTRY@2@@Z 10005720 f i EventFiringObject.obj
 0001:00004cf0       ??$AtlMultiply@H@ATL@@YAJPAHHH@Z 10005cf0 f i EventFiringObject.obj
 0001:00004d70       ?_AtlGetConversionACP@ATL@@YGIXZ 10005d70 f i EventFiringObject.obj
 0001:00004d90       ?AtlA2WHelper@@YGPA_WPA_WPBDHI@Z 10005d90 f i EventFiringObject.obj
 0001:00004e70       ?ocslen@@YAHPB_W@Z         10005e70 f i EventFiringObject.obj
 0001:00004ea0       ?ocscpy_s@@YA_NPA_WIPB_W@Z 10005ea0 f i EventFiringObject.obj
 0001:00004ee0       ?GetModuleInstance@CAtlBaseModule@ATL@@QAEPAUHINSTANCE__@@XZ 10005ee0 f i EventFiringObject.obj
 0001:00004f00       ?AtlHresultFromLastError@ATL@@YAJXZ 10005f00 f i EventFiringObject.obj
 0001:00004f60       ?EscapeSingleQuote@CAtlModule@ATL@@SAXPA_WIPB_W@Z 10005f60 f i EventFiringObject.obj
 0001:00005010       ??1CRegObject@ATL@@UAE@XZ  10006010 f i EventFiringObject.obj
 0001:00005090       ??1CExpansionVector@ATL@@QAE@XZ 10006090 f i EventFiringObject.obj
 0001:00005100       ?ClearReplacements@CExpansionVector@ATL@@QAEJXZ 10006100 f i EventFiringObject.obj
 0001:00005190       ?QueryInterface@CRegObject@ATL@@UAGJABU_GUID@@PAPAX@Z 10006190 f i EventFiringObject.obj
 0001:000051d0       ?AddRef@CRegObject@ATL@@UAGKXZ 100061d0 f i EventFiringObject.obj
 0001:00005210       ?Release@CRegObject@ATL@@UAGKXZ 10006210 f i EventFiringObject.obj
 0001:00005250       ?FinalConstruct@CRegObject@ATL@@QAEJXZ 10006250 f i EventFiringObject.obj
 0001:00005280       ?Init@CComFakeCriticalSection@ATL@@QAEJXZ 10006280 f i EventFiringObject.obj
 0001:000052a0       ??_GCRegObject@ATL@@UAEPAXI@Z 100062a0 f i EventFiringObject.obj
 0001:000052a0       ??_ECRegObject@ATL@@UAEPAXI@Z 100062a0 f i EventFiringObject.obj
 0001:000052e0       ?AddReplacement@CRegObject@ATL@@UAGJPB_W0@Z 100062e0 f i EventFiringObject.obj
 0001:00005540       ?AtlW2AHelper@@YGPADPADPB_WHI@Z 10006540 f i EventFiringObject.obj
 0001:00005620       ?Lock@CComFakeCriticalSection@ATL@@QAEJXZ 10006620 f i EventFiringObject.obj
 0001:00005640       ?Unlock@CComFakeCriticalSection@ATL@@QAEJXZ 10006640 f i EventFiringObject.obj
 0001:00005660       ?Add@CExpansionVector@ATL@@QAEHPBDPB_W@Z 10006660 f i EventFiringObject.obj
 0001:000058f0       ?memcpy_s@Checked@ATL@@YAXPAXIPBXI@Z 100068f0 f i EventFiringObject.obj
 0001:00005920       ?AtlCrtErrorCheck@ATL@@YAHH@Z 10006920 f i EventFiringObject.obj
 0001:000059f0       ?ResourceRegister@CRegObject@ATL@@QAGJPB_WI0@Z 100069f0 f i EventFiringObject.obj
 0001:00005c10       ?RegisterFromResource@CRegObject@ATL@@IAEJPB_WPBD1H@Z 10006c10 f i EventFiringObject.obj
 0001:00006130       ?ResourceUnregister@CRegObject@ATL@@QAGJPB_WI0@Z 10007130 f i EventFiringObject.obj
 0001:00006350       ?ClearReplacements@CRegObject@ATL@@UAGJXZ 10007350 f i EventFiringObject.obj
 0001:000063a0       ??0CRegParser@ATL@@QAE@PAVCRegObject@1@@Z 100073a0 f i EventFiringObject.obj
 0001:000063d0       ?RegisterBuffer@CRegParser@ATL@@QAEJPADH@Z 100073d0 f i EventFiringObject.obj
 0001:000066f0       ?GenerateError@CRegParser@ATL@@IAEJI@Z 100076f0 f i EventFiringObject.obj
 0001:00006710       ?HKeyFromString@CRegParser@ATL@@KAPAUHKEY__@@PAD@Z 10007710 f i EventFiringObject.obj
 0001:00006780       ?SkipWhiteSpace@CRegParser@ATL@@IAEXXZ 10007780 f i EventFiringObject.obj
 0001:000067d0       ?IsSpace@CRegParser@ATL@@IAEHD@Z 100077d0 f i EventFiringObject.obj
 0001:00006840       ?NextToken@CRegParser@ATL@@IAEJPAD@Z 10007840 f i EventFiringObject.obj
 0001:00006ad0       ?EndOfVar@CRegParser@ATL@@IAEHXZ 10007ad0 f i EventFiringObject.obj
 0001:00006b40       ?PreProcessBuffer@CRegParser@ATL@@QAEJPADPAPAD@Z 10007b40 f i EventFiringObject.obj
 0001:00006e80       ?tcsncpy_s@Checked@ATL@@YAHPADIPBDI@Z 10007e80 f i EventFiringObject.obj
 0001:00006eb0       __tcsncpy_s                10007eb0 f i EventFiringObject.obj
 0001:00006ee0       ??0CParseBuffer@CRegParser@ATL@@QAE@H@Z 10007ee0 f i EventFiringObject.obj
 0001:00006f50       ?AtlCoTaskMemCAlloc@ATL@@YAPAXKK@Z 10007f50 f i EventFiringObject.obj
 0001:00006fe0       ??$AtlMultiply@K@ATL@@YAJPAKKK@Z 10007fe0 f i EventFiringObject.obj
 0001:00007030       ??1CParseBuffer@CRegParser@ATL@@QAE@XZ 10008030 f i EventFiringObject.obj
 0001:00007070       ?AddChar@CParseBuffer@CRegParser@ATL@@QAEHPBD@Z 10008070 f i EventFiringObject.obj
 0001:000070d0       ?Append@CParseBuffer@CRegParser@ATL@@QAEHPBDH@Z 100080d0 f i EventFiringObject.obj
 0001:00007230       ?AtlCoTaskMemRecalloc@ATL@@YAPAXPAXKK@Z 10008230 f i EventFiringObject.obj
 0001:000072d0       ?AddString@CParseBuffer@CRegParser@ATL@@QAEHPB_W@Z 100082d0 f i EventFiringObject.obj
 0001:00007510       ?Detach@CParseBuffer@CRegParser@ATL@@QAEPADXZ 10008510 f i EventFiringObject.obj
 0001:00007560       ?StrFromMap@CRegObject@ATL@@QAEPB_WPAD@Z 10008560 f i EventFiringObject.obj
 0001:000075f0       ?StrChrA@CRegParser@ATL@@KAPADPADD@Z 100085f0 f i EventFiringObject.obj
 0001:00007660       ?RegisterSubkeys@CRegParser@ATL@@IAEJPADPAUHKEY__@@HH@Z 10008660 f i EventFiringObject.obj
 0001:000081f0       ?AtlHresultFromWin32@ATL@@YAJK@Z 100091f0 f i EventFiringObject.obj
 0001:00008230       ??0CRegKey@ATL@@QAE@XZ     10009230 f i EventFiringObject.obj
 0001:00008250       ??1CRegKey@ATL@@QAE@XZ     10009250 f i EventFiringObject.obj
 0001:00008280       ??BCRegKey@ATL@@QBEPAUHKEY__@@XZ 10009280 f i EventFiringObject.obj
 0001:000082a0       ?Detach@CRegKey@ATL@@QAEPAUHKEY__@@XZ 100092a0 f i EventFiringObject.obj
 0001:000082d0       ?Attach@CRegKey@ATL@@QAEXPAUHKEY__@@@Z 100092d0 f i EventFiringObject.obj
 0001:00008330       ?DeleteSubKey@CRegKey@ATL@@QAEJPBD@Z 10009330 f i EventFiringObject.obj
 0001:000083a0       ?DeleteValue@CRegKey@ATL@@QAEJPBD@Z 100093a0 f i EventFiringObject.obj
 0001:00008410       ?Close@CRegKey@ATL@@QAEJXZ 10009410 f i EventFiringObject.obj
 0001:00008470       ?Create@CRegKey@ATL@@QAEJPAUHKEY__@@PBDPADKKPAU_SECURITY_ATTRIBUTES@@PAK@Z 10009470 f i EventFiringObject.obj
 0001:00008570       ?Open@CRegKey@ATL@@QAEJPAUHKEY__@@PBDK@Z 10009570 f i EventFiringObject.obj
 0001:00008670       ?RecurseDeleteKey@CRegKey@ATL@@QAEJPBD@Z 10009670 f i EventFiringObject.obj
 0001:00008840       ?AddValue@CRegParser@ATL@@IAEJAAVCRegKey@2@PBDPAD@Z 10009840 f i EventFiringObject.obj
 0001:000091f0       ?SetDWORDValue@CRegKey@ATL@@QAEJPBDK@Z 1000a1f0 f i EventFiringObject.obj
 0001:00009260       ?SetStringValue@CRegKey@ATL@@QAEJPBD0K@Z 1000a260 f i EventFiringObject.obj
 0001:00009370       ?SetMultiStringValue@CRegKey@ATL@@QAEJPBD0@Z 1000a370 f i EventFiringObject.obj
 0001:00009480       ?VTFromRegType@CRegParser@ATL@@KAHPBDAAG@Z 1000a480 f i EventFiringObject.obj
 0001:00009560       ?ChToByte@CRegParser@ATL@@KAED@Z 1000a560 f i EventFiringObject.obj
 0001:00009670       ?CanForceRemoveKey@CRegParser@ATL@@IAEHPBD@Z 1000a670 f i EventFiringObject.obj
 0001:000096e0       ?HasSubKeys@CRegParser@ATL@@IAEHPAUHKEY__@@@Z 1000a6e0 f i EventFiringObject.obj
 0001:000097e0       ?SkipAssignment@CRegParser@ATL@@IAEJPAD@Z 1000a7e0 f i EventFiringObject.obj
 0001:000098c0       ??0CRegObject@ATL@@QAE@XZ  1000a8c0 f i EventFiringObject.obj
 0001:00009900       ??0IRegistrarBase@@QAE@XZ  1000a900 f i EventFiringObject.obj
 0001:00009930       ??0CExpansionVector@ATL@@QAE@XZ 1000a930 f i EventFiringObject.obj
 0001:00009960       ?Init@CComModule@ATL@@QAEJPAU_ATL_OBJMAP_ENTRY30@2@PAUHINSTANCE__@@PBU_GUID@@@Z 1000a960 f i EventFiringObject.obj
 0001:00009a50       ?Term@CComModule@ATL@@QAEXXZ 1000aa50 f i EventFiringObject.obj
 0001:00009b40       ?Term@CAtlWinModule@ATL@@QAEXXZ 1000ab40 f i EventFiringObject.obj
 0001:00009b70       ?Term@CAtlModule@ATL@@QAEXXZ 1000ab70 f i EventFiringObject.obj
 0001:00009c20       ?Term@CComCriticalSection@ATL@@QAEJXZ 1000ac20 f i EventFiringObject.obj
 0001:00009c60       ?AtlWinModuleTerm@ATL@@YGJPAU_ATL_WIN_MODULE70@1@PAUHINSTANCE__@@@Z 1000ac60 f i EventFiringObject.obj
 0001:00009d20       ?GetClassObject@CComModule@ATL@@QAEJABU_GUID@@0PAPAX@Z 1000ad20 f i EventFiringObject.obj
 0001:00009f20       ?RegisterServer@CComModule@ATL@@QAEJHPBU_GUID@@@Z 1000af20 f i EventFiringObject.obj
 0001:0000a000       _IsEqualGUID               1000b000 f i EventFiringObject.obj
 0001:0000a030       ?AtlRegisterClassCategoriesHelper@ATL@@YGJABU_GUID@@PBU_ATL_CATMAP_ENTRY@1@H@Z 1000b030 f i EventFiringObject.obj
 0001:0000a7d0       ?strcpy_s@Checked@ATL@@YAXPADIPBD@Z 1000b7d0 f i EventFiringObject.obj
 0001:0000a800       ?strcat_s@Checked@ATL@@YAXPADIPBD@Z 1000b800 f i EventFiringObject.obj
 0001:0000a830       ??0CRegKey@ATL@@QAE@PAUHKEY__@@@Z 1000b830 f i EventFiringObject.obj
 0001:0000a850       ??1?$CComPtr@UICatRegister@@@ATL@@QAE@XZ 1000b850 f i EventFiringObject.obj
 0001:0000a880       ?UnregisterServer@CComModule@ATL@@QAEJHPBU_GUID@@@Z 1000b880 f i EventFiringObject.obj
 0001:0000a960       ??0CComObjectRootBase@ATL@@QAE@XZ 1000b960 f i EventFiringObject.obj
 0001:0000a980       ??1CComObjectRootBase@ATL@@QAE@XZ 1000b980 f i EventFiringObject.obj
 0001:0000a9a0       ?FinalConstruct@CComObjectRootBase@ATL@@QAEJXZ 1000b9a0 f i EventFiringObject.obj
 0001:0000a9c0       ?_AtlFinalConstruct@CComObjectRootBase@ATL@@QAEJXZ 1000b9c0 f i EventFiringObject.obj
 0001:0000a9e0       ?FinalRelease@CComObjectRootBase@ATL@@QAEXXZ 1000b9e0 f i EventFiringObject.obj
 0001:0000aa00       ?GetCategoryMap@CComObjectRootBase@ATL@@SAPBU_ATL_CATMAP_ENTRY@2@XZ 1000ba00 f i EventFiringObject.obj
 0001:0000aa10       ?InternalQueryInterface@CComObjectRootBase@ATL@@SGJPAXPBU_ATL_INTMAP_ENTRY@2@ABU_GUID@@PAPAX@Z 1000ba10 f i EventFiringObject.obj
 0001:0000aac0       ?OuterAddRef@CComObjectRootBase@ATL@@QAEKXZ 1000bac0 f i EventFiringObject.obj
 0001:0000ab00       ?OuterRelease@CComObjectRootBase@ATL@@QAEKXZ 1000bb00 f i EventFiringObject.obj
 0001:0000ab40       ?OuterQueryInterface@CComObjectRootBase@ATL@@QAEJABU_GUID@@PAPAX@Z 1000bb40 f i EventFiringObject.obj
 0001:0000ab90       ?SetVoid@CComObjectRootBase@ATL@@QAEXPAX@Z 1000bb90 f i EventFiringObject.obj
 0001:0000abb0       ?InternalFinalConstructAddRef@CComObjectRootBase@ATL@@QAEXXZ 1000bbb0 f i EventFiringObject.obj
 0001:0000abd0       ?InternalFinalConstructRelease@CComObjectRootBase@ATL@@QAEXXZ 1000bbd0 f i EventFiringObject.obj
 0001:0000ac20       ?ObjectMain@CComObjectRootBase@ATL@@SGX_N@Z 1000bc20 f i EventFiringObject.obj
 0001:0000ac30       ??1?$CComObjectRootEx@VCComSingleThreadModel@ATL@@@ATL@@QAE@XZ 1000bc30 f i EventFiringObject.obj
 0001:0000ac60       ?InternalAddRef@?$CComObjectRootEx@VCComSingleThreadModel@ATL@@@ATL@@QAEKXZ 1000bc60 f i EventFiringObject.obj
 0001:0000acc0       ?Increment@CComSingleThreadModel@ATL@@SGKPAJ@Z 1000bcc0 f i EventFiringObject.obj
 0001:0000ace0       ?InternalRelease@?$CComObjectRootEx@VCComSingleThreadModel@ATL@@@ATL@@QAEKXZ 1000bce0 f i EventFiringObject.obj
 0001:0000ad50       ?Decrement@CComSingleThreadModel@ATL@@SGKPAJ@Z 1000bd50 f i EventFiringObject.obj
 0001:0000ad70       ?_AtlInitialConstruct@?$CComObjectRootEx@VCComSingleThreadModel@ATL@@@ATL@@QAEJXZ 1000bd70 f i EventFiringObject.obj
 0001:0000ad90       ?Lock@?$CComObjectRootEx@VCComSingleThreadModel@ATL@@@ATL@@QAEXXZ 1000bd90 f i EventFiringObject.obj
 0001:0000adb0       ?Unlock@?$CComObjectRootEx@VCComSingleThreadModel@ATL@@@ATL@@QAEXXZ 1000bdb0 f i EventFiringObject.obj
 0001:0000add0       ?_InternalQueryInterface@CComClassFactory@ATL@@QAEJABU_GUID@@PAPAX@Z 1000bdd0 f i EventFiringObject.obj
 0001:0000ae10       ?_GetEntries@CComClassFactory@ATL@@SGPBU_ATL_INTMAP_ENTRY@2@XZ 1000be10 f i EventFiringObject.obj
 0001:0000ae20       ??1CComClassFactory@ATL@@QAE@XZ 1000be20 f i EventFiringObject.obj
 0001:0000ae70       ?CreateInstance@CComClassFactory@ATL@@UAGJPAUIUnknown@@ABU_GUID@@PAPAX@Z 1000be70 f i EventFiringObject.obj
 0001:0000af50       ?LockServer@CComClassFactory@ATL@@UAGJH@Z 1000bf50 f i EventFiringObject.obj
 0001:0000afb0       ?SetVoid@CComClassFactory@ATL@@QAEXPAX@Z 1000bfb0 f i EventFiringObject.obj
 0001:0000afd0       ?GetTypeInfo@CComTypeInfoHolder@ATL@@QAEJIKPAPAUITypeInfo@@@Z 1000bfd0 f i EventFiringObject.obj
 0001:0000b000       ?GetTI@CComTypeInfoHolder@ATL@@QAEJKPAPAUITypeInfo@@@Z 1000c000 f i EventFiringObject.obj
 0001:0000b0c0       ?GetIDsOfNames@CComTypeInfoHolder@ATL@@QAEJABU_GUID@@PAPA_WIKPAJ@Z 1000c0c0 f i EventFiringObject.obj
 0001:0000b200       ??BCComBSTR@ATL@@QBEPA_WXZ 1000c200 f i EventFiringObject.obj
 0001:0000b220       ?EnsureTI@CComTypeInfoHolder@ATL@@QAEJK@Z 1000c220 f i EventFiringObject.obj
 0001:0000b280       ?Invoke@CComTypeInfoHolder@ATL@@QAEJPAUIDispatch@@JABU_GUID@@KGPAUtagDISPPARAMS@@PAUtagVARIANT@@PAUtagEXCEPINFO@@PAI@Z 1000c280 f i EventFiringObject.obj
 0001:0000b310       ??_Estringdispid@CComTypeInfoHolder@ATL@@QAEPAXI@Z 1000c310 f i EventFiringObject.obj
 0001:0000b390       ??1stringdispid@CComTypeInfoHolder@ATL@@QAE@XZ 1000c390 f i EventFiringObject.obj
 0001:0000b3c0       ??1CComBSTR@ATL@@QAE@XZ    1000c3c0 f i EventFiringObject.obj
 0001:0000b400       ?GetTI@CComTypeInfoHolder@ATL@@QAEJK@Z 1000c400 f i EventFiringObject.obj
 0001:0000bf40       ?AddTermFunc@CAtlModule@ATL@@QAEJP6GXK@ZK@Z 1000cf40 f i EventFiringObject.obj
 0001:0000bf90       ??1?$CComPtr@UITypeLib@@@ATL@@QAE@XZ 1000cf90 f i EventFiringObject.obj
 0001:0000bfc0       ??1?$CComPtr@UITypeInfo@@@ATL@@QAE@XZ 1000cfc0 f i EventFiringObject.obj
 0001:0000bff0       ?LoadNameCache@CComTypeInfoHolder@ATL@@QAEJPAUITypeInfo@@@Z 1000cff0 f i EventFiringObject.obj
 0001:0000c2f0       ??0CComBSTR@ATL@@QAE@XZ    1000d2f0 f i EventFiringObject.obj
 0001:0000c310       ??ICComBSTR@ATL@@QAEPAPA_WXZ 1000d310 f i EventFiringObject.obj
 0001:0000c330       ?Attach@CComBSTR@ATL@@QAEXPA_W@Z 1000d330 f i EventFiringObject.obj
 0001:0000c380       ?Detach@CComBSTR@ATL@@QAEPA_WXZ 1000d380 f i EventFiringObject.obj
 0001:0000c3b0       ??0stringdispid@CComTypeInfoHolder@ATL@@QAE@XZ 1000d3b0 f i EventFiringObject.obj
 0001:0000c3f0       ?Cleanup@CComTypeInfoHolder@ATL@@SGXK@Z 1000d3f0 f i EventFiringObject.obj
 0001:0000c4c0       ??1?$CComPtr@UITypeInfo2@@@ATL@@QAE@XZ 1000d4c0 f i EventFiringObject.obj
 0001:0000c4f0       ?copy@?$_Copy@UtagCONNECTDATA@@@ATL@@SAJPAUtagCONNECTDATA@@PBU3@@Z 1000d4f0 f i EventFiringObject.obj
 0001:0000c5b0       ?init@?$_Copy@UtagCONNECTDATA@@@ATL@@SAXPAUtagCONNECTDATA@@@Z 1000d5b0 f i EventFiringObject.obj
 0001:0000c5c0       ?destroy@?$_Copy@UtagCONNECTDATA@@@ATL@@SAXPAUtagCONNECTDATA@@@Z 1000d5c0 f i EventFiringObject.obj
 0001:0000c600       ??0CComDynamicUnkArray@ATL@@QAE@XZ 1000d600 f i EventFiringObject.obj
 0001:0000c630       ??1CComDynamicUnkArray@ATL@@QAE@XZ 1000d630 f i EventFiringObject.obj
 0001:0000c670       ?GetCookie@CComDynamicUnkArray@ATL@@QAGKPAPAUIUnknown@@@Z 1000d670 f i EventFiringObject.obj
 0001:0000c720       ?GetUnknown@CComDynamicUnkArray@ATL@@QAGPAUIUnknown@@K@Z 1000d720 f i EventFiringObject.obj
 0001:0000c790       ?begin@CComDynamicUnkArray@ATL@@QAEPAPAUIUnknown@@XZ 1000d790 f i EventFiringObject.obj
 0001:0000c7b0       ?end@CComDynamicUnkArray@ATL@@QAEPAPAUIUnknown@@XZ 1000d7b0 f i EventFiringObject.obj
 0001:0000c7d0       ?GetAt@CComDynamicUnkArray@ATL@@QAEPAUIUnknown@@H@Z 1000d7d0 f i EventFiringObject.obj
 0001:0000c850       ?Add@CComDynamicUnkArray@ATL@@QAEKPAUIUnknown@@@Z 1000d850 f i EventFiringObject.obj
 0001:0000c9e0       ?Remove@CComDynamicUnkArray@ATL@@QAEHK@Z 1000d9e0 f i EventFiringObject.obj
 0001:0000ca90       ??0?$CAtlSafeAllocBufferManager@VCCRTAllocator@ATL@@@_ATL_SAFE_ALLOCA_IMPL@ATL@@QAE@XZ 1000da90 f i EventFiringObject.obj
 0001:0000cab0       ?Allocate@?$CAtlSafeAllocBufferManager@VCCRTAllocator@ATL@@@_ATL_SAFE_ALLOCA_IMPL@ATL@@QAEPAXK@Z 1000dab0 f i EventFiringObject.obj
 0001:0000cb20       ?Allocate@CCRTAllocator@ATL@@SAPAXI@Z 1000db20 f i EventFiringObject.obj
 0001:0000cb40       ??1?$CAtlSafeAllocBufferManager@VCCRTAllocator@ATL@@@_ATL_SAFE_ALLOCA_IMPL@ATL@@QAE@XZ 1000db40 f i EventFiringObject.obj
 0001:0000cb90       ?Free@CCRTAllocator@ATL@@SAXPAX@Z 1000db90 f i EventFiringObject.obj
 0001:0000cbb0       ??0?$CComPtr@UIUnknown@@@ATL@@QAE@XZ 1000dbb0 f i EventFiringObject.obj
 0001:0000cbe0       ??0?$CComPtr@UIUnknown@@@ATL@@QAE@PAUIUnknown@@@Z 1000dbe0 f i EventFiringObject.obj
 0001:0000cc10       ??1?$CComPtrBase@UIUnknown@@@ATL@@QAE@XZ 1000dc10 f i EventFiringObject.obj
 0001:0000cc60       ??B?$CComPtrBase@UIUnknown@@@ATL@@QBEPAUIUnknown@@XZ 1000dc60 f i EventFiringObject.obj
 0001:0000cc80       ??9?$CComPtrBase@UIUnknown@@@ATL@@QBE_NPAUIUnknown@@@Z 1000dc80 f i EventFiringObject.obj
 0001:0000ccc0       ?GetSize@?$CSimpleArray@GV?$CSimpleArrayEqualHelper@G@ATL@@@ATL@@QBEHXZ 1000dcc0 f i EventFiringObject.obj
 0001:0000cce0       ?RemoveAll@?$CSimpleArray@GV?$CSimpleArrayEqualHelper@G@ATL@@@ATL@@QAEXXZ 1000dce0 f i EventFiringObject.obj
 0001:0000cd60       ??A?$CSimpleArray@GV?$CSimpleArrayEqualHelper@G@ATL@@@ATL@@QAEAAGH@Z 1000dd60 f i EventFiringObject.obj
 0001:0000cde0       ?_AtlRaiseException@ATL@@YAXKK@Z 1000dde0 f i EventFiringObject.obj
 0001:0000ce10       ?RegisterServer@?$CAtlModuleT@VCComModule@ATL@@@ATL@@QAEJHPBU_GUID@@@Z 1000de10 f i EventFiringObject.obj
 0001:0000ce90       ?RegisterServer@CAtlComModule@ATL@@QAEJHPBU_GUID@@@Z 1000de90 f i EventFiringObject.obj
 0001:0000cec0       ?AtlComModuleRegisterServer@ATL@@YGJPAU_ATL_COM_MODULE70@1@HPBU_GUID@@@Z 1000dec0 f i EventFiringObject.obj
 0001:0000d010       ?AtlRegisterTypeLib@ATL@@YGJPAUHINSTANCE__@@PB_W@Z 1000e010 f i EventFiringObject.obj
 0001:0000d1e0       ?wcsncpy_s@Checked@ATL@@YAHPA_WIPB_WI@Z 1000e1e0 f i EventFiringObject.obj
 0001:0000d210       ?Length@CComBSTR@ATL@@QBEIXZ 1000e210 f i EventFiringObject.obj
 0001:0000d250       ?CharNextO@@YAPA_WPB_W@Z   1000e250 f i EventFiringObject.obj
 0001:0000d280       ?AtlLoadTypeLib@ATL@@YGJPAUHINSTANCE__@@PB_WPAPA_WPAPAUITypeLib@@@Z 1000e280 f i EventFiringObject.obj
 0001:0000d9f0       ?UnregisterServer@?$CAtlModuleT@VCComModule@ATL@@@ATL@@QAEJHPBU_GUID@@@Z 1000e9f0 f i EventFiringObject.obj
 0001:0000da60       ?UnregisterServer@CAtlComModule@ATL@@QAEJHPBU_GUID@@@Z 1000ea60 f i EventFiringObject.obj
 0001:0000da90       ?AtlComModuleUnregisterServer@ATL@@YGJPAU_ATL_COM_MODULE70@1@HPBU_GUID@@@Z 1000ea90 f i EventFiringObject.obj
 0001:0000dbc0       ?AtlUnRegisterTypeLib@ATL@@YGJPAUHINSTANCE__@@PB_W@Z 1000ebc0 f i EventFiringObject.obj
 0001:0000dd20       ??0?$CSimpleMap@PADPA_WVCExpansionVectorEqualHelper@ATL@@@ATL@@QAE@XZ 1000ed20 f i EventFiringObject.obj
 0001:0000dd60       ??1?$CSimpleMap@PADPA_WVCExpansionVectorEqualHelper@ATL@@@ATL@@QAE@XZ 1000ed60 f i EventFiringObject.obj
 0001:0000dd90       ?GetSize@?$CSimpleMap@PADPA_WVCExpansionVectorEqualHelper@ATL@@@ATL@@QBEHXZ 1000ed90 f i EventFiringObject.obj
 0001:0000ddb0       ?Add@?$CSimpleMap@PADPA_WVCExpansionVectorEqualHelper@ATL@@@ATL@@QAEHABQADABQA_W@Z 1000edb0 f i EventFiringObject.obj
 0001:0000de70       ?RemoveAll@?$CSimpleMap@PADPA_WVCExpansionVectorEqualHelper@ATL@@@ATL@@QAEXXZ 1000ee70 f i EventFiringObject.obj
 0001:0000df00       ?Lookup@?$CSimpleMap@PADPA_WVCExpansionVectorEqualHelper@ATL@@@ATL@@QBEPA_WABQAD@Z 1000ef00 f i EventFiringObject.obj
 0001:0000df50       ?GetKeyAt@?$CSimpleMap@PADPA_WVCExpansionVectorEqualHelper@ATL@@@ATL@@QBEAAPADH@Z 1000ef50 f i EventFiringObject.obj
 0001:0000dfd0       ?GetValueAt@?$CSimpleMap@PADPA_WVCExpansionVectorEqualHelper@ATL@@@ATL@@QBEAAPA_WH@Z 1000efd0 f i EventFiringObject.obj
 0001:0000e050       ??0?$CAutoVectorPtr@D@ATL@@QAE@XZ 1000f050 f i EventFiringObject.obj
 0001:0000e070       ??1?$CAutoVectorPtr@D@ATL@@QAE@XZ 1000f070 f i EventFiringObject.obj
 0001:0000e0a0       ?Attach@?$CAutoVectorPtr@D@ATL@@QAEXPAD@Z 1000f0a0 f i EventFiringObject.obj
 0001:0000e100       ?Detach@?$CAutoVectorPtr@D@ATL@@QAEPADXZ 1000f100 f i EventFiringObject.obj
 0001:0000e130       ??0?$CAutoVectorPtr@_W@ATL@@QAE@XZ 1000f130 f i EventFiringObject.obj
 0001:0000e150       ??1?$CAutoVectorPtr@_W@ATL@@QAE@XZ 1000f150 f i EventFiringObject.obj
 0001:0000e180       ?Attach@?$CAutoVectorPtr@_W@ATL@@QAEXPA_W@Z 1000f180 f i EventFiringObject.obj
 0001:0000e1e0       ?Detach@?$CAutoVectorPtr@_W@ATL@@QAEPA_WXZ 1000f1e0 f i EventFiringObject.obj
 0001:0000e210       ??0?$CTempBuffer@D$0EAA@VCCRTAllocator@ATL@@@ATL@@QAE@XZ 1000f210 f i EventFiringObject.obj
 0001:0000e230       ??1?$CTempBuffer@D$0EAA@VCCRTAllocator@ATL@@@ATL@@QAE@XZ 1000f230 f i EventFiringObject.obj
 0001:0000e270       ??B?$CTempBuffer@D$0EAA@VCCRTAllocator@ATL@@@ATL@@QBEPADXZ 1000f270 f i EventFiringObject.obj
 0001:0000e290       ?Allocate@?$CTempBuffer@D$0EAA@VCCRTAllocator@ATL@@@ATL@@QAEPADI@Z 1000f290 f i EventFiringObject.obj
 0001:0000e2d0       ??0?$CTempBuffer@D$0BAA@VCCRTAllocator@ATL@@@ATL@@QAE@XZ 1000f2d0 f i EventFiringObject.obj
 0001:0000e2f0       ??1?$CTempBuffer@D$0BAA@VCCRTAllocator@ATL@@@ATL@@QAE@XZ 1000f2f0 f i EventFiringObject.obj
 0001:0000e330       ??B?$CTempBuffer@D$0BAA@VCCRTAllocator@ATL@@@ATL@@QBEPADXZ 1000f330 f i EventFiringObject.obj
 0001:0000e350       ?Allocate@?$CTempBuffer@D$0BAA@VCCRTAllocator@ATL@@@ATL@@QAEPADI@Z 1000f350 f i EventFiringObject.obj
 0001:0000e390       ??0?$CTempBuffer@E$0BAA@VCCRTAllocator@ATL@@@ATL@@QAE@XZ 1000f390 f i EventFiringObject.obj
 0001:0000e3b0       ??1?$CTempBuffer@E$0BAA@VCCRTAllocator@ATL@@@ATL@@QAE@XZ 1000f3b0 f i EventFiringObject.obj
 0001:0000e3f0       ??B?$CTempBuffer@E$0BAA@VCCRTAllocator@ATL@@@ATL@@QBEPAEXZ 1000f3f0 f i EventFiringObject.obj
 0001:0000e410       ?Allocate@?$CTempBuffer@E$0BAA@VCCRTAllocator@ATL@@@ATL@@QAEPAEI@Z 1000f410 f i EventFiringObject.obj
 0001:0000e450       ??0?$CComPtr@UITypeLib@@@ATL@@QAE@XZ 1000f450 f i EventFiringObject.obj
 0001:0000e480       ??1?$CComPtrBase@UITypeLib@@@ATL@@QAE@XZ 1000f480 f i EventFiringObject.obj
 0001:0000e4d0       ??B?$CComPtrBase@UITypeLib@@@ATL@@QBEPAUITypeLib@@XZ 1000f4d0 f i EventFiringObject.obj
 0001:0000e4f0       ??I?$CComPtrBase@UITypeLib@@@ATL@@QAEPAPAUITypeLib@@XZ 1000f4f0 f i EventFiringObject.obj
 0001:0000e540       ??C?$CComPtrBase@UITypeLib@@@ATL@@QBEPAV?$_NoAddRefReleaseOnCComPtr@UITypeLib@@@1@XZ 1000f540 f i EventFiringObject.obj
 0001:0000e590       ??0?$CComPtr@UICatRegister@@@ATL@@QAE@XZ 1000f590 f i EventFiringObject.obj
 0001:0000e5c0       ??1?$CComPtrBase@UICatRegister@@@ATL@@QAE@XZ 1000f5c0 f i EventFiringObject.obj
 0001:0000e610       ??I?$CComPtrBase@UICatRegister@@@ATL@@QAEPAPAUICatRegister@@XZ 1000f610 f i EventFiringObject.obj
 0001:0000e660       ??C?$CComPtrBase@UICatRegister@@@ATL@@QBEPAV?$_NoAddRefReleaseOnCComPtr@UICatRegister@@@1@XZ 1000f660 f i EventFiringObject.obj
 0001:0000e6b0       ??0?$CComPtr@UITypeInfo@@@ATL@@QAE@XZ 1000f6b0 f i EventFiringObject.obj
 0001:0000e6e0       ??0?$CComPtr@UITypeInfo@@@ATL@@QAE@ABV01@@Z 1000f6e0 f i EventFiringObject.obj
 0001:0000e710       ??1?$CComPtrBase@UITypeInfo@@@ATL@@QAE@XZ 1000f710 f i EventFiringObject.obj
 0001:0000e760       ??I?$CComPtrBase@UITypeInfo@@@ATL@@QAEPAPAUITypeInfo@@XZ 1000f760 f i EventFiringObject.obj
 0001:0000e7b0       ??C?$CComPtrBase@UITypeInfo@@@ATL@@QBEPAV?$_NoAddRefReleaseOnCComPtr@UITypeInfo@@@1@XZ 1000f7b0 f i EventFiringObject.obj
 0001:0000e800       ?Detach@?$CComPtrBase@UITypeInfo@@@ATL@@QAEPAUITypeInfo@@XZ 1000f800 f i EventFiringObject.obj
 0001:0000e830       ??1?$CComObjectRootEx@VCComMultiThreadModel@ATL@@@ATL@@QAE@XZ 1000f830 f i EventFiringObject.obj
 0001:0000e860       ??0?$CComPtr@UITypeInfo2@@@ATL@@QAE@XZ 1000f860 f i EventFiringObject.obj
 0001:0000e890       ??1?$CComPtrBase@UITypeInfo2@@@ATL@@QAE@XZ 1000f890 f i EventFiringObject.obj
 0001:0000e8e0       ??I?$CComPtrBase@UITypeInfo2@@@ATL@@QAEPAPAUITypeInfo2@@XZ 1000f8e0 f i EventFiringObject.obj
 0001:0000e930       ??1CComAutoDeleteCriticalSection@ATL@@QAE@XZ 1000f930 f i EventFiringObject.obj
 0001:0000e960       ??1CComSafeDeleteCriticalSection@ATL@@QAE@XZ 1000f960 f i EventFiringObject.obj
 0001:0000e9a0       ??1CComCriticalSection@ATL@@QAE@XZ 1000f9a0 f i EventFiringObject.obj
 0001:0000e9c0       ??0?$CComPtrBase@UIUnknown@@@ATL@@IAE@XZ 1000f9c0 f i EventFiringObject.obj
 0001:0000e9e0       ??0?$CComPtrBase@UIUnknown@@@ATL@@IAE@PAUIUnknown@@@Z 1000f9e0 f i EventFiringObject.obj
 0001:0000ea30       ??8?$CComPtrBase@UIUnknown@@@ATL@@QBE_NPAUIUnknown@@@Z 1000fa30 f i EventFiringObject.obj
 0001:0000ea60       ?FindKey@?$CSimpleMap@PADPA_WVCExpansionVectorEqualHelper@ATL@@@ATL@@QBEHABQAD@Z 1000fa60 f i EventFiringObject.obj
 0001:0000ead0       ?IsEqualKey@CExpansionVectorEqualHelper@ATL@@SA_NQAD0@Z 1000fad0 f i EventFiringObject.obj
 0001:0000eb00       ?InternalSetAtIndex@?$CSimpleMap@PADPA_WVCExpansionVectorEqualHelper@ATL@@@ATL@@QAEXHABQADABQA_W@Z 1000fb00 f i EventFiringObject.obj
 0001:0000ec00       ?Free@?$CAutoVectorPtr@D@ATL@@QAEXXZ 1000fc00 f i EventFiringObject.obj
 0001:0000ec50       ?Free@?$CAutoVectorPtr@_W@ATL@@QAEXXZ 1000fc50 f i EventFiringObject.obj
 0001:0000eca0       ?AllocateBytes@?$CTempBuffer@D$0EAA@VCCRTAllocator@ATL@@@ATL@@QAEPADI@Z 1000fca0 f i EventFiringObject.obj
 0001:0000ed10       ?FreeHeap@?$CTempBuffer@D$0EAA@VCCRTAllocator@ATL@@@ATL@@AAEXXZ 1000fd10 f i EventFiringObject.obj
 0001:0000ed40       ?AllocateBytes@?$CTempBuffer@D$0BAA@VCCRTAllocator@ATL@@@ATL@@QAEPADI@Z 1000fd40 f i EventFiringObject.obj
 0001:0000edb0       ?FreeHeap@?$CTempBuffer@D$0BAA@VCCRTAllocator@ATL@@@ATL@@AAEXXZ 1000fdb0 f i EventFiringObject.obj
 0001:0000ede0       ?AllocateBytes@?$CTempBuffer@E$0BAA@VCCRTAllocator@ATL@@@ATL@@QAEPAEI@Z 1000fde0 f i EventFiringObject.obj
 0001:0000ee50       ?FreeHeap@?$CTempBuffer@E$0BAA@VCCRTAllocator@ATL@@@ATL@@AAEXXZ 1000fe50 f i EventFiringObject.obj
 0001:0000ee80       ??0?$CComPtrBase@UITypeLib@@@ATL@@IAE@XZ 1000fe80 f i EventFiringObject.obj
 0001:0000eea0       ??0?$CComPtrBase@UICatRegister@@@ATL@@IAE@XZ 1000fea0 f i EventFiringObject.obj
 0001:0000eec0       ??0?$CComPtrBase@UITypeInfo@@@ATL@@IAE@XZ 1000fec0 f i EventFiringObject.obj
 0001:0000eee0       ??0?$CComPtrBase@UITypeInfo@@@ATL@@IAE@PAUITypeInfo@@@Z 1000fee0 f i EventFiringObject.obj
 0001:0000ef30       ??0?$CComPtrBase@UITypeInfo2@@@ATL@@IAE@XZ 1000ff30 f i EventFiringObject.obj
 0001:0000ef50       ?GetData@CAtlSafeAllocBufferNode@?$CAtlSafeAllocBufferManager@VCCRTAllocator@ATL@@@_ATL_SAFE_ALLOCA_IMPL@ATL@@QAEPAXXZ 1000ff50 f i EventFiringObject.obj
 0001:0000ef70       ?AllocateHeap@?$CTempBuffer@D$0EAA@VCCRTAllocator@ATL@@@ATL@@AAEXI@Z 1000ff70 f i EventFiringObject.obj
 0001:0000efc0       ?AllocateHeap@?$CTempBuffer@D$0BAA@VCCRTAllocator@ATL@@@ATL@@AAEXI@Z 1000ffc0 f i EventFiringObject.obj
 0001:0000f010       ?AllocateHeap@?$CTempBuffer@E$0BAA@VCCRTAllocator@ATL@@@ATL@@AAEXI@Z 10010010 f i EventFiringObject.obj
 0001:0000f060       ??0?$Wrapper@PAD@?$CSimpleMap@PADPA_WVCExpansionVectorEqualHelper@ATL@@@ATL@@QAE@ABQAD@Z 10010060 f i EventFiringObject.obj
 0001:0000f090       ??0?$Wrapper@PA_W@?$CSimpleMap@PADPA_WVCExpansionVectorEqualHelper@ATL@@@ATL@@QAE@ABQA_W@Z 10010090 f i EventFiringObject.obj
 0001:0000f0c0       ??$AtlAdd@K@ATL@@YAJPAKKK@Z 100100c0 f i EventFiringObject.obj
 0001:0000f0f0       ??0?$CComCritSecLock@VCComCriticalSection@ATL@@@ATL@@QAE@AAVCComCriticalSection@1@_N@Z 100100f0 f i EventFiringObject.obj
 0001:0000f150       ??1?$CComCritSecLock@VCComCriticalSection@ATL@@@ATL@@QAE@XZ 10010150 f i EventFiringObject.obj
 0001:0000f180       ?Unlock@?$CComCritSecLock@VCComCriticalSection@ATL@@@ATL@@QAEXXZ 10010180 f i EventFiringObject.obj
 0001:0000f1e0       ?Unlock@CComCriticalSection@ATL@@QAEJXZ 100101e0 f i EventFiringObject.obj
 0001:0000f220       ?Lock@?$CComCritSecLock@VCComCriticalSection@ATL@@@ATL@@QAEJXZ 10010220 f i EventFiringObject.obj
 0001:0000f2a0       ?Lock@CComCriticalSection@ATL@@QAEJXZ 100102a0 f i EventFiringObject.obj
 0001:0000f2e0       ??$QueryInterface@UITypeInfo2@@@IUnknown@@QAGJPAPAUITypeInfo2@@@Z 100102e0 f i EventFiringObject.obj
 0001:0000f310       ??$?4UITypeInfo2@@@?$CComPtr@UITypeInfo@@@ATL@@QAEPAUITypeInfo@@ABV?$CComPtr@UITypeInfo2@@@1@@Z 10010310 f i EventFiringObject.obj
 0001:0000f370       ?IsEqualObject@?$CComPtrBase@UITypeInfo@@@ATL@@QAE_NPAUIUnknown@@@Z 10010370 f i EventFiringObject.obj
 0001:0000f4a0       ??B?$CComPtrBase@UITypeInfo2@@@ATL@@QBEPAUITypeInfo2@@XZ 100104a0 f i EventFiringObject.obj
 0001:0000f4c0       ??I?$CComPtrBase@UIUnknown@@@ATL@@QAEPAPAUIUnknown@@XZ 100104c0 f i EventFiringObject.obj
 0001:0000f510       ?AtlComQIPtrAssign@ATL@@YGPAUIUnknown@@PAPAU2@PAU2@ABU_GUID@@@Z 10010510 f i EventFiringObject.obj
 0001:0000f590       ??B?$CComPtrBase@UITypeInfo@@@ATL@@QBEPAUITypeInfo@@XZ 10010590 f i EventFiringObject.obj
 0001:0000f5b0       ??$AtlAddThrow@K@ATL@@YAKKK@Z 100105b0 f i EventFiringObject.obj
 0001:0000f630       ??$AtlMultiplyThrow@I@ATL@@YAIII@Z 10010630 f i EventFiringObject.obj
 0001:0000f6b0       ??$?2PAD@?$Wrapper@PAD@?$CSimpleMap@PADPA_WVCExpansionVectorEqualHelper@ATL@@@ATL@@SAPAXIPAPAD@Z 100106b0 f i EventFiringObject.obj
 0001:0000f6c0       ??$?3PAD@?$Wrapper@PAD@?$CSimpleMap@PADPA_WVCExpansionVectorEqualHelper@ATL@@@ATL@@SAXPAXPAPAD@Z 100106c0 f i EventFiringObject.obj
 0001:0000f6d0       ??$?2PA_W@?$Wrapper@PA_W@?$CSimpleMap@PADPA_WVCExpansionVectorEqualHelper@ATL@@@ATL@@SAPAXIPAPA_W@Z 100106d0 f i EventFiringObject.obj
 0001:0000f6e0       ??$?3PA_W@?$Wrapper@PA_W@?$CSimpleMap@PADPA_WVCExpansionVectorEqualHelper@ATL@@@ATL@@SAXPAXPAPA_W@Z 100106e0 f i EventFiringObject.obj
 0001:0000f6f0       ??0CComModule@ATL@@QAE@XZ  100106f0 f i EventFiringObject.obj
 0001:0000f760       ?Lock@CAtlModule@ATL@@UAEJXZ 10010760 f i EventFiringObject.obj
 0001:0000f790       ?Unlock@CAtlModule@ATL@@UAEJXZ 10010790 f i EventFiringObject.obj
 0001:0000f7c0       ?GetGITPtr@CAtlModule@ATL@@UAEJPAPAUIGlobalInterfaceTable@@@Z 100107c0 f i EventFiringObject.obj
 0001:0000f8c0       ?UpdateRegistryFromResourceD@CComModule@ATL@@UAGJPBDHPAU_ATL_REGMAP_ENTRY@2@@Z 100108c0 f i EventFiringObject.obj
 0001:0000f8d0       ?UpdateRegistryFromResourceD@CComModule@ATL@@UAGJIHPAU_ATL_REGMAP_ENTRY@2@@Z 100108d0 f i EventFiringObject.obj
 0001:0000f8e0       ?UpdateRegistryFromResourceS@CComModule@ATL@@UAGJPBDHPAU_ATL_REGMAP_ENTRY@2@@Z 100108e0 f i EventFiringObject.obj
 0001:0000f910       ??_ECComModule@ATL@@UAEPAXI@Z 10010910 f i EventFiringObject.obj
 0001:0000f910       ??_GCComModule@ATL@@UAEPAXI@Z 10010910 f i EventFiringObject.obj
 0001:0000f950       ??1CComModule@ATL@@UAE@XZ  10010950 f i EventFiringObject.obj
 0001:0000f980       ??1?$CAtlModuleT@VCComModule@ATL@@@ATL@@UAE@XZ 10010980 f i EventFiringObject.obj
 0001:0000f9b0       ??1CAtlModule@ATL@@UAE@XZ  100109b0 f i EventFiringObject.obj
 0001:0000fa00       ??1_ATL_MODULE70@ATL@@QAE@XZ 10010a00 f i EventFiringObject.obj
 0001:0000fa30       ?UpdateRegistryFromResourceS@CAtlModule@ATL@@QAGJPBDHPAU_ATL_REGMAP_ENTRY@2@@Z 10010a30 f i EventFiringObject.obj
 0001:00010140       ?ResourceRegisterSz@CRegObject@ATL@@QAGJPB_W00@Z 10011140 f i EventFiringObject.obj
 0001:00010460       ?ResourceUnregisterSz@CRegObject@ATL@@QAGJPB_W00@Z 10011460 f i EventFiringObject.obj
 0001:00010780       ??0?$CAtlModuleT@VCComModule@ATL@@@ATL@@QAE@XZ 10011780 f i EventFiringObject.obj
 0001:000107b0       ??0CAtlModule@ATL@@QAE@XZ  100117b0 f i EventFiringObject.obj
 0001:000108c0       ??0_ATL_MODULE70@ATL@@QAE@XZ 100118c0 f i EventFiringObject.obj
 0001:000108f0       ?AddCommonRGSReplacements@?$CAtlModuleT@VCComModule@ATL@@@ATL@@UAEJPAUIRegistrarBase@@@Z 100118f0 f i EventFiringObject.obj
 0001:00010940       ?InitLibId@?$CAtlModuleT@VCComModule@ATL@@@ATL@@SAXXZ 10011940 f i EventFiringObject.obj
 0001:00010950       ?GetAppId@?$CAtlModuleT@VCComModule@ATL@@@ATL@@SAPB_WXZ 10011950 f i EventFiringObject.obj
 0001:00010960       ?InterfaceSupportsErrorInfo@CEventFiringObject@@UAGJABU_GUID@@@Z 10011960 f   EventFiringObject_Impl.obj
 0001:000109c0       ?TestFunction@CEventFiringObject@@UAGJJ@Z 100119c0 f   EventFiringObject_Impl.obj
 0001:000109e0       ?Fire_Event1@?$CProxy_IEventFiringObjectEvents@VCEventFiringObject@@@@QAEJJ@Z 100119e0 f i EventFiringObject_Impl.obj
 0001:00010c30       ??_ECComVariant@ATL@@QAEPAXI@Z 10011c30 f i EventFiringObject_Impl.obj
 0001:00010cb0       ??0CComVariant@ATL@@QAE@XZ 10011cb0 f i EventFiringObject_Impl.obj
 0001:00010cf0       ??1CComVariant@ATL@@QAE@XZ 10011cf0 f i EventFiringObject_Impl.obj
 0001:00010d20       ??4CComVariant@ATL@@QAEAAV01@J@Z 10011d20 f i EventFiringObject_Impl.obj
 0001:00010d70       ?Clear@CComVariant@ATL@@QAEJXZ 10011d70 f i EventFiringObject_Impl.obj
 0001:00010db0       ?GetSize@CComDynamicUnkArray@ATL@@QBEHXZ 10011db0 f i EventFiringObject_Impl.obj
 0001:00010dd0       ??0Thank_you@Define_the_symbol__ATL_MIXED@@QAE@XZ 10011dd0 f i StdAfx.obj
 0001:00010df0       ?one@Thank_you@Define_the_symbol__ATL_MIXED@@UAEXXZ 10011df0 f i StdAfx.obj
 0001:00010e02       _DisableThreadLibraryCalls@4 10011e02 f   kernel32:KERNEL32.dll
 0001:00010e08       _InitializeCriticalSection@4 10011e08 f   kernel32:KERNEL32.dll
 0001:00010e0e       _InterlockedIncrement@4    10011e0e f   kernel32:KERNEL32.dll
 0001:00010e14       _InterlockedDecrement@4    10011e14 f   kernel32:KERNEL32.dll
 0001:00010e1a       _GetModuleHandleA@4        10011e1a f   kernel32:KERNEL32.dll
 0001:00010e20       _lstrlenA@4                10011e20 f   kernel32:KERNEL32.dll
 0001:00010e26       _GetModuleFileNameA@12     10011e26 f   kernel32:KERNEL32.dll
 0001:00010e2c       _MultiByteToWideChar@24    10011e2c f   kernel32:KERNEL32.dll
 0001:00010e32       _lstrlenW@4                10011e32 f   kernel32:KERNEL32.dll
 0001:00010e38       _GetLastError@0            10011e38 f   kernel32:KERNEL32.dll
 0001:00010e3e       _WideCharToMultiByte@32    10011e3e f   kernel32:KERNEL32.dll
 0001:00010e44       _FreeLibrary@4             10011e44 f   kernel32:KERNEL32.dll
 0001:00010e4a       _SizeofResource@8          10011e4a f   kernel32:KERNEL32.dll
 0001:00010e50       _LoadResource@8            10011e50 f   kernel32:KERNEL32.dll
 0001:00010e56       _FindResourceA@12          10011e56 f   kernel32:KERNEL32.dll
 0001:00010e5c       _LoadLibraryExA@12         10011e5c f   kernel32:KERNEL32.dll
 0001:00010e62       _lstrcmpiA@8               10011e62 f   kernel32:KERNEL32.dll
 0001:00010e68       _IsDBCSLeadByte@4          10011e68 f   kernel32:KERNEL32.dll
 0001:00010e6e       _DeleteCriticalSection@4   10011e6e f   kernel32:KERNEL32.dll
 0001:00010e74       _RaiseException@16         10011e74 f   kernel32:KERNEL32.dll
 0001:00010e7a       _LeaveCriticalSection@4    10011e7a f   kernel32:KERNEL32.dll
 0001:00010e80       _EnterCriticalSection@4    10011e80 f   kernel32:KERNEL32.dll
 0001:00010e86       _CharNextA@4               10011e86 f   user32:USER32.dll
 0001:00010e8c       _UnregisterClassA@8        10011e8c f   user32:USER32.dll
 0001:00010e92       _RegDeleteKeyA@8           10011e92 f   advapi32:ADVAPI32.dll
 0001:00010e98       _RegDeleteValueA@8         10011e98 f   advapi32:ADVAPI32.dll
 0001:00010e9e       _RegCloseKey@4             10011e9e f   advapi32:ADVAPI32.dll
 0001:00010ea4       _RegCreateKeyExA@36        10011ea4 f   advapi32:ADVAPI32.dll
 0001:00010eaa       _RegOpenKeyExA@20          10011eaa f   advapi32:ADVAPI32.dll
 0001:00010eb0       _RegEnumKeyExA@32          10011eb0 f   advapi32:ADVAPI32.dll
 0001:00010eb6       _RegSetValueExA@24         10011eb6 f   advapi32:ADVAPI32.dll
 0001:00010ebc       _RegQueryInfoKeyA@48       10011ebc f   advapi32:ADVAPI32.dll
 0001:00010ec2       _CoTaskMemFree@4           10011ec2 f   ole32:ole32.dll
 0001:00010ec8       _CoTaskMemAlloc@4          10011ec8 f   ole32:ole32.dll
 0001:00010ece       _CoTaskMemRealloc@8        10011ece f   ole32:ole32.dll
 0001:00010ed4       _StringFromGUID2@12        10011ed4 f   ole32:ole32.dll
 0001:00010eda       _CoCreateInstance@20       10011eda f   ole32:ole32.dll
 0001:00010ee0       _VarUI4FromStr@16          10011ee0 f   oleaut32:OLEAUT32.dll
 0001:00010ee6       _SysFreeString@4           10011ee6 f   oleaut32:OLEAUT32.dll
 0001:00010eec       _LoadRegTypeLib@20         10011eec f   oleaut32:OLEAUT32.dll
 0001:00010ef2       _LoadTypeLib@8             10011ef2 f   oleaut32:OLEAUT32.dll
 0001:00010ef8       _SysStringLen@4            10011ef8 f   oleaut32:OLEAUT32.dll
 0001:00010efe       _RegisterTypeLib@12        10011efe f   oleaut32:OLEAUT32.dll
 0001:00010f04       _SysAllocString@4          10011f04 f   oleaut32:OLEAUT32.dll
 0001:00010f0a       _UnRegisterTypeLib@20      10011f0a f   oleaut32:OLEAUT32.dll
 0001:00010f10       _VariantClear@4            10011f10 f   oleaut32:OLEAUT32.dll
 0001:00010f16       _VariantInit@4             10011f16 f   oleaut32:OLEAUT32.dll
 0001:00010f20       ?_AtlGetThreadACPThunk@ATL@@YGIXZ 10011f20 f i atlsd:atltrace.obj
 0001:00010fa0       ?InterlockedExchangePointer@@YGPAXPAPAXPAX@Z 10011fa0 f i atlsd:atltrace.obj
 0001:00010fc0       ?_AtlGetThreadACPFake@ATL@@YGIXZ 10011fc0 f i atlsd:atltrace.obj
 0001:00011050       ?_AtlGetThreadACPReal@ATL@@YGIXZ 10012050 f i atlsd:atltrace.obj
 0001:00011060       ??0CTraceCategory@ATL@@QAE@PBDI@Z 10012060 f i atlsd:atltrace.obj
 0001:000110b0       ?ChangeCategory@CTrace@ATL@@QAE_NKIW4ATLTRACESTATUS@2@@Z 100120b0 f i atlsd:atltrace.obj
 0001:000110e0       ?RegisterCategory@CTrace@ATL@@QAEKPBD@Z 100120e0 f i atlsd:atltrace.obj
 0001:00011100       ??0CAtlAllocator@@QAE@XZ   10012100 f i atlsd:Externs.obj
 0001:00011150       ??0CTraceSnapshot@@QAE@XZ  10012150 f i atlsd:Externs.obj
 0001:00011180       ??0?$CSimpleArray@UCModuleInfo@CTraceSnapshot@@V?$CSimpleArrayEqualHelper@UCModuleInfo@CTraceSnapshot@@@ATL@@@ATL@@QAE@XZ 10012180 f i atlsd:Externs.obj
 0001:000111b0       ??0?$CSimpleArray@KV?$CSimpleArrayEqualHelper@K@ATL@@@ATL@@QAE@XZ 100121b0 f i atlsd:Externs.obj
 0001:00011300       ??0CTrace@ATL@@AAE@P6AHHPBDH00ZZ@Z 10012300 f i atlsd:Externs.obj
 0001:00011340       ??1CAtlAllocator@@QAE@XZ   10012340 f i atlsd:Externs.obj
 0001:00011360       ??1CTraceSnapshot@@QAE@XZ  10012360 f i atlsd:Externs.obj
 0001:00011380       ??1?$CSimpleArray@UCModuleInfo@CTraceSnapshot@@V?$CSimpleArrayEqualHelper@UCModuleInfo@CTraceSnapshot@@@ATL@@@ATL@@QAE@XZ 10012380 f i atlsd:Externs.obj
 0001:000113a0       ??1?$CSimpleArray@KV?$CSimpleArrayEqualHelper@K@ATL@@@ATL@@QAE@XZ 100123a0 f i atlsd:Externs.obj
 0001:000113c0       ?RemoveAll@?$CSimpleArray@UCModuleInfo@CTraceSnapshot@@V?$CSimpleArrayEqualHelper@UCModuleInfo@CTraceSnapshot@@@ATL@@@ATL@@QAEXXZ 100123c0 f i atlsd:Externs.obj
 0001:00011420       ?RemoveAll@?$CSimpleArray@KV?$CSimpleArrayEqualHelper@K@ATL@@@ATL@@QAEXXZ 10012420 f i atlsd:Externs.obj
 0001:00011480       ??1CTrace@ATL@@AAE@XZ      10012480 f i atlsd:Externs.obj
 0001:000114a0       ?NotifyTool@ATL@@YGXXZ     100124a0 f   atlsd:AtlDebugAPI.obj
 0001:000114e0       _AtlTraceRegister@8        100124e0 f   atlsd:AtlDebugAPI.obj
 0001:00011550       _AtlTraceUnregister@4      10012550 f   atlsd:AtlDebugAPI.obj
 0001:00011580       _AtlTraceRegisterCategoryA@8 10012580 f   atlsd:AtlDebugAPI.obj
 0001:000115d0       _AtlTraceRegisterCategoryU@8 100125d0 f   atlsd:AtlDebugAPI.obj
 0001:00011610       _AtlTraceModifyProcess@20  10012610 f   atlsd:AtlDebugAPI.obj
 0001:000116b0       _AtlTraceModifyModule@16   100126b0 f   atlsd:AtlDebugAPI.obj
 0001:00011790       _AtlTraceModifyCategory@16 10012790 f   atlsd:AtlDebugAPI.obj
 0001:00011840       _AtlTraceGetProcess@20     10012840 f   atlsd:AtlDebugAPI.obj
 0001:00011910       _AtlTraceGetModule@16      10012910 f   atlsd:AtlDebugAPI.obj
 0001:00011a20       _AtlTraceGetCategory@16    10012a20 f   atlsd:AtlDebugAPI.obj
 0001:00011b00       _AtlTraceGetUpdateEventNameA@4 10012b00 f   atlsd:AtlDebugAPI.obj
 0001:00011b30       _AtlTraceGetUpdateEventNameA_s@8 10012b30 f   atlsd:AtlDebugAPI.obj
 0001:00011b60       _AtlTraceGetUpdateEventNameU@4 10012b60 f   atlsd:AtlDebugAPI.obj
 0001:00011bb0       _AtlTraceGetUpdateEventNameU_s@8 10012bb0 f   atlsd:AtlDebugAPI.obj
 0001:00011c10       _AtlTraceVA                10012c10 f   atlsd:AtlDebugAPI.obj
 0001:00011f30       _AtlTraceVU                10012f30 f   atlsd:AtlDebugAPI.obj
 0001:00012280       _AtlTraceOpenProcess@4     10013280 f   atlsd:AtlDebugAPI.obj
 0001:00012370       _AtlTraceCloseProcess@4    10013370 f   atlsd:AtlDebugAPI.obj
 0001:00012400       _AtlTraceSnapshotProcess@4 10013400 f   atlsd:AtlDebugAPI.obj
 0001:00012470       _AtlTraceGetProcessInfo@8  10013470 f   atlsd:AtlDebugAPI.obj
 0001:00012610       _AtlTraceGetModuleInfo@12  10013610 f   atlsd:AtlDebugAPI.obj
 0001:000127a0       _AtlTraceGetCategoryInfo@16 100137a0 f   atlsd:AtlDebugAPI.obj
 0001:00012b20       ?GetProcess@CAtlAllocator@@QBEPAVCAtlTraceProcess@@XZ 10013b20 f i atlsd:AtlDebugAPI.obj
 0001:00012b40       ?Name@CAtlTraceCategory@@QBEPB_WXZ 10013b40 f i atlsd:AtlDebugAPI.obj
 0001:00012b60       ??_GCAtlAllocator@@QAEPAXI@Z 10013b60 f i atlsd:AtlDebugAPI.obj
 0001:00012b90       ?Path@CAtlTraceModuleInfo@@QBEPB_WXZ 10013b90 f i atlsd:AtlDebugAPI.obj
 0001:00012bb0       ?Name@CAtlTraceModuleInfo@@QBEPB_WXZ 10013bb0 f i atlsd:AtlDebugAPI.obj
 0001:00012bd0       ?Id@CAtlTraceProcess@@QBEKXZ 10013bd0 f i atlsd:AtlDebugAPI.obj
 0001:00012bf0       ?CrtDbgReport@CAtlTraceModule@@QBEP6AHHPBDH00ZZXZ 10013bf0 f i atlsd:AtlDebugAPI.obj
 0001:00012c10       ?GetSize@?$CSimpleArray@UCModuleInfo@CTraceSnapshot@@V?$CSimpleArrayEqualHelper@UCModuleInfo@CTraceSnapshot@@@ATL@@@ATL@@QBEHXZ 10013c10 f i atlsd:AtlDebugAPI.obj
 0001:00012c30       ??A?$CSimpleArray@UCModuleInfo@CTraceSnapshot@@V?$CSimpleArrayEqualHelper@UCModuleInfo@CTraceSnapshot@@@ATL@@@ATL@@QAEAAUCModuleInfo@CTraceSnapshot@@H@Z 10013c30 f i atlsd:AtlDebugAPI.obj
 0001:00012ca0       ?wcscpy_s@Checked@ATL@@YAXPA_WIPB_W@Z 10013ca0 f i atlsd:AtlDebugAPI.obj
 0001:00012cd0       ??0?$CA2WEX@$0IA@@ATL@@QAE@PBD@Z 10013cd0 f i atlsd:AtlDebugAPI.obj
 0001:00012d00       ??1?$CA2WEX@$0IA@@ATL@@QAE@XZ 10013d00 f i atlsd:AtlDebugAPI.obj
 0001:00012d30       ??B?$CA2WEX@$0IA@@ATL@@QBEPA_WXZ 10013d30 f i atlsd:AtlDebugAPI.obj
 0001:00012d40       ?Init@?$CA2WEX@$0IA@@ATL@@AAEXPBDI@Z 10013d40 f i atlsd:AtlDebugAPI.obj
 0001:00012e40       ?AtlThrowLastWin32@ATL@@YGXXZ 10013e40 f i atlsd:AtlDebugAPI.obj
 0001:00012e90       ??$AtlConvFreeMemory@_W@ATL@@YAXPA_W0H@Z 10013e90 f i atlsd:AtlDebugAPI.obj
 0001:00012ed0       ??$AtlConvAllocMemory@_W@ATL@@YAXPAPA_WHPA_WH@Z 10013ed0 f i atlsd:AtlDebugAPI.obj
 0001:00013050       ??0CAtlBaseModule@ATL@@QAE@XZ 10014050 f   atlsd:atlbase.obj
 0001:000131c0       ??1CAtlBaseModule@ATL@@QAE@XZ 100141c0 f   atlsd:atlbase.obj
 0001:000131e0       ?AddResourceInstance@CAtlBaseModule@ATL@@QAE_NPAUHINSTANCE__@@@Z 100141e0 f   atlsd:atlbase.obj
 0001:00013290       ?RemoveResourceInstance@CAtlBaseModule@ATL@@QAE_NPAUHINSTANCE__@@@Z 10014290 f   atlsd:atlbase.obj
 0001:00013390       ?GetHInstanceAt@CAtlBaseModule@ATL@@QAEPAUHINSTANCE__@@H@Z 10014390 f   atlsd:atlbase.obj
 0001:00013490       ??0_ATL_BASE_MODULE70@ATL@@QAE@XZ 10014490 f i atlsd:atlbase.obj
 0001:000134c0       ??1_ATL_BASE_MODULE70@ATL@@QAE@XZ 100144c0 f i atlsd:atlbase.obj
 0001:000134f0       ??0?$CSimpleArray@PAUHINSTANCE__@@V?$CSimpleArrayEqualHelper@PAUHINSTANCE__@@@ATL@@@ATL@@QAE@XZ 100144f0 f i atlsd:atlbase.obj
 0001:00013520       ?GetSize@?$CSimpleArray@PAUHINSTANCE__@@V?$CSimpleArrayEqualHelper@PAUHINSTANCE__@@@ATL@@@ATL@@QBEHXZ 10014520 f i atlsd:atlbase.obj
 0001:00013540       ?Add@?$CSimpleArray@PAUHINSTANCE__@@V?$CSimpleArrayEqualHelper@PAUHINSTANCE__@@@ATL@@@ATL@@QAEHABQAUHINSTANCE__@@@Z 10014540 f i atlsd:atlbase.obj
 0001:000135f0       ?RemoveAt@?$CSimpleArray@PAUHINSTANCE__@@V?$CSimpleArrayEqualHelper@PAUHINSTANCE__@@@ATL@@@ATL@@QAEHH@Z 100145f0 f i atlsd:atlbase.obj
 0001:000136b0       ??A?$CSimpleArray@PAUHINSTANCE__@@V?$CSimpleArrayEqualHelper@PAUHINSTANCE__@@@ATL@@@ATL@@QAEAAPAUHINSTANCE__@@H@Z 100146b0 f i atlsd:atlbase.obj
 0001:00013720       ?InternalSetAtIndex@?$CSimpleArray@PAUHINSTANCE__@@V?$CSimpleArrayEqualHelper@PAUHINSTANCE__@@@ATL@@@ATL@@QAEXHABQAUHINSTANCE__@@@Z 10014720 f i atlsd:atlbase.obj
 0001:00013770       ??0Wrapper@?$CSimpleArray@PAUHINSTANCE__@@V?$CSimpleArrayEqualHelper@PAUHINSTANCE__@@@ATL@@@ATL@@QAE@ABQAUHINSTANCE__@@@Z 10014770 f i atlsd:atlbase.obj
 0001:00013790       ??1?$CSimpleArray@PAUHINSTANCE__@@V?$CSimpleArrayEqualHelper@PAUHINSTANCE__@@@ATL@@@ATL@@QAE@XZ 10014790 f i atlsd:atlbase.obj
 0001:000137b0       ??$?2PAUHINSTANCE__@@@Wrapper@?$CSimpleArray@PAUHINSTANCE__@@V?$CSimpleArrayEqualHelper@PAUHINSTANCE__@@@ATL@@@ATL@@SAPAXIPAPAUHINSTANCE__@@@Z 100147b0 f i atlsd:atlbase.obj
 0001:000137c0       ?RemoveAll@?$CSimpleArray@PAUHINSTANCE__@@V?$CSimpleArrayEqualHelper@PAUHINSTANCE__@@@ATL@@@ATL@@QAEXXZ 100147c0 f i atlsd:atlbase.obj
 0001:00013820       ?memmove_s@Checked@ATL@@YAXPAXIPBXI@Z 10014820 f i atlsd:atlbase.obj
 0001:00013850       ??0CAtlWinModule@ATL@@QAE@XZ 10014850 f i atlsd:atlbase.obj
 0001:000138c0       ??0_ATL_WIN_MODULE70@ATL@@QAE@XZ 100148c0 f i atlsd:atlbase.obj
 0001:000138f0       ??0?$CSimpleArray@GV?$CSimpleArrayEqualHelper@G@ATL@@@ATL@@QAE@XZ 100148f0 f i atlsd:atlbase.obj
 0001:00013920       ??1CAtlWinModule@ATL@@QAE@XZ 10014920 f i atlsd:atlbase.obj
 0001:00013940       ??1_ATL_WIN_MODULE70@ATL@@QAE@XZ 10014940 f i atlsd:atlbase.obj
 0001:00013970       ??1?$CSimpleArray@GV?$CSimpleArrayEqualHelper@G@ATL@@@ATL@@QAE@XZ 10014970 f i atlsd:atlbase.obj
 0001:00013990       ??0CAtlComModule@ATL@@QAE@XZ 10014990 f i atlsd:atlcommodule.obj
 0001:00013a50       ??0_ATL_COM_MODULE70@ATL@@QAE@XZ 10014a50 f i atlsd:atlcommodule.obj
 0001:00013a70       ??1CAtlComModule@ATL@@QAE@XZ 10014a70 f i atlsd:atlcommodule.obj
 0001:00013a90       ?Term@CAtlComModule@ATL@@QAEXXZ 10014a90 f i atlsd:atlcommodule.obj
 0001:00013b20       ??1_ATL_COM_MODULE70@ATL@@QAE@XZ 10014b20 f i atlsd:atlcommodule.obj
 0001:00013b40       ?AtlAdvise@ATL@@YGJPAUIUnknown@@0ABU_GUID@@PAK@Z 10014b40 f   atlsd:atlfuncs.obj
 0001:00013c00       ?AtlUnadvise@ATL@@YGJPAUIUnknown@@ABU_GUID@@K@Z 10014c00 f   atlsd:atlfuncs.obj
 0001:00013cc0       ?AtlFreeMarshalStream@ATL@@YGJPAUIStream@@@Z 10014cc0 f   atlsd:atlfuncs.obj
 0001:00013d20       ?AtlMarshalPtrInProc@ATL@@YGJPAUIUnknown@@ABU_GUID@@PAPAUIStream@@@Z 10014d20 f   atlsd:atlfuncs.obj
 0001:00013dc0       ?AtlUnmarshalPtr@ATL@@YGJPAUIStream@@ABU_GUID@@PAPAUIUnknown@@@Z 10014dc0 f   atlsd:atlfuncs.obj
 0001:00013e60       ?AtlComModuleGetClassObject@ATL@@YGJPAU_ATL_COM_MODULE70@1@ABU_GUID@@1PAPAX@Z 10014e60 f   atlsd:atlfuncs.obj
 0001:00014030       ?AtlComModuleRegisterClassObjects@ATL@@YGJPAU_ATL_COM_MODULE70@1@KK@Z 10015030 f   atlsd:atlfuncs.obj
 0001:000140c0       ?AtlComModuleRevokeClassObjects@ATL@@YGJPAU_ATL_COM_MODULE70@1@@Z 100150c0 f   atlsd:atlfuncs.obj
 0001:00014150       ?AtlWaitWithMessageLoop@ATL@@YGHPAX@Z 10015150 f   atlsd:atlfuncs.obj
 0001:00014240       ?AtlInternalQueryInterface@ATL@@YGJPAXPBU_ATL_INTMAP_ENTRY@1@ABU_GUID@@PAPAX@Z 10015240 f   atlsd:atlfuncs.obj
 0001:00014410       ?AtlGetVersion@ATL@@YGKPAX@Z 10015410 f   atlsd:atlfuncs.obj
 0001:00014420       ?AtlWinModuleAddCreateWndData@ATL@@YGXPAU_ATL_WIN_MODULE70@1@PAU_AtlCreateWndData@1@PAX@Z 10015420 f   atlsd:atlfuncs.obj
 0001:00014530       ?AtlWinModuleExtractCreateWndData@ATL@@YGPAXPAU_ATL_WIN_MODULE70@1@@Z 10015530 f   atlsd:atlfuncs.obj
 0001:00014650       ?AtlWinModuleInit@ATL@@YGJPAU_ATL_WIN_MODULE70@1@@Z 10015650 f   atlsd:atlfuncs.obj
 0001:000146f0       ?AtlModuleAddTermFunc@ATL@@YGJPAU_ATL_MODULE70@1@P6GXK@ZK@Z 100156f0 f   atlsd:atlfuncs.obj
 0001:00014800       ?AtlCallTermFunc@ATL@@YGXPAU_ATL_MODULE70@1@@Z 10015800 f   atlsd:atlfuncs.obj
 0001:00014870       _CComStdCallThunkHelper@0  10015870 f   atlsd:atlfuncs.obj
 0001:00014880       ??1?$CComPtr@UIConnectionPointContainer@@@ATL@@QAE@XZ 10015880 f i atlsd:atlfuncs.obj
 0001:000148a0       ??1?$CComPtr@UIConnectionPoint@@@ATL@@QAE@XZ 100158a0 f i atlsd:atlfuncs.obj
 0001:000148c0       ??0?$CComPtr@UIConnectionPointContainer@@@ATL@@QAE@XZ 100158c0 f i atlsd:atlfuncs.obj
 0001:000148e0       ??1?$CComPtrBase@UIConnectionPointContainer@@@ATL@@QAE@XZ 100158e0 f i atlsd:atlfuncs.obj
 0001:00014910       ??I?$CComPtrBase@UIConnectionPointContainer@@@ATL@@QAEPAPAUIConnectionPointContainer@@XZ 10015910 f i atlsd:atlfuncs.obj
 0001:00014950       ??C?$CComPtrBase@UIConnectionPointContainer@@@ATL@@QBEPAV?$_NoAddRefReleaseOnCComPtr@UIConnectionPointContainer@@@1@XZ 10015950 f i atlsd:atlfuncs.obj
 0001:00014990       ??0?$CComPtr@UIConnectionPoint@@@ATL@@QAE@XZ 10015990 f i atlsd:atlfuncs.obj
 0001:000149b0       ??1?$CComPtrBase@UIConnectionPoint@@@ATL@@QAE@XZ 100159b0 f i atlsd:atlfuncs.obj
 0001:000149e0       ??I?$CComPtrBase@UIConnectionPoint@@@ATL@@QAEPAPAUIConnectionPoint@@XZ 100159e0 f i atlsd:atlfuncs.obj
 0001:00014a20       ??C?$CComPtrBase@UIConnectionPoint@@@ATL@@QBEPAV?$_NoAddRefReleaseOnCComPtr@UIConnectionPoint@@@1@XZ 10015a20 f i atlsd:atlfuncs.obj
 0001:00014a60       ??0?$CComPtrBase@UIConnectionPointContainer@@@ATL@@IAE@XZ 10015a60 f i atlsd:atlfuncs.obj
 0001:00014a80       ??0?$CComPtrBase@UIConnectionPoint@@@ATL@@IAE@XZ 10015a80 f i atlsd:atlfuncs.obj
 0001:00014aa0       ?RevokeClassObject@_ATL_OBJMAP_ENTRY30@ATL@@QAGJXZ 10015aa0 f i atlsd:atlfuncs.obj
 0001:00014ad0       ?RegisterClassObject@_ATL_OBJMAP_ENTRY30@ATL@@QAGJKK@Z 10015ad0 f i atlsd:atlfuncs.obj
 0001:00014b50       ?Init@CAtlAllocator@@QAE_NPBDK@Z 10015b50 f   atlsd:Allocate.obj
 0001:00014e90       ?Open@CAtlAllocator@@QAE_NPBD@Z 10015e90 f   atlsd:Allocate.obj
 0001:00014fd0       ?Close@CAtlAllocator@@QAEX_N@Z 10015fd0 f   atlsd:Allocate.obj
 0001:00015040       ?GetModule@CAtlAllocator@@QBEPAVCAtlTraceModule@@H@Z 10016040 f   atlsd:Allocate.obj
 0001:000150c0       ?GetCategory@CAtlAllocator@@QBEPAVCAtlTraceCategory@@H@Z 100160c0 f   atlsd:Allocate.obj
 0001:00015160       ?GetCategoryCount@CAtlAllocator@@QBEHH@Z 10016160 f   atlsd:Allocate.obj
 0001:000151d0       ?GetCategoryCount@CAtlAllocator@@QBEHABVCAtlTraceModule@@@Z 100161d0 f   atlsd:Allocate.obj
 0001:00015230       ?GetModuleCount@CAtlAllocator@@QBEHXZ 10016230 f   atlsd:Allocate.obj
 0001:00015270       ?FindModule@CAtlAllocator@@QBE_NPB_WPAI@Z 10016270 f   atlsd:Allocate.obj
 0001:000152e0       ?AddModule@CAtlAllocator@@QAEHPAUHINSTANCE__@@@Z 100162e0 f   atlsd:Allocate.obj
 0001:000154a0       ?AddCategory@CAtlAllocator@@QAEHHPB_W@Z 100164a0 f   atlsd:Allocate.obj
 0001:000156c0       ?RemoveModule@CAtlAllocator@@QAE_NH@Z 100166c0 f   atlsd:Allocate.obj
 0001:00015760       ?CleanUp@CAtlAllocator@@QAEXXZ 10016760 f   atlsd:Allocate.obj
 0001:00015780       ?TakeSnapshot@CAtlAllocator@@QAEXXZ 10016780 f   atlsd:Allocate.obj
 0001:00015940       ?ReleaseSnapshot@CAtlAllocator@@QAEXXZ 10016940 f   atlsd:Allocate.obj
 0001:00015a10       ?IncRef@CAtlTraceProcess@@QAEIXZ 10016a10 f i atlsd:Allocate.obj
 0001:00015a40       ?Base@CAtlTraceProcess@@QBEPAXXZ 10016a40 f i atlsd:Allocate.obj
 0001:00015a60       ?DecRef@CAtlTraceProcess@@QAEIXZ 10016a60 f i atlsd:Allocate.obj
 0001:00015a90       ?ModuleCount@CAtlTraceProcess@@QBEHXZ 10016a90 f i atlsd:Allocate.obj
 0001:00015ab0       ?MaxSize@CAtlTraceProcess@@QBEKXZ 10016ab0 f i atlsd:Allocate.obj
 0001:00015ad0       ?CategoryCount@CAtlTraceProcess@@QBEHXZ 10016ad0 f i atlsd:Allocate.obj
[...]
 0001:0005a92b       __ehhandler$?CreateInstance@?$CComCreator@V?$CComObjectCached@VCComClassFactory@ATL@@@ATL@@@ATL@@SGJPAXABU_GUID@@PAPAX@Z 1005b92b f   EventFiringObject.obj
 0001:0005a950       __unwindfunclet$??1?$CComObjectCached@VCComClassFactory@ATL@@@ATL@@QAE@XZ$0 1005b950 f   EventFiringObject.obj
 0001:0005a958       __ehhandler$??1?$CComObjectCached@VCComClassFactory@ATL@@@ATL@@QAE@XZ 1005b958 f   EventFiringObject.obj
 0001:0005a980       __ehhandler$?CreateInstance@?$CComCreator@V?$CComObject@VCEventFiringObject@@@ATL@@@ATL@@SGJPAXABU_GUID@@PAPAX@Z 1005b980 f   EventFiringObject.obj
 0001:0005a9a0       __unwindfunclet$?CreateInstance@?$CComCreator@V?$CComAggObject@VCEventFiringObject@@@ATL@@@ATL@@SGJPAXABU_GUID@@PAPAX@Z$2 1005b9a0 f   EventFiringObject.obj
 0001:0005a9ab       __ehhandler$?CreateInstance@?$CComCreator@V?$CComAggObject@VCEventFiringObject@@@ATL@@@ATL@@SGJPAXABU_GUID@@PAPAX@Z 1005b9ab f   EventFiringObject.obj
 0001:0005a9d0       __unwindfunclet$??0?$CComObjectRootEx@VCComMultiThreadModel@ATL@@@ATL@@QAE@XZ$0 1005b9d0 f   EventFiringObject.obj
 0001:0005a9d8       __ehhandler$??0?$CComObjectRootEx@VCComMultiThreadModel@ATL@@@ATL@@QAE@XZ 1005b9d8 f   EventFiringObject.obj
 0001:0005aa00       __unwindfunclet$??0CEventFiringObject@@QAE@XZ$0 1005ba00 f   EventFiringObject.obj
 0001:0005aa0b       __ehhandler$??0CEventFiringObject@@QAE@XZ 1005ba0b f   EventFiringObject.obj
 0001:0005aa30       __unwindfunclet$?EnumConnectionPoints@?$IConnectionPointContainerImpl@VCEventFiringObject@@@ATL@@UAGJPAPAUIEnumConnectionPoints@@@Z$2 1005ba30 f   EventFiringObject.obj
 0001:0005aa38       __ehhandler$?EnumConnectionPoints@?$IConnectionPointContainerImpl@VCEventFiringObject@@@ATL@@UAGJPAPAUIEnumConnectionPoints@@@Z 1005ba38 f   EventFiringObject.obj
 0001:0005aa60       __unwindfunclet$??0?$CComEnum@UIEnumConnectionPoints@@$1?_GUID_b196b285_bab4_101a_b69c_00aa00341d07@@3U__s_GUID@@BPAUIConnectionPoint@@V?$_CopyInterface@UIConnectionPoint@@@ATL@@VCComSingleThreadModel@6@@ATL@@QAE@XZ$0 1005ba60 f   EventFiringObject.obj
 0001:0005aa68       __ehhandler$??0?$CComEnum@UIEnumConnectionPoints@@$1?_GUID_b196b285_bab4_101a_b69c_00aa00341d07@@3U__s_GUID@@BPAUIConnectionPoint@@V?$_CopyInterface@UIConnectionPoint@@@ATL@@VCComSingleThreadModel@6@@ATL@@QAE@XZ 1005ba68 f   EventFiringObject.obj
 0001:0005aa90       __unwindfunclet$??1?$CComEnum@UIEnumConnectionPoints@@$1?_GUID_b196b285_bab4_101a_b69c_00aa00341d07@@3U__s_GUID@@BPAUIConnectionPoint@@V?$_CopyInterface@UIConnectionPoint@@@ATL@@VCComSingleThreadModel@6@@ATL@@UAE@XZ$0 1005ba90 f   EventFiringObject.obj
 0001:0005aa98       __ehhandler$??1?$CComEnum@UIEnumConnectionPoints@@$1?_GUID_b196b285_bab4_101a_b69c_00aa00341d07@@3U__s_GUID@@BPAUIConnectionPoint@@V?$_CopyInterface@UIConnectionPoint@@@ATL@@VCComSingleThreadModel@6@@ATL@@UAE@XZ 1005ba98 f   EventFiringObject.obj
 0001:0005aac0       __unwindfunclet$??0?$CComAggObject@VCEventFiringObject@@@ATL@@QAE@PAX@Z$0 1005bac0 f   EventFiringObject.obj
 0001:0005aacb       __unwindfunclet$??0?$CComAggObject@VCEventFiringObject@@@ATL@@QAE@PAX@Z$1 1005bacb f   EventFiringObject.obj
 0001:0005aad6       __ehhandler$??0?$CComAggObject@VCEventFiringObject@@@ATL@@QAE@PAX@Z 1005bad6 f   EventFiringObject.obj
 0001:0005ab00       __unwindfunclet$??1CEventFiringObject@@QAE@XZ$0 1005bb00 f   EventFiringObject.obj
 0001:0005ab27       __ehhandler$??1CEventFiringObject@@QAE@XZ 1005bb27 f   EventFiringObject.obj
 0001:0005ab50       __unwindfunclet$??1?$CComAggObject@VCEventFiringObject@@@ATL@@UAE@XZ$0 1005bb50 f   EventFiringObject.obj
 0001:0005ab77       __unwindfunclet$??1?$CComAggObject@VCEventFiringObject@@@ATL@@UAE@XZ$1 1005bb77 f   EventFiringObject.obj
 0001:0005ab82       __ehhandler$??1?$CComAggObject@VCEventFiringObject@@@ATL@@UAE@XZ 1005bb82 f   EventFiringObject.obj
 0001:0005aba0       __unwindfunclet$??1?$IConnectionPointImpl@VCEventFiringObject@@$1?DIID__IEventFiringObjectEvents@@3U_GUID@@BVCComDynamicUnkArray@ATL@@@ATL@@QAE@XZ$0 1005bba0 f   EventFiringObject.obj
 0001:0005abab       __ehhandler$??1?$IConnectionPointImpl@VCEventFiringObject@@$1?DIID__IEventFiringObjectEvents@@3U_GUID@@BVCComDynamicUnkArray@ATL@@@ATL@@QAE@XZ 1005bbab f   EventFiringObject.obj
 0001:0005abd0       __ehhandler$?EnumConnections@?$IConnectionPointImpl@VCEventFiringObject@@$1?DIID__IEventFiringObjectEvents@@3U_GUID@@BVCComDynamicUnkArray@ATL@@@ATL@@UAGJPAPAUIEnumConnections@@@Z 1005bbd0 f   EventFiringObject.obj
 0001:0005abf0       __unwindfunclet$??1?$CComEnumImpl@UIEnumConnectionPoints@@$1?_GUID_b196b285_bab4_101a_b69c_00aa00341d07@@3U__s_GUID@@BPAUIConnectionPoint@@V?$_CopyInterface@UIConnectionPoint@@@ATL@@@ATL@@UAE@XZ$0 1005bbf0 f   EventFiringObject.obj
 0001:0005abfb       __ehhandler$??1?$CComEnumImpl@UIEnumConnectionPoints@@$1?_GUID_b196b285_bab4_101a_b69c_00aa00341d07@@3U__s_GUID@@BPAUIConnectionPoint@@V?$_CopyInterface@UIConnectionPoint@@@ATL@@@ATL@@UAE@XZ 1005bbfb f   EventFiringObject.obj
 0001:0005ac20       __unwindfunclet$?Clone@?$CComEnumImpl@UIEnumConnectionPoints@@$1?_GUID_b196b285_bab4_101a_b69c_00aa00341d07@@3U__s_GUID@@BPAUIConnectionPoint@@V?$_CopyInterface@UIConnectionPoint@@@ATL@@@ATL@@UAGJPAPAUIEnumConnectionPoints@@@Z$0 1005bc20 f   EventFiringObject.obj
 0001:0005ac39       __ehhandler$?Clone@?$CComEnumImpl@UIEnumConnectionPoints@@$1?_GUID_b196b285_bab4_101a_b69c_00aa00341d07@@3U__s_GUID@@BPAUIConnectionPoint@@V?$_CopyInterface@UIConnectionPoint@@@ATL@@@ATL@@UAGJPAPAUIEnumConnectionPoints@@@Z 1005bc39 f   EventFiringObject.obj
 0001:0005ac60       __ehhandler$?Init@?$CComEnumImpl@UIEnumConnectionPoints@@$1?_GUID_b196b285_bab4_101a_b69c_00aa00341d07@@3U__s_GUID@@BPAUIConnectionPoint@@V?$_CopyInterface@UIConnectionPoint@@@ATL@@@ATL@@QAEJPAPAUIConnectionPoint@@0PAUIUnknown@@W4CComEnumFlags@2@@Z 1005bc60 f   EventFiringObject.obj
 0001:0005ac80       __unwindfunclet$??0?$CComEnum@UIEnumConnections@@$1?_GUID_b196b287_bab4_101a_b69c_00aa00341d07@@3U__s_GUID@@BUtagCONNECTDATA@@V?$_Copy@UtagCONNECTDATA@@@ATL@@VCComSingleThreadModel@6@@ATL@@QAE@XZ$0 1005bc80 f   EventFiringObject.obj
 0001:0005ac88       __ehhandler$??0?$CComEnum@UIEnumConnections@@$1?_GUID_b196b287_bab4_101a_b69c_00aa00341d07@@3U__s_GUID@@BUtagCONNECTDATA@@V?$_Copy@UtagCONNECTDATA@@@ATL@@VCComSingleThreadModel@6@@ATL@@QAE@XZ 1005bc88 f   EventFiringObject.obj
 0001:0005acb0       __unwindfunclet$??1?$CComEnum@UIEnumConnections@@$1?_GUID_b196b287_bab4_101a_b69c_00aa00341d07@@3U__s_GUID@@BUtagCONNECTDATA@@V?$_Copy@UtagCONNECTDATA@@@ATL@@VCComSingleThreadModel@6@@ATL@@UAE@XZ$0 1005bcb0 f   EventFiringObject.obj
 0001:0005acb8       __ehhandler$??1?$CComEnum@UIEnumConnections@@$1?_GUID_b196b287_bab4_101a_b69c_00aa00341d07@@3U__s_GUID@@BUtagCONNECTDATA@@V?$_Copy@UtagCONNECTDATA@@@ATL@@VCComSingleThreadModel@6@@ATL@@UAE@XZ 1005bcb8 f   EventFiringObject.obj
 0001:0005ace0       __ehhandler$?CreateInstance@?$CComObject@V?$CComEnum@UIEnumConnectionPoints@@$1?_GUID_b196b285_bab4_101a_b69c_00aa00341d07@@3U__s_GUID@@BPAUIConnectionPoint@@V?$_CopyInterface@UIConnectionPoint@@@ATL@@VCComSingleThreadModel@6@@ATL@@@ATL@@SGJPAPAV12@@Z 1005bce0 f   EventFiringObject.obj
 0001:0005ad00       __unwindfunclet$??1?$CComEnumImpl@UIEnumConnections@@$1?_GUID_b196b287_bab4_101a_b69c_00aa00341d07@@3U__s_GUID@@BUtagCONNECTDATA@@V?$_Copy@UtagCONNECTDATA@@@ATL@@@ATL@@UAE@XZ$0 1005bd00 f   EventFiringObject.obj
 0001:0005ad0b       __ehhandler$??1?$CComEnumImpl@UIEnumConnections@@$1?_GUID_b196b287_bab4_101a_b69c_00aa00341d07@@3U__s_GUID@@BUtagCONNECTDATA@@V?$_Copy@UtagCONNECTDATA@@@ATL@@@ATL@@UAE@XZ 1005bd0b f   EventFiringObject.obj
 0001:0005ad30       __unwindfunclet$?Clone@?$CComEnumImpl@UIEnumConnections@@$1?_GUID_b196b287_bab4_101a_b69c_00aa00341d07@@3U__s_GUID@@BUtagCONNECTDATA@@V?$_Copy@UtagCONNECTDATA@@@ATL@@@ATL@@UAGJPAPAUIEnumConnections@@@Z$0 1005bd30 f   EventFiringObject.obj
 0001:0005ad49       __ehhandler$?Clone@?$CComEnumImpl@UIEnumConnections@@$1?_GUID_b196b287_bab4_101a_b69c_00aa00341d07@@3U__s_GUID@@BUtagCONNECTDATA@@V?$_Copy@UtagCONNECTDATA@@@ATL@@@ATL@@UAGJPAPAUIEnumConnections@@@Z 1005bd49 f   EventFiringObject.obj
 0001:0005ad70       __ehhandler$?Init@?$CComEnumImpl@UIEnumConnections@@$1?_GUID_b196b287_bab4_101a_b69c_00aa00341d07@@3U__s_GUID@@BUtagCONNECTDATA@@V?$_Copy@UtagCONNECTDATA@@@ATL@@@ATL@@QAEJPAUtagCONNECTDATA@@0PAUIUnknown@@W4CComEnumFlags@2@@Z 1005bd70 f   EventFiringObject.obj
 0001:0005ad90       __ehhandler$?CreateInstance@?$CComObject@V?$CComEnum@UIEnumConnections@@$1?_GUID_b196b287_bab4_101a_b69c_00aa00341d07@@3U__s_GUID@@BUtagCONNECTDATA@@V?$_Copy@UtagCONNECTDATA@@@ATL@@VCComSingleThreadModel@6@@ATL@@@ATL@@SGJPAPAV12@@Z 1005bd90 f   EventFiringObject.obj
 0001:0005adb0       __unwindfunclet$??1CRegObject@ATL@@UAE@XZ$0 1005bdb0 f   EventFiringObject.obj
 0001:0005adbb       __ehhandler$??1CRegObject@ATL@@UAE@XZ 1005bdbb f   EventFiringObject.obj
 0001:0005ade0       __unwindfunclet$??1CExpansionVector@ATL@@QAE@XZ$0 1005bde0 f   EventFiringObject.obj
 0001:0005ade8       __ehhandler$??1CExpansionVector@ATL@@QAE@XZ 1005bde8 f   EventFiringObject.obj
 0001:0005ae10       __unwindfunclet$?AddReplacement@CRegObject@ATL@@UAGJPB_W0@Z$0 1005be10 f   EventFiringObject.obj
 0001:0005ae18       __ehhandler$?AddReplacement@CRegObject@ATL@@UAGJPB_W0@Z 1005be18 f   EventFiringObject.obj
 0001:0005ae40       __unwindfunclet$?Add@CExpansionVector@ATL@@QAEHPBDPB_W@Z$4 1005be40 f   EventFiringObject.obj
 0001:0005ae48       __unwindfunclet$?Add@CExpansionVector@ATL@@QAEHPBDPB_W@Z$5 1005be48 f   EventFiringObject.obj
 0001:0005ae50       __ehhandler$?Add@CExpansionVector@ATL@@QAEHPBDPB_W@Z 1005be50 f   EventFiringObject.obj
 0001:0005ae70       __unwindfunclet$?ResourceRegister@CRegObject@ATL@@QAGJPB_WI0@Z$0 1005be70 f   EventFiringObject.obj
 0001:0005ae78       __ehhandler$?ResourceRegister@CRegObject@ATL@@QAGJPB_WI0@Z 1005be78 f   EventFiringObject.obj
 0001:0005aea0       __unwindfunclet$?RegisterFromResource@CRegObject@ATL@@IAEJPB_WPBD1H@Z$6 1005bea0 f   EventFiringObject.obj
 0001:0005aea8       __unwindfunclet$?RegisterFromResource@CRegObject@ATL@@IAEJPB_WPBD1H@Z$7 1005bea8 f   EventFiringObject.obj
 0001:0005aeb3       __ehhandler$?RegisterFromResource@CRegObject@ATL@@IAEJPB_WPBD1H@Z 1005beb3 f   EventFiringObject.obj
 0001:0005aee0       __unwindfunclet$?ResourceUnregister@CRegObject@ATL@@QAGJPB_WI0@Z$0 1005bee0 f   EventFiringObject.obj
 0001:0005aee8       __ehhandler$?ResourceUnregister@CRegObject@ATL@@QAGJPB_WI0@Z 1005bee8 f   EventFiringObject.obj
 0001:0005af10       __unwindfunclet$?PreProcessBuffer@CRegParser@ATL@@QAEJPADPAPAD@Z$0 1005bf10 f   EventFiringObject.obj
 0001:0005af18       __ehhandler$?PreProcessBuffer@CRegParser@ATL@@QAEJPADPAPAD@Z 1005bf18 f   EventFiringObject.obj
 0001:0005af40       __unwindfunclet$?AddString@CParseBuffer@CRegParser@ATL@@QAEHPB_W@Z$0 1005bf40 f   EventFiringObject.obj
 0001:0005af48       __ehhandler$?AddString@CParseBuffer@CRegParser@ATL@@QAEHPB_W@Z 1005bf48 f   EventFiringObject.obj
 0001:0005af70       __unwindfunclet$?RegisterSubkeys@CRegParser@ATL@@IAEJPADPAUHKEY__@@HH@Z$2 1005bf70 f   EventFiringObject.obj
 0001:0005af78       __unwindfunclet$?RegisterSubkeys@CRegParser@ATL@@IAEJPADPAUHKEY__@@HH@Z$3 1005bf78 f   EventFiringObject.obj
 0001:0005af83       __unwindfunclet$?RegisterSubkeys@CRegParser@ATL@@IAEJPADPAUHKEY__@@HH@Z$4 1005bf83 f   EventFiringObject.obj
 0001:0005af8e       __ehhandler$?RegisterSubkeys@CRegParser@ATL@@IAEJPADPAUHKEY__@@HH@Z 1005bf8e f   EventFiringObject.obj
 0001:0005afc0       __unwindfunclet$?AddValue@CRegParser@ATL@@IAEJAAVCRegKey@2@PBDPAD@Z$4 1005bfc0 f   EventFiringObject.obj
 0001:0005afcb       __unwindfunclet$?AddValue@CRegParser@ATL@@IAEJAAVCRegKey@2@PBDPAD@Z$5 1005bfcb f   EventFiringObject.obj
 0001:0005afd6       __unwindfunclet$?AddValue@CRegParser@ATL@@IAEJAAVCRegKey@2@PBDPAD@Z$6 1005bfd6 f   EventFiringObject.obj
 0001:0005afe1       __ehhandler$?AddValue@CRegParser@ATL@@IAEJAAVCRegKey@2@PBDPAD@Z 1005bfe1 f   EventFiringObject.obj
 0001:0005b010       __unwindfunclet$?GetTI@CComTypeInfoHolder@ATL@@QAEJK@Z$0 1005c010 f   EventFiringObject.obj
 0001:0005b018       __unwindfunclet$?GetTI@CComTypeInfoHolder@ATL@@QAEJK@Z$1 1005c018 f   EventFiringObject.obj
 0001:0005b023       __unwindfunclet$?GetTI@CComTypeInfoHolder@ATL@@QAEJK@Z$2 1005c023 f   EventFiringObject.obj
 0001:0005b02e       __unwindfunclet$?GetTI@CComTypeInfoHolder@ATL@@QAEJK@Z$3 1005c02e f   EventFiringObject.obj
 0001:0005b039       __unwindfunclet$?GetTI@CComTypeInfoHolder@ATL@@QAEJK@Z$4 1005c039 f   EventFiringObject.obj
 0001:0005b044       __unwindfunclet$?GetTI@CComTypeInfoHolder@ATL@@QAEJK@Z$5 1005c044 f   EventFiringObject.obj
 0001:0005b04f       __unwindfunclet$?GetTI@CComTypeInfoHolder@ATL@@QAEJK@Z$6 1005c04f f   EventFiringObject.obj
 0001:0005b05a       __ehhandler$?GetTI@CComTypeInfoHolder@ATL@@QAEJK@Z 1005c05a f   EventFiringObject.obj
 0001:0005b090       __unwindfunclet$?LoadNameCache@CComTypeInfoHolder@ATL@@QAEJPAUITypeInfo@@@Z$2 1005c090 f   EventFiringObject.obj
 0001:0005b09b       __unwindfunclet$?LoadNameCache@CComTypeInfoHolder@ATL@@QAEJPAUITypeInfo@@@Z$3 1005c09b f   EventFiringObject.obj
 0001:0005b0a3       __ehhandler$?LoadNameCache@CComTypeInfoHolder@ATL@@QAEJPAUITypeInfo@@@Z 1005c0a3 f   EventFiringObject.obj
 0001:0005b0c0       __ehhandler$?Add@CComDynamicUnkArray@ATL@@QAEKPAUIUnknown@@@Z 1005c0c0 f   EventFiringObject.obj
 0001:0005b0e0       __unwindfunclet$?InternalSetAtIndex@?$CSimpleMap@PADPA_WVCExpansionVectorEqualHelper@ATL@@@ATL@@QAEXHABQADABQA_W@Z$0 1005c0e0 f   EventFiringObject.obj
 0001:0005b0f9       __unwindfunclet$?InternalSetAtIndex@?$CSimpleMap@PADPA_WVCExpansionVectorEqualHelper@ATL@@@ATL@@QAEXHABQADABQA_W@Z$1 1005c0f9 f   EventFiringObject.obj
 0001:0005b113       __ehhandler$?InternalSetAtIndex@?$CSimpleMap@PADPA_WVCExpansionVectorEqualHelper@ATL@@@ATL@@QAEXHABQADABQA_W@Z 1005c113 f   EventFiringObject.obj
 0001:0005b130       __unwindfunclet$?ResourceRegisterSz@CRegObject@ATL@@QAGJPB_W00@Z$0 1005c130 f   EventFiringObject.obj
 0001:0005b138       __ehhandler$?ResourceRegisterSz@CRegObject@ATL@@QAGJPB_W00@Z 1005c138 f   EventFiringObject.obj
 0001:0005b160       __unwindfunclet$?ResourceUnregisterSz@CRegObject@ATL@@QAGJPB_W00@Z$0 1005c160 f   EventFiringObject.obj
 0001:0005b168       __ehhandler$?ResourceUnregisterSz@CRegObject@ATL@@QAGJPB_W00@Z 1005c168 f   EventFiringObject.obj
 0001:0005b190       __unwindfunclet$?Fire_Event1@?$CProxy_IEventFiringObjectEvents@VCEventFiringObject@@@@QAEJJ@Z$0 1005c190 f   EventFiringObject_Impl.obj
 0001:0005b198       __unwindfunclet$?Fire_Event1@?$CProxy_IEventFiringObjectEvents@VCEventFiringObject@@@@QAEJJ@Z$1 1005c198 f   EventFiringObject_Impl.obj
 0001:0005b1a0       __ehhandler$?Fire_Event1@?$CProxy_IEventFiringObjectEvents@VCEventFiringObject@@@@QAEJJ@Z 1005c1a0 f   EventFiringObject_Impl.obj
 0001:0005b1c0       __ehhandler$?CallUnexpected@@YAXPBU_s_ESTypeList@@@Z 1005c1c0 f   LIBCMTD:frame.obj
 0001:0005b1e0       __unwindfunclet$?getSystemCP@@YAHH@Z$0 1005c1e0 f   LIBCMTD:mbctype.obj
 0001:0005b1e8       __ehhandler$?getSystemCP@@YAHH@Z 1005c1e8 f   LIBCMTD:mbctype.obj
 0001:0005b210       __unwindfunclet$?x_ismbbtype_l@@YAHPAUlocaleinfo_struct@@IHH@Z$0 1005c210 f   LIBCMTD:ismbbyte.obj
 0001:0005b218       __ehhandler$?x_ismbbtype_l@@YAHPAUlocaleinfo_struct@@IHH@Z 1005c218 f   LIBCMTD:ismbbyte.obj
 0001:0005b240       __unwindfunclet$?strtoxl@@YAKPAUlocaleinfo_struct@@PBDPAPBDHH@Z$0 1005c240 f   LIBCMTD:strtol.obj
 0001:0005b248       __ehhandler$?strtoxl@@YAKPAUlocaleinfo_struct@@PBDPAPBDHH@Z 1005c248 f   LIBCMTD:strtol.obj
 0001:0005b270       __unwindfunclet$?wcstoxl@@YAKPAUlocaleinfo_struct@@PB_WPAPB_WHH@Z$0 1005c270 f   LIBCMTD:wcstol.obj
 0001:0005b278       __ehhandler$?wcstoxl@@YAKPAUlocaleinfo_struct@@PB_WPAPB_WHH@Z 1005c278 f   LIBCMTD:wcstol.obj
 0001:0005b2a0       __unwindfunclet$?strtoxq@@YA_KPAUlocaleinfo_struct@@PBDPAPBDHH@Z$0 1005c2a0 f   LIBCMTD:strtoq.obj
 0001:0005b2a8       __ehhandler$?strtoxq@@YA_KPAUlocaleinfo_struct@@PBDPAPBDHH@Z 1005c2a8 f   LIBCMTD:strtoq.obj
 0001:0005b2d0       ??__E_Module@@YAXXZ        1005c2d0 f   EventFiringObject.obj
 0001:0005b300       ??__Eclash@Inconsistent_definition_of_symbol__ATL_MIXED@@YAXXZ 1005c300 f   StdAfx.obj
 0001:0005b320       ??__Eclash@Define_the_symbol__ATL_MIXED@@YAXXZ 1005c320 f   StdAfx.obj
 0001:0005b340       ??__EatlTraceGeneral@ATL@@YAXXZ 1005c340 f   atlsd:atltrace.obj
 0001:0005b360       ??__EatlTraceCOM@ATL@@YAXXZ 1005c360 f   atlsd:atltrace.obj
 0001:0005b380       ??__EatlTraceQI@ATL@@YAXXZ 1005c380 f   atlsd:atltrace.obj
 0001:0005b3a0       ??__EatlTraceRegistrar@ATL@@YAXXZ 1005c3a0 f   atlsd:atltrace.obj
 0001:0005b3c0       ??__EatlTraceRefcount@ATL@@YAXXZ 1005c3c0 f   atlsd:atltrace.obj
 0001:0005b3e0       ??__EatlTraceWindowing@ATL@@YAXXZ 1005c3e0 f   atlsd:atltrace.obj
 0001:0005b400       ??__EatlTraceControls@ATL@@YAXXZ 1005c400 f   atlsd:atltrace.obj
 0001:0005b420       ??__EatlTraceHosting@ATL@@YAXXZ 1005c420 f   atlsd:atltrace.obj
 0001:0005b440       ??__EatlTraceDBClient@ATL@@YAXXZ 1005c440 f   atlsd:atltrace.obj
 0001:0005b460       ??__EatlTraceDBProvider@ATL@@YAXXZ 1005c460 f   atlsd:atltrace.obj
 0001:0005b480       ??__EatlTraceSnapin@ATL@@YAXXZ 1005c480 f   atlsd:atltrace.obj
 0001:0005b4a0       ??__EatlTraceNotImpl@ATL@@YAXXZ 1005c4a0 f   atlsd:atltrace.obj
 0001:0005b4c0       ??__EatlTraceAllocation@ATL@@YAXXZ 1005c4c0 f   atlsd:atltrace.obj
 0001:0005b4e0       ??__EatlTraceException@ATL@@YAXXZ 1005c4e0 f   atlsd:atltrace.obj
 0001:0005b500       ??__EatlTraceTime@ATL@@YAXXZ 1005c500 f   atlsd:atltrace.obj
 0001:0005b520       ??__EatlTraceCache@ATL@@YAXXZ 1005c520 f   atlsd:atltrace.obj
 0001:0005b540       ??__EatlTraceStencil@ATL@@YAXXZ 1005c540 f   atlsd:atltrace.obj
 0001:0005b560       ??__EatlTraceString@ATL@@YAXXZ 1005c560 f   atlsd:atltrace.obj
 0001:0005b580       ??__EatlTraceMap@ATL@@YAXXZ 1005c580 f   atlsd:atltrace.obj
 0001:0005b5a0       ??__EatlTraceUtil@ATL@@YAXXZ 1005c5a0 f   atlsd:atltrace.obj
 0001:0005b5c0       ??__EatlTraceSecurity@ATL@@YAXXZ 1005c5c0 f   atlsd:atltrace.obj
 0001:0005b5e0       ??__EatlTraceSync@ATL@@YAXXZ 1005c5e0 f   atlsd:atltrace.obj
 0001:0005b600       ??__EatlTraceISAPI@ATL@@YAXXZ 1005c600 f   atlsd:atltrace.obj
 0001:0005b620       ??__EatlTraceUser@ATL@@YAXXZ 1005c620 f   atlsd:atltrace.obj
 0001:0005b640       ??__EatlTraceUser2@ATL@@YAXXZ 1005c640 f   atlsd:atltrace.obj
 0001:0005b660       ??__EatlTraceUser3@ATL@@YAXXZ 1005c660 f   atlsd:atltrace.obj
 0001:0005b680       ??__EatlTraceUser4@ATL@@YAXXZ 1005c680 f   atlsd:atltrace.obj
 0001:0005b6a0       ??__Eg_Allocator@@YAXXZ    1005c6a0 f   atlsd:Externs.obj
 0001:0005b6c0       ??__Eg_bInitialized@@YAXXZ 1005c6c0 f   atlsd:Externs.obj
 0001:0005b6d0       ??__E?s_trace@CTrace@ATL@@2V12@A@@YAXXZ 1005c6d0 f   atlsd:Externs.obj
 0001:0005b700       ??__E_AtlBaseModule@ATL@@YAXXZ 1005c700 f   atlsd:atlbase.obj
 0001:0005b720       ??__E_AtlWinModule@ATL@@YAXXZ 1005c720 f   atlsd:atlbase.obj
 0001:0005b740       ??__E_AtlComModule@ATL@@YAXXZ 1005c740 f   atlsd:atlcommodule.obj
 0001:0005b760       ??__F_Module@@YAXXZ        1005c760 f   EventFiringObject.obj
 0001:0005b780       ??__Fg_Allocator@@YAXXZ    1005c780 f   atlsd:Externs.obj
 0001:0005b790       ??__F?s_trace@CTrace@ATL@@2V12@A@@YAXXZ 1005c790 f   atlsd:Externs.obj
 0001:0005b7a0       ??__F_AtlBaseModule@ATL@@YAXXZ 1005c7a0 f   atlsd:atlbase.obj
 0001:0005b7b0       ??__F_AtlWinModule@ATL@@YAXXZ 1005c7b0 f   atlsd:atlbase.obj
 0001:0005b7c0       ??__F_AtlComModule@ATL@@YAXXZ 1005c7c0 f   atlsd:atlcommodule.obj
 0001:0005b7d0       ??__Fnomem@?5???2@YAPAXI@Z@YAXXZ 1005c7d0 f   LIBCMTD:new.obj
