 TestClient

 Timestamp is 464c079b (Thu May 17 15:43:23 2007)

 Preferred load address is 00400000

 Start         Length     Name                   Class
 0001:00000000 0000bf7eH .text                   CODE
 0001:0000bf80 00000238H .text$x                 CODE
 0001:0000c1c0 00000466H .text$yc                CODE
 0001:0000c630 0000003fH .text$yd                CODE
 0002:00000000 000004e4H .idata$5                DATA
 0002:000004e4 00000004H .CRT$XCA                DATA
 0002:000004e8 00000004H .CRT$XCAA               DATA
 0002:000004ec 0000000cH .CRT$XCC                DATA
 0002:000004f8 00000070H .CRT$XCL                DATA
 0002:00000568 0000000cH .CRT$XCU                DATA
 0002:00000574 00000004H .CRT$XCZ                DATA
 0002:00000578 00000004H .CRT$XIA                DATA
 0002:0000057c 00000004H .CRT$XIAA               DATA
 0002:00000580 00000004H .CRT$XIZ                DATA
 0002:00000590 00005338H .rdata                  DATA
 0002:000058c8 00000055H .rdata$debug            DATA
 0002:00005920 00000438H .rdata$r                DATA
 0002:00005d60 00000030H .rdata$sxdata           DATA
 0002:00005d90 00000004H .rtc$IAA                DATA
 0002:00005d94 0000000cH .rtc$IMZ                DATA
 0002:00005da0 00000004H .rtc$IZZ                DATA
 0002:00005da4 00000004H .rtc$TAA                DATA
 0002:00005da8 0000000cH .rtc$TMZ                DATA
 0002:00005db4 00000004H .rtc$TZZ                DATA
 0002:00005db8 000003bcH .xdata$x                DATA
 0002:00006174 00000004H ATL$__a                 DATA
 0002:00006178 00000004H ATL$__z                 DATA
 0002:0000617c 0000008cH .idata$2                DATA
 0002:00006208 00000014H .idata$3                DATA
 0002:0000621c 000004e4H .idata$4                DATA
 0002:00006700 0000095cH .idata$6                DATA
 0002:0000705c 00000000H .edata                  DATA
 0003:00000000 00000310H .data                   DATA
 0003:00000310 0000052cH .bss                    DATA
 0004:00000000 000001d8H .rsrc$01                DATA
 0004:000001e0 000009a8H .rsrc$02                DATA

  Address         Publics by Value              Rva+Base       Lib:Object

 0000:00000000       __except_list              00000000     <absolute>
 0000:0000000c       ___safe_se_handler_count   0000000c     <absolute>
 0000:00009876       __fltused                  00009876     <absolute>
 0000:00009876       __ldused                   00009876     <absolute>
 0000:00000000       ___ImageBase               00400000     <linker-defined>
 0001:00000000       ?GetEnvironmentVariableWThunk@ATL@@YGKPB_WPA_WK@Z 00401000 f i StdAfx.obj
 0001:00000050       ?_AtlInstallStringThunk@ATL@@YAXPAPAXPAX1@Z 00401050 f i StdAfx.obj
 0001:000000d0       ?InterlockedExchangePointer@@YGPAXPAPAXPAX@Z 004010d0 f i StdAfx.obj
 0001:00000100       ?GetEnvironmentVariableWFake@ATL@@YGKPB_WPA_WK@Z 00401100 f i StdAfx.obj
 0001:00000380       ?_AtlGetConversionACP@ATL@@YGIXZ 00401380 f i StdAfx.obj
 0001:000003a0       ?CompareStringWThunk@ATL@@YGHKKPB_WH0H@Z 004013a0 f i StdAfx.obj
 0001:000003f0       ?CompareStringWFake@ATL@@YGHKKPB_WH0H@Z 004013f0 f i StdAfx.obj
 0001:00000710       ??$AtlMultiply@H@ATL@@YAJPAHHH@Z 00401710 f i StdAfx.obj
 0001:00000790       ?_AtlVerifyStackAvailable@_ATL_SAFE_ALLOCA_IMPL@ATL@@YA_NK@Z 00401790 f i StdAfx.obj
 0001:00000940       ?AtlW2AHelper@@YGPADPADPB_WHI@Z 00401940 f i StdAfx.obj
 0001:00000a40       ?AtlThrowImpl@ATL@@YGXJ@Z  00401a40 f i StdAfx.obj
 0001:00000ab0       ??0CTraceFileAndLineInfo@ATL@@QAE@PBDH@Z 00401ab0 f i StdAfx.obj
 0001:00000ae0       ??RCTraceFileAndLineInfo@ATL@@QBAXKIPBDZZ 00401ae0 f i StdAfx.obj
 0001:00000b30       ?TraceV@CTrace@ATL@@QBAXPBDHKI0PAD@Z 00401b30 f i StdAfx.obj
 0001:00000b70       ??BCTraceCategory@ATL@@QBEKXZ 00401b70 f i StdAfx.obj
 0001:00000b90       ?GetStringTypeExWThunk@ATL@@YGHKKPB_WHPAG@Z 00401b90 f i StdAfx.obj
 0001:00000be0       ?GetStringTypeExWFake@ATL@@YGHKKPB_WHPAG@Z 00401be0 f i StdAfx.obj
 0001:00000d50       ?lstrcmpiWThunk@ATL@@YGHPB_W0@Z 00401d50 f i StdAfx.obj
 0001:00000d90       ?lstrcmpiWFake@ATL@@YGHPB_W0@Z 00401d90 f i StdAfx.obj
 0001:00001050       ?CharLowerWThunk@ATL@@YGPA_WPA_W@Z 00402050 f i StdAfx.obj
 0001:00001090       ?CharLowerWFake@ATL@@YGPA_WPA_W@Z 00402090 f i StdAfx.obj
 0001:000013d0       ?AtlA2WHelper@@YGPA_WPA_WPBDHI@Z 004023d0 f i StdAfx.obj
 0001:000014d0       ?wcscpy_s@Checked@ATL@@YAXPA_WIPB_W@Z 004024d0 f i StdAfx.obj
 0001:00001510       ?AfxCrtErrorCheck@@YAHH@Z  00402510 f i StdAfx.obj
 0001:000015d0       ?CharUpperWThunk@ATL@@YGPA_WPA_W@Z 004025d0 f i StdAfx.obj
 0001:00001610       ?CharUpperWFake@ATL@@YGPA_WPA_W@Z 00402610 f i StdAfx.obj
 0001:00001950       ?_AfxInitManaged@@YAHXZ    00402950 f i StdAfx.obj
 0001:00001960       ??0?$CAtlSafeAllocBufferManager@VCCRTAllocator@ATL@@@_ATL_SAFE_ALLOCA_IMPL@ATL@@QAE@XZ 00402960 f i StdAfx.obj
 0001:00001980       ?Allocate@?$CAtlSafeAllocBufferManager@VCCRTAllocator@ATL@@@_ATL_SAFE_ALLOCA_IMPL@ATL@@QAEPAXK@Z 00402980 f i StdAfx.obj
 0001:000019f0       ?Allocate@CCRTAllocator@ATL@@SAPAXI@Z 004029f0 f i StdAfx.obj
 0001:00001a20       ??1?$CAtlSafeAllocBufferManager@VCCRTAllocator@ATL@@@_ATL_SAFE_ALLOCA_IMPL@ATL@@QAE@XZ 00402a20 f i StdAfx.obj
 0001:00001a70       ?Free@CCRTAllocator@ATL@@SAXPAX@Z 00402a70 f i StdAfx.obj
 0001:00001aa0       ??0?$CTempBuffer@D$0IA@VCCRTAllocator@ATL@@@ATL@@QAE@XZ 00402aa0 f i StdAfx.obj
 0001:00001ac0       ??1?$CTempBuffer@D$0IA@VCCRTAllocator@ATL@@@ATL@@QAE@XZ 00402ac0 f i StdAfx.obj
 0001:00001b00       ??B?$CTempBuffer@D$0IA@VCCRTAllocator@ATL@@@ATL@@QBEPADXZ 00402b00 f i StdAfx.obj
 0001:00001b20       ?Allocate@?$CTempBuffer@D$0IA@VCCRTAllocator@ATL@@@ATL@@QAEPADI@Z 00402b20 f i StdAfx.obj
 0001:00001b60       ??0?$CW2AEX@$0IA@@ATL@@QAE@PB_W@Z 00402b60 f i StdAfx.obj
 0001:00001ba0       ??1?$CW2AEX@$0IA@@ATL@@QAE@XZ 00402ba0 f i StdAfx.obj
 0001:00001be0       ??B?$CW2AEX@$0IA@@ATL@@QBEPADXZ 00402be0 f i StdAfx.obj
 0001:00001c00       ?AllocateBytes@?$CTempBuffer@D$0IA@VCCRTAllocator@ATL@@@ATL@@QAEPADI@Z 00402c00 f i StdAfx.obj
 0001:00001c80       ?FreeHeap@?$CTempBuffer@D$0IA@VCCRTAllocator@ATL@@@ATL@@AAEXXZ 00402c80 f i StdAfx.obj
 0001:00001cb0       ?Init@?$CW2AEX@$0IA@@ATL@@AAEXPB_WI@Z 00402cb0 f i StdAfx.obj
 0001:00001e10       ?AtlThrowLastWin32@ATL@@YGXXZ 00402e10 f i StdAfx.obj
 0001:00001e80       ?GetData@CAtlSafeAllocBufferNode@?$CAtlSafeAllocBufferManager@VCCRTAllocator@ATL@@@_ATL_SAFE_ALLOCA_IMPL@ATL@@QAEPAXXZ 00402e80 f i StdAfx.obj
 0001:00001ea0       ?AllocateHeap@?$CTempBuffer@D$0IA@VCCRTAllocator@ATL@@@ATL@@AAEXI@Z 00402ea0 f i StdAfx.obj
 0001:00001ef0       ??$AtlAdd@K@ATL@@YAJPAKKK@Z 00402ef0 f i StdAfx.obj
 0001:00001f20       ??$AtlAddThrow@K@ATL@@YAKKK@Z 00402f20 f i StdAfx.obj
 0001:00001fa0       ??$AtlMultiplyThrow@I@ATL@@YAIII@Z 00402fa0 f i StdAfx.obj
 0001:00002020       ??$AtlMultiply@I@ATL@@YAJPAIII@Z 00403020 f i StdAfx.obj
 0001:00002070       ??$AtlConvFreeMemory@D@ATL@@YAXPAD0H@Z 00403070 f i StdAfx.obj
 0001:000020c0       ??$AtlConvAllocMemory@D@ATL@@YAXPAPADHPADH@Z 004030c0 f i StdAfx.obj
 0001:00002290       ??0Thank_you@Define_the_symbol__ATL_MIXED@@QAE@XZ 00403290 f i StdAfx.obj
 0001:000022b0       ?one@Thank_you@Define_the_symbol__ATL_MIXED@@UAEXXZ 004032b0 f i StdAfx.obj
 0001:000022d0       ?GetMessageMap@CTestClientApp@@MBEPBUAFX_MSGMAP@@XZ 004032d0 f   TestClient.obj
 0001:00002300       ?GetThisMessageMap@CTestClientApp@@KGPBUAFX_MSGMAP@@XZ 00403300 f   TestClient.obj
 0001:00002310       ??0CTestClientApp@@QAE@XZ  00403310 f   TestClient.obj
 0001:00002350       ?InitInstance@CTestClientApp@@UAEHXZ 00403350 f   TestClient.obj
 0001:00002450       ?ExitInstance@CTestClientApp@@UAEHXZ 00403450 f   TestClient.obj
 0001:00002490       ??_ECTestClientApp@@UAEPAXI@Z 00403490 f i TestClient.obj
 0001:00002490       ??_GCTestClientApp@@UAEPAXI@Z 00403490 f i TestClient.obj
 0001:000024d0       ??1CTestClientApp@@UAE@XZ  004034d0 f i TestClient.obj
 0001:00002500       ??1CTestClientDlg@@UAE@XZ  00403500 f i TestClient.obj
 0001:00002530       ??1?$_com_ptr_t@V?$_com_IIID@UIEventFiringObject@EVENTFIRINGOBJECTLib@@$1?_GUID_8e396cc0_a266_481e_b6b4_0cb564daa3bc@@3U__s_GUID@@B@@@@QAE@XZ 00403530 f i TestClient.obj
 0001:00002560       ?_Release@?$_com_ptr_t@V?$_com_IIID@UIEventFiringObject@EVENTFIRINGOBJECTLib@@$1?_GUID_8e396cc0_a266_481e_b6b4_0cb564daa3bc@@3U__s_GUID@@B@@@@AAEXXZ 00403560 f i TestClient.obj
 0001:000025b0       ??0CAboutDlg@@QAE@XZ       004035b0 f   TestClientDlg.obj
 0001:000025f0       ?DoDataExchange@CAboutDlg@@MAEXPAVCDataExchange@@@Z 004035f0 f   TestClientDlg.obj
 0001:00002620       ?GetMessageMap@CAboutDlg@@MBEPBUAFX_MSGMAP@@XZ 00403620 f   TestClientDlg.obj
 0001:00002650       ?GetThisMessageMap@CAboutDlg@@KGPBUAFX_MSGMAP@@XZ 00403650 f   TestClientDlg.obj
 0001:00002660       ??0CTestClientDlg@@QAE@PAVCWnd@@@Z 00403660 f   TestClientDlg.obj
 0001:00002700       ?DoDataExchange@CTestClientDlg@@MAEXPAVCDataExchange@@@Z 00403700 f   TestClientDlg.obj
 0001:00002730       ?GetMessageMap@CTestClientDlg@@MBEPBUAFX_MSGMAP@@XZ 00403730 f   TestClientDlg.obj
 0001:00002760       ?GetThisMessageMap@CTestClientDlg@@KGPBUAFX_MSGMAP@@XZ 00403760 f   TestClientDlg.obj
 0001:00002770       ?OnInitDialog@CTestClientDlg@@MAEHXZ 00403770 f   TestClientDlg.obj
 0001:00002950       ?OnSysCommand@CTestClientDlg@@IAEXIJ@Z 00403950 f   TestClientDlg.obj
 0001:00002a30       ?OnPaint@CTestClientDlg@@IAEXXZ 00403a30 f   TestClientDlg.obj
 0001:00002bc0       ?OnQueryDragIcon@CTestClientDlg@@IAEPAUHICON__@@XZ 00403bc0 f   TestClientDlg.obj
 0001:00002be0       ?OnEventFiringObjectInvoke@CTestClientDlg@@IAEJPAV?$TEventHandler@VCTestClientDlg@@UIEventFiringObject@EVENTFIRINGOBJECTLib@@U_IEventFiringObjectEvents@3@@TEventHandlerNamespace@@JABU_GUID@@KGPAUtagDISPPARAMS@@PAUtagVARIANT@@PAUtagEXCEPINFO@@PAI@Z 00403be0 f   TestClientDlg.obj
 0001:00002d10       ?OnDestroy@CTestClientDlg@@IAEXXZ 00403d10 f   TestClientDlg.obj
 0001:00002d80       ?OnButtonCallTestFunction@CTestClientDlg@@IAEXXZ 00403d80 f   TestClientDlg.obj
 0001:00002dc0       ??_GCAboutDlg@@UAEPAXI@Z   00403dc0 f i TestClientDlg.obj
 0001:00002dc0       ??_ECAboutDlg@@UAEPAXI@Z   00403dc0 f i TestClientDlg.obj
 0001:00002e00       ??1CAboutDlg@@UAE@XZ       00403e00 f i TestClientDlg.obj
 0001:00002e30       ??_ECTestClientDlg@@UAEPAXI@Z 00403e30 f i TestClientDlg.obj
 0001:00002e30       ??_GCTestClientDlg@@UAEPAXI@Z 00403e30 f i TestClientDlg.obj
 0001:00002e70       ??0?$_com_ptr_t@V?$_com_IIID@UIEventFiringObject@EVENTFIRINGOBJECTLib@@$1?_GUID_8e396cc0_a266_481e_b6b4_0cb564daa3bc@@3U__s_GUID@@B@@@@QAE@XZ 00403e70 f i TestClientDlg.obj
 0001:00002e90       ??B?$_com_ptr_t@V?$_com_IIID@UIEventFiringObject@EVENTFIRINGOBJECTLib@@$1?_GUID_8e396cc0_a266_481e_b6b4_0cb564daa3bc@@3U__s_GUID@@B@@@@QBEPAUIEventFiringObject@EVENTFIRINGOBJECTLib@@XZ 00403e90 f i TestClientDlg.obj
 0001:00002eb0       ??C?$_com_ptr_t@V?$_com_IIID@UIEventFiringObject@EVENTFIRINGOBJECTLib@@$1?_GUID_8e396cc0_a266_481e_b6b4_0cb564daa3bc@@3U__s_GUID@@B@@@@QBEPAUIEventFiringObject@EVENTFIRINGOBJECTLib@@XZ 00403eb0 f i TestClientDlg.obj
 0001:00002ef0       ?CreateInstance@?$_com_ptr_t@V?$_com_IIID@UIEventFiringObject@EVENTFIRINGOBJECTLib@@$1?_GUID_8e396cc0_a266_481e_b6b4_0cb564daa3bc@@3U__s_GUID@@B@@@@QAEJABU_GUID@@PAUIUnknown@@K@Z 00403ef0 f i TestClientDlg.obj
 0001:00003030       ??0?$TEventHandler@VCTestClientDlg@@UIEventFiringObject@EVENTFIRINGOBJECTLib@@U_IEventFiringObjectEvents@3@@TEventHandlerNamespace@@QAE@AAVCTestClientDlg@@PAUIEventFiringObject@EVENTFIRINGOBJECTLib@@P82@AEJPAV01@JABU_GUID@@KGPAUtagDISPPARAMS@@PAUtagVARIANT@@PAUtagEXCEPINFO@@PAI@Z@Z 00404030 f i TestClientDlg.obj
 0001:000030a0       ?AddRef@?$TEventHandler@VCTestClientDlg@@UIEventFiringObject@EVENTFIRINGOBJECTLib@@U_IEventFiringObjectEvents@3@@TEventHandlerNamespace@@UAGKXZ 004040a0 f i TestClientDlg.obj
 0001:000030d0       ?Release@?$TEventHandler@VCTestClientDlg@@UIEventFiringObject@EVENTFIRINGOBJECTLib@@U_IEventFiringObjectEvents@3@@TEventHandlerNamespace@@UAGKXZ 004040d0 f i TestClientDlg.obj
 0001:00003150       ?QueryInterface@?$TEventHandler@VCTestClientDlg@@UIEventFiringObject@EVENTFIRINGOBJECTLib@@U_IEventFiringObjectEvents@3@@TEventHandlerNamespace@@UAGJABU_GUID@@PAPAX@Z 00404150 f i TestClientDlg.obj
 0001:000031f0       _==                        004041f0 f i TestClientDlg.obj
 0001:00003210       _IsEqualGUID               00404210 f i TestClientDlg.obj
 0001:00003240       ?GetTypeInfoCount@?$TEventHandler@VCTestClientDlg@@UIEventFiringObject@EVENTFIRINGOBJECTLib@@U_IEventFiringObjectEvents@3@@TEventHandlerNamespace@@UAGJPAI@Z 00404240 f i TestClientDlg.obj
 0001:00003250       ?GetTypeInfo@?$TEventHandler@VCTestClientDlg@@UIEventFiringObject@EVENTFIRINGOBJECTLib@@U_IEventFiringObjectEvents@3@@TEventHandlerNamespace@@UAGJIKPAPAUITypeInfo@@@Z 00404250 f i TestClientDlg.obj
 0001:00003260       ?GetIDsOfNames@?$TEventHandler@VCTestClientDlg@@UIEventFiringObject@EVENTFIRINGOBJECTLib@@U_IEventFiringObjectEvents@3@@TEventHandlerNamespace@@UAGJABU_GUID@@PAPA_WIKPAJ@Z 00404260 f i TestClientDlg.obj
 0001:00003270       ?Invoke@?$TEventHandler@VCTestClientDlg@@UIEventFiringObject@EVENTFIRINGOBJECTLib@@U_IEventFiringObjectEvents@3@@TEventHandlerNamespace@@UAGJJABU_GUID@@KGPAUtagDISPPARAMS@@PAUtagVARIANT@@PAUtagEXCEPINFO@@PAI@Z 00404270 f i TestClientDlg.obj
 0001:000032c0       ?ShutdownConnectionPoint@?$TEventHandler@VCTestClientDlg@@UIEventFiringObject@EVENTFIRINGOBJECTLib@@U_IEventFiringObjectEvents@3@@TEventHandlerNamespace@@QAEXXZ 004042c0 f i TestClientDlg.obj
 0001:00003340       ??0IDispatch@@QAE@XZ       00404340 f i TestClientDlg.obj
 0001:00003370       ??_G?$TEventHandler@VCTestClientDlg@@UIEventFiringObject@EVENTFIRINGOBJECTLib@@U_IEventFiringObjectEvents@3@@TEventHandlerNamespace@@QAEPAXI@Z 00404370 f i TestClientDlg.obj
 0001:000033b0       ??0IUnknown@@QAE@XZ        004043b0 f i TestClientDlg.obj
 0001:000033d0       ?GetIID@?$_com_ptr_t@V?$_com_IIID@UIEventFiringObject@EVENTFIRINGOBJECTLib@@$1?_GUID_8e396cc0_a266_481e_b6b4_0cb564daa3bc@@3U__s_GUID@@B@@@@SAABU_GUID@@XZ 004043d0 f i TestClientDlg.obj
 0001:000033f0       ??1?$TEventHandler@VCTestClientDlg@@UIEventFiringObject@EVENTFIRINGOBJECTLib@@U_IEventFiringObjectEvents@3@@TEventHandlerNamespace@@QAE@XZ 004043f0 f i TestClientDlg.obj
 0001:00003420       ?SetupConnectionPoint@?$TEventHandler@VCTestClientDlg@@UIEventFiringObject@EVENTFIRINGOBJECTLib@@U_IEventFiringObjectEvents@3@@TEventHandlerNamespace@@IAEXPAUIEventFiringObject@EVENTFIRINGOBJECTLib@@@Z 00404420 f i TestClientDlg.obj
 0001:000035a0       ?GetIID@?$_com_IIID@UIEventFiringObject@EVENTFIRINGOBJECTLib@@$1?_GUID_8e396cc0_a266_481e_b6b4_0cb564daa3bc@@3U__s_GUID@@B@@SAABU_GUID@@XZ 004045a0 f i TestClientDlg.obj
 0001:000035b0       ?TestFunction@IEventFiringObject@EVENTFIRINGOBJECTLib@@QAEJJ@Z 004045b0 f i TestClientDlg.obj
 0001:00003612       ??3@YAXPAX@Z               00404612 f   mfc80d:MFC80D.DLL
 0001:00003618       ?AfxThrowOleException@@YGXJ@Z 00404618 f   mfc80d:MFC80D.DLL
 0001:0000361e       ?AfxThrowMemoryException@@YGXXZ 0040461e f   mfc80d:MFC80D.DLL
 0001:00003624       ?AfxThrowInvalidArgException@@YGXXZ 00404624 f   mfc80d:MFC80D.DLL
 0001:0000362a       ?GetThisMessageMap@CWinApp@@KGPBUAFX_MSGMAP@@XZ 0040462a f   mfc80d:MFC80D.DLL
 0001:00003630       ?OnHelp@CWinApp@@IAEXXZ    00404630 f   mfc80d:MFC80D.DLL
 0001:00003636       ??0CWinApp@@QAE@PBD@Z      00404636 f   mfc80d:MFC80D.DLL
 0001:0000363c       ?GetRuntimeClass@CWinApp@@UBEPAUCRuntimeClass@@XZ 0040463c f   mfc80d:MFC80D.DLL
 0001:00003642       ?Serialize@CObject@@UAEXAAVCArchive@@@Z 00404642 f   mfc80d:MFC80D.DLL
 0001:00003648       ?AssertValid@CWinApp@@UBEXXZ 00404648 f   mfc80d:MFC80D.DLL
 0001:0000364e       ?Dump@CWinApp@@UBEXAAVCDumpContext@@@Z 0040464e f   mfc80d:MFC80D.DLL
 0001:00003654       ?OnCmdMsg@CCmdTarget@@UAEHIHPAXPAUAFX_CMDHANDLERINFO@@@Z 00404654 f   mfc80d:MFC80D.DLL
 0001:0000365a       ?OnFinalRelease@CCmdTarget@@UAEXXZ 0040465a f   mfc80d:MFC80D.DLL
 0001:00003660       ?IsInvokeAllowed@CCmdTarget@@UAEHJ@Z 00404660 f   mfc80d:MFC80D.DLL
 0001:00003666       ?GetDispatchIID@CCmdTarget@@UAEHPAU_GUID@@@Z 00404666 f   mfc80d:MFC80D.DLL
 0001:0000366c       ?GetTypeInfoCount@CCmdTarget@@UAEIXZ 0040466c f   mfc80d:MFC80D.DLL
 0001:00003672       ?GetTypeLibCache@CCmdTarget@@UAEPAVCTypeLibCache@@XZ 00404672 f   mfc80d:MFC80D.DLL
 0001:00003678       ?GetTypeLib@CCmdTarget@@UAEJKPAPAUITypeLib@@@Z 00404678 f   mfc80d:MFC80D.DLL
 0001:0000367e       ?GetCommandMap@CCmdTarget@@MBEPBUAFX_OLECMDMAP@@XZ 0040467e f   mfc80d:MFC80D.DLL
 0001:00003684       ?GetDispatchMap@CCmdTarget@@MBEPBUAFX_DISPMAP@@XZ 00404684 f   mfc80d:MFC80D.DLL
 0001:0000368a       ?GetConnectionMap@CCmdTarget@@MBEPBUAFX_CONNECTIONMAP@@XZ 0040468a f   mfc80d:MFC80D.DLL
 0001:00003690       ?GetInterfaceMap@CCmdTarget@@MBEPBUAFX_INTERFACEMAP@@XZ 00404690 f   mfc80d:MFC80D.DLL
 0001:00003696       ?GetEventSinkMap@CCmdTarget@@MBEPBUAFX_EVENTSINKMAP@@XZ 00404696 f   mfc80d:MFC80D.DLL
 0001:0000369c       ?OnCreateAggregates@CCmdTarget@@UAEHXZ 0040469c f   mfc80d:MFC80D.DLL
 0001:000036a2       ?GetInterfaceHook@CCmdTarget@@UAEPAUIUnknown@@PBX@Z 004046a2 f   mfc80d:MFC80D.DLL
 0001:000036a8       ?GetExtraConnectionPoints@CCmdTarget@@MAEHPAVCPtrArray@@@Z 004046a8 f   mfc80d:MFC80D.DLL
 0001:000036ae       ?GetConnectionHook@CCmdTarget@@MAEPAUIConnectionPoint@@ABU_GUID@@@Z 004046ae f   mfc80d:MFC80D.DLL
 0001:000036b4       ?Run@CWinApp@@UAEHXZ       004046b4 f   mfc80d:MFC80D.DLL
 0001:000036ba       ?PreTranslateMessage@CWinThread@@UAEHPAUtagMSG@@@Z 004046ba f   mfc80d:MFC80D.DLL
 0001:000036c0       ?PumpMessage@CWinThread@@UAEHXZ 004046c0 f   mfc80d:MFC80D.DLL
 0001:000036c6       ?OnIdle@CWinApp@@UAEHJ@Z   004046c6 f   mfc80d:MFC80D.DLL
 0001:000036cc       ?IsIdleMessage@CWinThread@@UAEHPAUtagMSG@@@Z 004046cc f   mfc80d:MFC80D.DLL
 0001:000036d2       ?ProcessWndProcException@CWinApp@@UAEJPAVCException@@PBUtagMSG@@@Z 004046d2 f   mfc80d:MFC80D.DLL
 0001:000036d8       ?ProcessMessageFilter@CWinThread@@UAEHHPAUtagMSG@@@Z 004046d8 f   mfc80d:MFC80D.DLL
 0001:000036de       ?GetMainWnd@CWinThread@@UAEPAVCWnd@@XZ 004046de f   mfc80d:MFC80D.DLL
 0001:000036e4       ?Delete@CWinThread@@UAEXXZ 004046e4 f   mfc80d:MFC80D.DLL
 0001:000036ea       ?InitLibId@CWinApp@@UAEXXZ 004046ea f   mfc80d:MFC80D.DLL
 0001:000036f0       ?Register@CWinApp@@UAEHXZ  004046f0 f   mfc80d:MFC80D.DLL
 0001:000036f6       ?Unregister@CWinApp@@UAEHXZ 004046f6 f   mfc80d:MFC80D.DLL
 0001:000036fc       ?OpenDocumentFile@CWinApp@@UAEPAVCDocument@@PBD@Z 004046fc f   mfc80d:MFC80D.DLL
 0001:00003702       ?AddToRecentFileList@CWinApp@@UAEXPBD@Z 00404702 f   mfc80d:MFC80D.DLL
 0001:00003708       ?InitApplication@CWinApp@@UAEHXZ 00404708 f   mfc80d:MFC80D.DLL
 0001:0000370e       ?SaveAllModified@CWinApp@@UAEHXZ 0040470e f   mfc80d:MFC80D.DLL
 0001:00003714       ?DoMessageBox@CWinApp@@UAEHPBDII@Z 00404714 f   mfc80d:MFC80D.DLL
 0001:0000371a       ?DoWaitCursor@CWinApp@@UAEXH@Z 0040471a f   mfc80d:MFC80D.DLL
 0001:00003720       ?OnDDECommand@CWinApp@@UAEHPAD@Z 00404720 f   mfc80d:MFC80D.DLL
 0001:00003726       ?WinHelpA@CWinApp@@UAEXKI@Z 00404726 f   mfc80d:MFC80D.DLL
 0001:0000372c       ?HtmlHelpA@CWinApp@@UAEXKI@Z 0040472c f   mfc80d:MFC80D.DLL
 0001:00003732       ?WinHelpInternal@CWinApp@@UAEXKI@Z 00404732 f   mfc80d:MFC80D.DLL
 0001:00003738       ?LoadAppLangResourceDLL@CWinApp@@UAEPAUHINSTANCE__@@XZ 00404738 f   mfc80d:MFC80D.DLL
 0001:0000373e       ?LoadSysPolicies@CWinApp@@UAEHXZ 0040473e f   mfc80d:MFC80D.DLL
 0001:00003744       ??3CObject@@SGXPAX@Z       00404744 f   mfc80d:MFC80D.DLL
 0001:0000374a       ??1CWinApp@@UAE@XZ         0040474a f   mfc80d:MFC80D.DLL
 0001:00003750       ?DoModal@CDialog@@UAEHXZ   00404750 f   mfc80d:MFC80D.DLL
 0001:00003756       ?Enable3dControls@CWinApp@@IAEHXZ 00404756 f   mfc80d:MFC80D.DLL
 0001:0000375c       ?AfxEnableControlContainer@@YAXPAVCOccManager@@@Z 0040475c f   mfc80d:MFC80D.DLL
 0001:00003762       ??1CDialog@@UAE@XZ         00404762 f   mfc80d:MFC80D.DLL
 0001:00003768       ?ExitInstance@CWinApp@@UAEHXZ 00404768 f   mfc80d:MFC80D.DLL
 0001:0000376e       ??0CDialog@@QAE@IPAVCWnd@@@Z 0040476e f   mfc80d:MFC80D.DLL
 0001:00003774       ?GetRuntimeClass@CDialog@@UBEPAUCRuntimeClass@@XZ 00404774 f   mfc80d:MFC80D.DLL
 0001:0000377a       ?AssertValid@CDialog@@UBEXXZ 0040477a f   mfc80d:MFC80D.DLL
 0001:00003780       ?Dump@CDialog@@UBEXAAVCDumpContext@@@Z 00404780 f   mfc80d:MFC80D.DLL
 0001:00003786       ?OnCmdMsg@CDialog@@UAEHIHPAXPAUAFX_CMDHANDLERINFO@@@Z 00404786 f   mfc80d:MFC80D.DLL
 0001:0000378c       ?OnFinalRelease@CWnd@@UAEXXZ 0040478c f   mfc80d:MFC80D.DLL
 0001:00003792       ?GetInterfaceMap@CWnd@@MBEPBUAFX_INTERFACEMAP@@XZ 00404792 f   mfc80d:MFC80D.DLL
 0001:00003798       ?PreSubclassWindow@CWnd@@UAEXXZ 00404798 f   mfc80d:MFC80D.DLL
 0001:0000379e       ?Create@CWnd@@UAEHPBD0KABUtagRECT@@PAV1@IPAUCCreateContext@@@Z 0040479e f   mfc80d:MFC80D.DLL
 0001:000037a4       ?CreateEx@CWnd@@UAEHKPBD0KABUtagRECT@@PAV1@IPAX@Z 004047a4 f   mfc80d:MFC80D.DLL
 0001:000037aa       ?CreateEx@CWnd@@UAEHKPBD0KHHHHPAUHWND__@@PAUHMENU__@@PAX@Z 004047aa f   mfc80d:MFC80D.DLL
 0001:000037b0       ?DestroyWindow@CWnd@@UAEHXZ 004047b0 f   mfc80d:MFC80D.DLL
 0001:000037b6       ?PreCreateWindow@CWnd@@UAEHAAUtagCREATESTRUCTA@@@Z 004047b6 f   mfc80d:MFC80D.DLL
 0001:000037bc       ?CalcWindowRect@CWnd@@UAEXPAUtagRECT@@I@Z 004047bc f   mfc80d:MFC80D.DLL
 0001:000037c2       ?OnToolHitTest@CWnd@@UBEHVCPoint@@PAUtagTOOLINFOA@@@Z 004047c2 f   mfc80d:MFC80D.DLL
 0001:000037c8       ?GetScrollBarCtrl@CWnd@@UBEPAVCScrollBar@@H@Z 004047c8 f   mfc80d:MFC80D.DLL
 0001:000037ce       ?WinHelpA@CWnd@@UAEXKI@Z   004047ce f   mfc80d:MFC80D.DLL
 0001:000037d4       ?HtmlHelpA@CWnd@@UAEXKI@Z  004047d4 f   mfc80d:MFC80D.DLL
 0001:000037da       ?WinHelpInternal@CWnd@@UAEXKI@Z 004047da f   mfc80d:MFC80D.DLL
 0001:000037e0       ?ContinueModal@CWnd@@UAEHXZ 004047e0 f   mfc80d:MFC80D.DLL
 0001:000037e6       ?EndModalLoop@CWnd@@UAEXH@Z 004047e6 f   mfc80d:MFC80D.DLL
 0001:000037ec       ?EnsureStdObj@CWnd@@UAEJXZ 004047ec f   mfc80d:MFC80D.DLL
 0001:000037f2       ?get_accParent@CWnd@@UAEJPAPAUIDispatch@@@Z 004047f2 f   mfc80d:MFC80D.DLL
 0001:000037f8       ?get_accChildCount@CWnd@@UAEJPAJ@Z 004047f8 f   mfc80d:MFC80D.DLL
 0001:000037fe       ?get_accChild@CWnd@@UAEJUtagVARIANT@@PAPAUIDispatch@@@Z 004047fe f   mfc80d:MFC80D.DLL
 0001:00003804       ?get_accName@CWnd@@UAEJUtagVARIANT@@PAPA_W@Z 00404804 f   mfc80d:MFC80D.DLL
 0001:0000380a       ?get_accValue@CWnd@@UAEJUtagVARIANT@@PAPA_W@Z 0040480a f   mfc80d:MFC80D.DLL
 0001:00003810       ?get_accDescription@CWnd@@UAEJUtagVARIANT@@PAPA_W@Z 00404810 f   mfc80d:MFC80D.DLL
 0001:00003816       ?get_accRole@CWnd@@UAEJUtagVARIANT@@PAU2@@Z 00404816 f   mfc80d:MFC80D.DLL
 0001:0000381c       ?get_accState@CWnd@@UAEJUtagVARIANT@@PAU2@@Z 0040481c f   mfc80d:MFC80D.DLL
 0001:00003822       ?get_accHelp@CWnd@@UAEJUtagVARIANT@@PAPA_W@Z 00404822 f   mfc80d:MFC80D.DLL
 0001:00003828       ?get_accHelpTopic@CWnd@@UAEJPAPA_WUtagVARIANT@@PAJ@Z 00404828 f   mfc80d:MFC80D.DLL
 0001:0000382e       ?get_accKeyboardShortcut@CWnd@@UAEJUtagVARIANT@@PAPA_W@Z 0040482e f   mfc80d:MFC80D.DLL
 0001:00003834       ?get_accFocus@CWnd@@UAEJPAUtagVARIANT@@@Z 00404834 f   mfc80d:MFC80D.DLL
 0001:0000383a       ?get_accSelection@CWnd@@UAEJPAUtagVARIANT@@@Z 0040483a f   mfc80d:MFC80D.DLL
 0001:00003840       ?get_accDefaultAction@CWnd@@UAEJUtagVARIANT@@PAPA_W@Z 00404840 f   mfc80d:MFC80D.DLL
 0001:00003846       ?accSelect@CWnd@@UAEJJUtagVARIANT@@@Z 00404846 f   mfc80d:MFC80D.DLL
 0001:0000384c       ?accLocation@CWnd@@UAEJPAJ000UtagVARIANT@@@Z 0040484c f   mfc80d:MFC80D.DLL
 0001:00003852       ?accNavigate@CWnd@@UAEJJUtagVARIANT@@PAU2@@Z 00404852 f   mfc80d:MFC80D.DLL
 0001:00003858       ?accHitTest@CWnd@@UAEJJJPAUtagVARIANT@@@Z 00404858 f   mfc80d:MFC80D.DLL
 0001:0000385e       ?accDoDefaultAction@CWnd@@UAEJUtagVARIANT@@@Z 0040485e f   mfc80d:MFC80D.DLL
 0001:00003864       ?put_accName@CWnd@@UAEJUtagVARIANT@@PA_W@Z 00404864 f   mfc80d:MFC80D.DLL
 0001:0000386a       ?put_accValue@CWnd@@UAEJUtagVARIANT@@PA_W@Z 0040486a f   mfc80d:MFC80D.DLL
 0001:00003870       ?SetProxy@CWnd@@UAEJPAUIAccessibleProxy@@@Z 00404870 f   mfc80d:MFC80D.DLL
 0001:00003876       ?CreateAccessibleProxy@CWnd@@UAEJIJPAJ@Z 00404876 f   mfc80d:MFC80D.DLL
 0001:0000387c       ?OnCommand@CWnd@@MAEHIJ@Z  0040487c f   mfc80d:MFC80D.DLL
 0001:00003882       ?OnNotify@CWnd@@MAEHIJPAJ@Z 00404882 f   mfc80d:MFC80D.DLL
 0001:00003888       ?GetSuperWndProcAddr@CWnd@@MAEPAP6GJPAUHWND__@@IIJ@ZXZ 00404888 f   mfc80d:MFC80D.DLL
 0001:0000388e       ?BeginModalState@CWnd@@UAEXXZ 0040488e f   mfc80d:MFC80D.DLL
 0001:00003894       ?EndModalState@CWnd@@UAEXXZ 00404894 f   mfc80d:MFC80D.DLL
 0001:0000389a       ?PreTranslateMessage@CDialog@@UAEHPAUtagMSG@@@Z 0040489a f   mfc80d:MFC80D.DLL
 0001:000038a0       ?OnAmbientProperty@CWnd@@UAEHPAVCOleControlSite@@JPAUtagVARIANT@@@Z 004048a0 f   mfc80d:MFC80D.DLL
 0001:000038a6       ?WindowProc@CWnd@@MAEJIIJ@Z 004048a6 f   mfc80d:MFC80D.DLL
 0001:000038ac       ?OnWndMsg@CWnd@@MAEHIIJPAJ@Z 004048ac f   mfc80d:MFC80D.DLL
 0001:000038b2       ?DefWindowProcA@CWnd@@MAEJIIJ@Z 004048b2 f   mfc80d:MFC80D.DLL
 0001:000038b8       ?PostNcDestroy@CWnd@@MAEXXZ 004048b8 f   mfc80d:MFC80D.DLL
 0001:000038be       ?OnChildNotify@CWnd@@MAEHIIJPAJ@Z 004048be f   mfc80d:MFC80D.DLL
 0001:000038c4       ?CheckAutoCenter@CDialog@@UAEHXZ 004048c4 f   mfc80d:MFC80D.DLL
 0001:000038ca       ?IsFrameWnd@CWnd@@UBEHXZ   004048ca f   mfc80d:MFC80D.DLL
 0001:000038d0       ?CreateControlContainer@CWnd@@MAEHPAPAVCOleControlContainer@@@Z 004048d0 f   mfc80d:MFC80D.DLL
 0001:000038d6       ?CreateControlSite@CWnd@@MAEHPAVCOleControlContainer@@PAPAVCOleControlSite@@IABU_GUID@@@Z 004048d6 f   mfc80d:MFC80D.DLL
 0001:000038dc       ?SetOccDialogInfo@CDialog@@MAEHPAU_AFX_OCC_DIALOG_INFO@@@Z 004048dc f   mfc80d:MFC80D.DLL
 0001:000038e2       ?GetOccDialogInfo@CDialog@@MAEPAU_AFX_OCC_DIALOG_INFO@@XZ 004048e2 f   mfc80d:MFC80D.DLL
 0001:000038e8       ?Create@CDialog@@UAEHIPAVCWnd@@@Z 004048e8 f   mfc80d:MFC80D.DLL
 0001:000038ee       ?Create@CDialog@@UAEHPBDPAVCWnd@@@Z 004048ee f   mfc80d:MFC80D.DLL
 0001:000038f4       ?CreateIndirect@CDialog@@UAEHPAXPAVCWnd@@@Z 004048f4 f   mfc80d:MFC80D.DLL
 0001:000038fa       ?CreateIndirect@CDialog@@UAEHPBUDLGTEMPLATE@@PAVCWnd@@PAX@Z 004048fa f   mfc80d:MFC80D.DLL
 0001:00003900       ?OnInitDialog@CDialog@@UAEHXZ 00404900 f   mfc80d:MFC80D.DLL
 0001:00003906       ?OnSetFont@CDialog@@UAEXPAVCFont@@@Z 00404906 f   mfc80d:MFC80D.DLL
 0001:0000390c       ?OnOK@CDialog@@MAEXXZ      0040490c f   mfc80d:MFC80D.DLL
 0001:00003912       ?OnCancel@CDialog@@MAEXXZ  00404912 f   mfc80d:MFC80D.DLL
 0001:00003918       ?PreInitDialog@CDialog@@MAEXXZ 00404918 f   mfc80d:MFC80D.DLL
 0001:0000391e       ?DoDataExchange@CWnd@@MAEXPAVCDataExchange@@@Z 0040491e f   mfc80d:MFC80D.DLL
 0001:00003924       ?GetThisMessageMap@CDialog@@KGPBUAFX_MSGMAP@@XZ 00404924 f   mfc80d:MFC80D.DLL
 0001:0000392a       ?LoadIconA@CWinApp@@QBEPAUHICON__@@I@Z 0040492a f   mfc80d:MFC80D.DLL
 0001:00003930       ?AfxGetApp@@YGPAVCWinApp@@XZ 00404930 f   mfc80d:MFC80D.DLL
 0001:00003936       ??3@YAXPAXPBDH@Z           00404936 f   mfc80d:MFC80D.DLL
 0001:0000393c       ??2@YAPAXIPBDH@Z           0040493c f   mfc80d:MFC80D.DLL
 0001:00003942       ?SetIcon@CWnd@@QAEPAUHICON__@@PAU2@H@Z 00404942 f   mfc80d:MFC80D.DLL
 0001:00003948       ??1?$CStringT@DV?$StrTraitMFC_DLL@DV?$ChTraitsCRT@D@ATL@@@@@ATL@@QAE@XZ 00404948 f   mfc80d:MFC80D.DLL
 0001:0000394e       ??B?$CSimpleStringT@D$00@ATL@@QBEPBDXZ 0040494e f   mfc80d:MFC80D.DLL
 0001:00003954       ?AppendMenuA@CMenu@@QAEHIIPBD@Z 00404954 f   mfc80d:MFC80D.DLL
 0001:0000395a       ?IsEmpty@?$CSimpleStringT@D$00@ATL@@QBE_NXZ 0040495a f   mfc80d:MFC80D.DLL
 0001:00003960       ?LoadStringA@?$CStringT@DV?$StrTraitMFC_DLL@DV?$ChTraitsCRT@D@ATL@@@@@ATL@@QAEHI@Z 00404960 f   mfc80d:MFC80D.DLL
 0001:00003966       ??0?$CStringT@DV?$StrTraitMFC_DLL@DV?$ChTraitsCRT@D@ATL@@@@@ATL@@QAE@XZ 00404966 f   mfc80d:MFC80D.DLL
 0001:0000396c       ?GetSystemMenu@CWnd@@QBEPAVCMenu@@H@Z 0040496c f   mfc80d:MFC80D.DLL
 0001:00003972       ?OnSysCommand@CWnd@@IAEXIJ@Z 00404972 f   mfc80d:MFC80D.DLL
 0001:00003978       ?OnPaint@CDialog@@IAEXXZ   00404978 f   mfc80d:MFC80D.DLL
 0001:0000397e       ??1CPaintDC@@UAE@XZ        0040497e f   mfc80d:MFC80D.DLL
 0001:00003984       ?DrawIcon@CDC@@QAEHHHPAUHICON__@@@Z 00404984 f   mfc80d:MFC80D.DLL
 0001:0000398a       ?GetClientRect@CWnd@@QBEXPAUtagRECT@@@Z 0040498a f   mfc80d:MFC80D.DLL
 0001:00003990       ?SendMessageA@CWnd@@QAEJIIJ@Z 00404990 f   mfc80d:MFC80D.DLL
 0001:00003996       ?GetSafeHdc@CDC@@QBEPAUHDC__@@XZ 00404996 f   mfc80d:MFC80D.DLL
 0001:0000399c       ??0CPaintDC@@QAE@PAVCWnd@@@Z 0040499c f   mfc80d:MFC80D.DLL
 0001:000039a2       ?IsIconic@CWnd@@QBEHXZ     004049a2 f   mfc80d:MFC80D.DLL
 0001:000039a8       ?OnDestroy@CWnd@@IAEXXZ    004049a8 f   mfc80d:MFC80D.DLL
 0001:000039b0       ??_Estringdispid@CComTypeInfoHolder@ATL@@QAEPAXI@Z 004049b0 f i mfcs80d:stdafx.obj
 0001:00003a20       ??1stringdispid@CComTypeInfoHolder@ATL@@QAE@XZ 00404a20 f i mfcs80d:stdafx.obj
 0001:00003a40       ??1CComBSTR@ATL@@QAE@XZ    00404a40 f i mfcs80d:stdafx.obj
 0001:00003a60       __RTC_CheckEsp             00404a60 f   msvcrtd:stack.obj
 0001:00003a90       @_RTC_CheckStackVars@8     00404a90 f   msvcrtd:stack.obj
 0001:00003af0       @_RTC_AllocaHelper@12      00404af0 f   msvcrtd:stack.obj
 0001:00003b20       @_RTC_CheckStackVars2@12   00404b20 f   msvcrtd:stack.obj
 0001:00003c00       __RTC_InitBase             00404c00 f   msvcrtd:init.obj
 0001:00003c30       __RTC_Shutdown             00404c30 f   msvcrtd:init.obj
 0001:00003c44       ___CxxFrameHandler3        00404c44 f   msvcrtd:MSVCR80D.dll
 0001:00003c50       @__security_check_cookie@4 00404c50 f   msvcrtd:secchk.obj
 0001:00003c60       __alloca_probe_16          00404c60 f   msvcrtd:alloca16.obj
 0001:00003c76       __alloca_probe_8           00404c76     msvcrtd:alloca16.obj
 0001:00003c90       __allmul                   00404c90 f   msvcrtd:llmul.obj
 0001:00003cc4       __resetstkoflw             00404cc4 f   msvcrtd:MSVCR80D.dll
 0001:00003cca       __CrtDbgReportW            00404cca f   msvcrtd:MSVCR80D.dll
 0001:00003cd0       __except_handler4          00404cd0 f   msvcrtd:chandler4gs.obj
 0001:00003cf8       _wcslen                    00404cf8 f   msvcrtd:MSVCR80D.dll
 0001:00003cfe       _wcscpy_s                  00404cfe f   msvcrtd:MSVCR80D.dll
 0001:00003d04       _malloc                    00404d04 f   msvcrtd:MSVCR80D.dll
 0001:00003d0a       _free                      00404d0a f   msvcrtd:MSVCR80D.dll
 0001:00003d10       _memset                    00404d10 f   msvcrtd:MSVCR80D.dll
 0001:00003d16       _calloc                    00404d16 f   msvcrtd:MSVCR80D.dll
 0001:00003d1c       __recalloc                 00404d1c f   msvcrtd:MSVCR80D.dll
 0001:00003d30       ??0type_info@@AAE@ABV0@@Z  00404d30 f   msvcrtd:ti_inst.obj
 0001:00003d50       ??_Etype_info@@UAEPAXI@Z   00404d50 f i msvcrtd:ti_inst.obj
 0001:00003dc0       ??4type_info@@AAEAAV0@ABV0@@Z 00404dc0 f   msvcrtd:ti_inst.obj
 0001:00003dd0       __onexit                   00404dd0 f   msvcrtd:atonexit.obj
 0001:00003ed0       _atexit                    00404ed0 f   msvcrtd:atonexit.obj
 0001:00003eea       _sprintf                   00404eea f   msvcrtd:MSVCR80D.dll
 0001:00003ef0       _memcmp                    00404ef0 f   msvcrtd:MSVCR80D.dll
 0001:00004000       _WinMainCRTStartup         00405000 f   msvcrtd:crtexew.obj
 0001:00004340       _NtCurrentTeb              00405340 f i msvcrtd:crtexew.obj
 0001:000043fe       ??_V@YAXPAX@Z              004053fe f   msvcrtd:MSVCR80D.dll
 0001:00004410       ??_M@YGXPAXIHP6EX0@Z@Z     00405410 f   msvcrtd:ehvecdtr.obj
 0001:000044c0       ?__ArrayUnwind@@YGXPAXIHP6EX0@Z@Z 004054c0 f   msvcrtd:ehvecdtr.obj
 0001:00004580       _DebuggerKnownHandle       00405580 f   msvcrtd:error.obj
 0001:00004620       ?_RTC_Failure@@YAXPAXH@Z   00405620 f   msvcrtd:error.obj
 0001:00004950       ?_RTC_StackFailure@@YAXPAXPBD@Z 00405950 f   msvcrtd:error.obj
 0001:00004a70       ?_RTC_AllocaFailure@@YAXPAXPAU_RTC_ALLOCA_NODE@@H@Z 00405a70 f   msvcrtd:error.obj
 0001:00004c30       __RTC_UninitUse            00405c30 f   msvcrtd:error.obj
 0001:00004d40       __RTC_NumErrors            00405d40 f   msvcrtd:userapi.obj
 0001:00004d50       __RTC_GetErrDesc           00405d50 f   msvcrtd:userapi.obj
 0001:00004d70       __RTC_SetErrorType         00405d70 f   msvcrtd:userapi.obj
 0001:00004da0       __RTC_SetErrorFunc         00405da0 f   msvcrtd:userapi.obj
 0001:00004dc0       __RTC_SetErrorFuncW        00405dc0 f   msvcrtd:userapi.obj
 0001:00004de0       ?_RTC_GetErrorFunc@@YAP6AHHPBDH00ZZPBX@Z 00405de0 f   msvcrtd:userapi.obj
 0001:00004df0       ?_RTC_GetErrorFuncW@@YAP6AHHPB_WH00ZZPBX@Z 00405df0 f   msvcrtd:userapi.obj
 0001:00004df6       __CRT_RTC_INITW            00405df6 f   msvcrtd:MSVCR80D.dll
 0001:00004e00       ___report_gsfailure        00405e00 f   msvcrtd:gs_report.obj
 0001:00004f10       __chkstk                   00405f10 f   msvcrtd:chkstk.obj
 0001:00004f10       __alloca_probe             00405f10     msvcrtd:chkstk.obj
 0001:00004f3c       __except_handler4_common   00405f3c f   msvcrtd:MSVCR80D.dll
 0001:00004f42       __unlock                   00405f42 f   msvcrtd:MSVCR80D.dll
 0001:00004f48       __encode_pointer           00405f48 f   msvcrtd:MSVCR80D.dll
 0001:00004f4e       ___dllonexit               00405f4e f   msvcrtd:MSVCR80D.dll
 0001:00004f54       __lock                     00405f54 f   msvcrtd:MSVCR80D.dll
 0001:00004f5a       __decode_pointer           00405f5a f   msvcrtd:MSVCR80D.dll
 0001:00004f60       __configthreadlocale       00405f60 f   msvcrtd:MSVCR80D.dll
 0001:00004f70       __setdefaultprecision      00405f70 f   msvcrtd:fp8.obj
 0001:00004fb0       __invoke_watson_if_error   00405fb0 f i msvcrtd:fp8.obj
 0001:00004fda       ___setusermatherr          00405fda f   msvcrtd:MSVCR80D.dll
 0001:00004fe0       __matherr                  00405fe0 f   msvcrtd:merr.obj
 0001:00004ff0       __setargv                  00405ff0 f   msvcrtd:dllargv.obj
 0001:00005000       __RTC_Initialize           00406000 f   msvcrtd:initsect.obj
 0001:00005030       __RTC_Terminate            00406030 f   msvcrtd:initsect.obj
 0001:00005056       ___p__commode              00406056 f   msvcrtd:MSVCR80D.dll
 0001:0000505c       ___p__fmode                0040605c f   msvcrtd:MSVCR80D.dll
 0001:00005062       ___set_app_type            00406062 f   msvcrtd:MSVCR80D.dll
 0001:00005068       __amsg_exit                00406068 f   msvcrtd:MSVCR80D.dll
 0001:0000506e       ___getmainargs             0040606e f   msvcrtd:MSVCR80D.dll
 0001:00005080       ___security_init_cookie    00406080 f   msvcrtd:gs_support.obj
 0001:0000519a       __exit                     0040619a f   msvcrtd:MSVCR80D.dll
 0001:000051a0       __XcptFilter               004061a0 f   msvcrtd:MSVCR80D.dll
 0001:000051a6       __cexit                    004061a6 f   msvcrtd:MSVCR80D.dll
 0001:000051ac       _exit                      004061ac f   msvcrtd:MSVCR80D.dll
 0001:000051b2       __ismbblead                004061b2 f   msvcrtd:MSVCR80D.dll
 0001:000051b8       __CrtSetCheckCount         004061b8 f   msvcrtd:MSVCR80D.dll
 0001:000051c0       __ValidateImageBase        004061c0 f   msvcrtd:pesect.obj
 0001:00005220       __FindPESection            00406220 f   msvcrtd:pesect.obj
 0001:000052a0       __IsNonwritableInCurrentImage 004062a0 f   msvcrtd:pesect.obj
 0001:000053b0       __initterm                 004063b0 f   msvcrtd:MSVCR80D.dll
 0001:000053b6       __initterm_e               004063b6 f   msvcrtd:MSVCR80D.dll
 0001:000053bc       ?terminate@@YAXXZ          004063bc f   msvcrtd:MSVCR80D.dll
 0001:000053d0       ?_RTC_GetSrcLine@@YAHPAEPA_WKPAH1K@Z 004063d0 f   msvcrtd:pdblkup.obj
 0001:0000585c       __crt_debugger_hook        0040685c f   msvcrtd:MSVCR80D.dll
 0001:00005862       ?_type_info_dtor_internal_method@type_info@@QAEXXZ 00406862 f   msvcrtd:MSVCR80D.dll
 0001:00005862       ??1type_info@@UAE@XZ       00406862 f   msvcrtd:MSVCR80D.dll
 0001:00005868       __controlfp_s              00406868 f   msvcrtd:MSVCR80D.dll
 0001:0000586e       __invoke_watson            0040686e f   msvcrtd:MSVCR80D.dll
 0001:00005874       _GetEnvironmentVariableW@12 00406874 f   kernel32:KERNEL32.dll
 0001:0000587a       _GetVersion@0              0040687a f   kernel32:KERNEL32.dll
 0001:00005880       _InterlockedExchange@8     00406880 f   kernel32:KERNEL32.dll
 0001:00005886       _MultiByteToWideChar@24    00406886 f   kernel32:KERNEL32.dll
 0001:0000588c       _GetEnvironmentVariableA@12 0040688c f   kernel32:KERNEL32.dll
 0001:00005892       _CompareStringW@24         00406892 f   kernel32:KERNEL32.dll
 0001:00005898       _CompareStringA@24         00406898 f   kernel32:KERNEL32.dll
 0001:0000589e       _lstrlenW@4                0040689e f   kernel32:KERNEL32.dll
 0001:000058a4       _WideCharToMultiByte@32    004068a4 f   kernel32:KERNEL32.dll
 0001:000058aa       _GetStringTypeExW@20       004068aa f   kernel32:KERNEL32.dll
 0001:000058b0       _GetStringTypeExA@20       004068b0 f   kernel32:KERNEL32.dll
 0001:000058b6       _lstrcmpiW@8               004068b6 f   kernel32:KERNEL32.dll
 0001:000058bc       _lstrcmpiA@8               004068bc f   kernel32:KERNEL32.dll
 0001:000058c2       _lstrlenA@4                004068c2 f   kernel32:KERNEL32.dll
 0001:000058c8       _GetLastError@0            004068c8 f   kernel32:KERNEL32.dll
 0001:000058ce       _InterlockedIncrement@4    004068ce f   kernel32:KERNEL32.dll
 0001:000058d4       _InterlockedDecrement@4    004068d4 f   kernel32:KERNEL32.dll
 0001:000058da       _Sleep@4                   004068da f   kernel32:KERNEL32.dll
 0001:000058e0       _InterlockedCompareExchange@12 004068e0 f   kernel32:KERNEL32.dll
 0001:000058e6       _GetStartupInfoA@4         004068e6 f   kernel32:KERNEL32.dll
 0001:000058ec       _RaiseException@16         004068ec f   kernel32:KERNEL32.dll
 0001:000058f2       _DebugBreak@0              004068f2 f   kernel32:KERNEL32.dll
 0001:000058f8       _IsDebuggerPresent@0       004068f8 f   kernel32:KERNEL32.dll
 0001:000058fe       _GetProcAddress@8          004068fe f   kernel32:KERNEL32.dll
 0001:00005904       _LoadLibraryA@4            00406904 f   kernel32:KERNEL32.dll
 0001:0000590a       _TerminateProcess@8        0040690a f   kernel32:KERNEL32.dll
 0001:00005910       _GetCurrentProcess@0       00406910 f   kernel32:KERNEL32.dll
 0001:00005916       _UnhandledExceptionFilter@4 00406916 f   kernel32:KERNEL32.dll
 0001:0000591c       _SetUnhandledExceptionFilter@4 0040691c f   kernel32:KERNEL32.dll
 0001:00005922       _QueryPerformanceCounter@4 00406922 f   kernel32:KERNEL32.dll
 0001:00005928       _GetTickCount@0            00406928 f   kernel32:KERNEL32.dll
 0001:0000592e       _GetCurrentThreadId@0      0040692e f   kernel32:KERNEL32.dll
 0001:00005934       _GetCurrentProcessId@0     00406934 f   kernel32:KERNEL32.dll
 0001:0000593a       _GetSystemTimeAsFileTime@4 0040693a f   kernel32:KERNEL32.dll
 0001:00005940       _FatalAppExitA@8           00406940 f   kernel32:KERNEL32.dll
 0001:00005946       _HeapFree@12               00406946 f   kernel32:KERNEL32.dll
 0001:0000594c       _HeapAlloc@12              0040694c f   kernel32:KERNEL32.dll
 0001:00005952       _GetProcessHeap@0          00406952 f   kernel32:KERNEL32.dll
 0001:00005958       _GetModuleFileNameW@12     00406958 f   kernel32:KERNEL32.dll
 0001:0000595e       _VirtualQuery@12           0040695e f   kernel32:KERNEL32.dll
 0001:00005964       _FreeLibrary@4             00406964 f   kernel32:KERNEL32.dll
 0001:0000596a       _CharLowerW@4              0040696a f   user32:USER32.dll
 0001:00005970       _CharLowerA@4              00406970 f   user32:USER32.dll
 0001:00005976       _CharUpperW@4              00406976 f   user32:USER32.dll
 0001:0000597c       _CharUpperA@4              0040697c f   user32:USER32.dll
 0001:00005982       _GetSystemMetrics@4        00406982 f   user32:USER32.dll
 0001:00005988       _MessageBoxA@16            00406988 f   user32:USER32.dll
 0001:0000598e       _CoInitialize@4            0040698e f   ole32:ole32.dll
 0001:00005994       _CoUninitialize@0          00406994 f   ole32:ole32.dll
 0001:0000599a       _OleRun@4                  0040699a f   ole32:ole32.dll
 0001:000059a0       _CoCreateInstance@20       004069a0 f   ole32:ole32.dll
 0001:000059a6       _VariantClear@4            004069a6 f   oleaut32:OLEAUT32.dll
 0001:000059ac       _VariantInit@4             004069ac f   oleaut32:OLEAUT32.dll
 0001:000059b2       _SysFreeString@4           004069b2 f   oleaut32:OLEAUT32.dll
 0001:000059c0       ?_set_com_error_handler@@YGXP6GXJPAUIErrorInfo@@@Z@Z 004069c0 f   comsuppwd:comsupp.obj
 0001:000059d0       ?_com_issue_error@@YGXJ@Z  004069d0 f   comsuppwd:comsupp.obj
 0001:000059f0       ?_com_issue_errorex@@YGXJPAUIUnknown@@ABU_GUID@@@Z 004069f0 f   comsuppwd:comsupp.obj
 0001:00005a80       ?_com_dispatch_method@@YAJPAUIDispatch@@JGGPAXPB_WZZ 00406a80 f   comsuppwd:comsupp.obj
 0001:00005ae0       ?_com_dispatch_propget@@YGJPAUIDispatch@@JGPAX@Z 00406ae0 f   comsuppwd:comsupp.obj
 0001:00005b10       ?_com_dispatch_propput@@YAJPAUIDispatch@@JGZZ 00406b10 f   comsuppwd:comsupp.obj
 0001:00005ba0       ?_com_raise_error@@YGXJPAUIErrorInfo@@@Z 00406ba0 f   comsuppwd:comraise.obj
 0001:00005bd0       ??0_com_error@@QAE@JPAUIErrorInfo@@_N@Z 00406bd0 f i comsuppwd:comraise.obj
 0001:00005c30       ??_G_com_error@@UAEPAXI@Z  00406c30 f i comsuppwd:comraise.obj
 0001:00005c30       ??_E_com_error@@UAEPAXI@Z  00406c30 f i comsuppwd:comraise.obj
 0001:00005c60       ??0_com_error@@QAE@ABV0@@Z 00406c60 f i comsuppwd:comraise.obj
 0001:00005cc0       ??1_com_error@@UAE@XZ      00406cc0 f i comsuppwd:comraise.obj
 0001:00005d10       ?_com_invoke_helper@@YAJPAUIDispatch@@JGGPAXPB_WPADPAPAUIErrorInfo@@@Z 00406d10 f   comsuppwd:invkprxy.obj
 0001:00006bb0       ?_com_dispatch_raw_method@@YAJPAUIDispatch@@JGGPAXPB_WZZ 00407bb0 f   comsuppwd:invkprxy.obj
 0001:00006c10       ?_com_dispatch_raw_propget@@YGJPAUIDispatch@@JGPAX@Z 00407c10 f   comsuppwd:invkprxy.obj
 0001:00006c40       ?_com_dispatch_raw_propput@@YAJPAUIDispatch@@JGZZ 00407c40 f   comsuppwd:invkprxy.obj
 0001:00006cd0       ?_com_handle_excepinfo@@YGJAAUtagEXCEPINFO@@PAPAUIErrorInfo@@@Z 00407cd0 f   comsuppwd:invkerr.obj
 0001:00006e40       ?WCodeToHRESULT@_com_error@@SAJG@Z 00407e40 f i comsuppwd:invkerr.obj
 0001:00006e70       ?_AtlGetThreadACPThunk@ATL@@YGIXZ 00407e70 f i atlsd:atltrace.obj
 0001:00006ef0       ?_AtlGetThreadACPFake@ATL@@YGIXZ 00407ef0 f i atlsd:atltrace.obj
 0001:00006f80       ?_AtlGetThreadACPReal@ATL@@YGIXZ 00407f80 f i atlsd:atltrace.obj
 0001:00006f90       ??0CTraceCategory@ATL@@QAE@PBDI@Z 00407f90 f i atlsd:atltrace.obj
 0001:00006fe0       ?ChangeCategory@CTrace@ATL@@QAE_NKIW4ATLTRACESTATUS@2@@Z 00407fe0 f i atlsd:atltrace.obj
 0001:00007010       ?RegisterCategory@CTrace@ATL@@QAEKPBD@Z 00408010 f i atlsd:atltrace.obj
 0001:00007030       ??0CAtlAllocator@@QAE@XZ   00408030 f i atlsd:Externs.obj
 0001:00007080       ??0CTraceSnapshot@@QAE@XZ  00408080 f i atlsd:Externs.obj
 0001:000070b0       ??0?$CSimpleArray@UCModuleInfo@CTraceSnapshot@@V?$CSimpleArrayEqualHelper@UCModuleInfo@CTraceSnapshot@@@ATL@@@ATL@@QAE@XZ 004080b0 f i atlsd:Externs.obj
 0001:000070e0       ??0?$CSimpleArray@KV?$CSimpleArrayEqualHelper@K@ATL@@@ATL@@QAE@XZ 004080e0 f i atlsd:Externs.obj
 0001:00007230       ??0CAtlException@ATL@@QAE@J@Z 00408230 f i atlsd:Externs.obj
 0001:00007250       ?AtlCrtErrorCheck@ATL@@YAHH@Z 00408250 f i atlsd:Externs.obj
 0001:00007300       ?_AtlRaiseException@ATL@@YAXKK@Z 00408300 f i atlsd:Externs.obj
 0001:00007320       ??0CTrace@ATL@@AAE@P6AHHPBDH00ZZ@Z 00408320 f i atlsd:Externs.obj
 0001:00007360       ??1CAtlAllocator@@QAE@XZ   00408360 f i atlsd:Externs.obj
 0001:00007380       ??1CTraceSnapshot@@QAE@XZ  00408380 f i atlsd:Externs.obj
 0001:000073a0       ??1?$CSimpleArray@UCModuleInfo@CTraceSnapshot@@V?$CSimpleArrayEqualHelper@UCModuleInfo@CTraceSnapshot@@@ATL@@@ATL@@QAE@XZ 004083a0 f i atlsd:Externs.obj
 0001:000073c0       ??1?$CSimpleArray@KV?$CSimpleArrayEqualHelper@K@ATL@@@ATL@@QAE@XZ 004083c0 f i atlsd:Externs.obj
 0001:000073e0       ?RemoveAll@?$CSimpleArray@UCModuleInfo@CTraceSnapshot@@V?$CSimpleArrayEqualHelper@UCModuleInfo@CTraceSnapshot@@@ATL@@@ATL@@QAEXXZ 004083e0 f i atlsd:Externs.obj
 0001:00007440       ?RemoveAll@?$CSimpleArray@KV?$CSimpleArrayEqualHelper@K@ATL@@@ATL@@QAEXXZ 00408440 f i atlsd:Externs.obj
 0001:000074a0       ??1CTrace@ATL@@AAE@XZ      004084a0 f i atlsd:Externs.obj
 0001:000074c0       ?NotifyTool@ATL@@YGXXZ     004084c0 f   atlsd:AtlDebugAPI.obj
 0001:00007500       _AtlTraceRegister@8        00408500 f   atlsd:AtlDebugAPI.obj
 0001:00007570       _AtlTraceUnregister@4      00408570 f   atlsd:AtlDebugAPI.obj
 0001:000075a0       _AtlTraceRegisterCategoryA@8 004085a0 f   atlsd:AtlDebugAPI.obj
 0001:000075f0       _AtlTraceRegisterCategoryU@8 004085f0 f   atlsd:AtlDebugAPI.obj
 0001:00007630       _AtlTraceModifyProcess@20  00408630 f   atlsd:AtlDebugAPI.obj
 0001:000076d0       _AtlTraceModifyModule@16   004086d0 f   atlsd:AtlDebugAPI.obj
 0001:000077b0       _AtlTraceModifyCategory@16 004087b0 f   atlsd:AtlDebugAPI.obj
 0001:00007860       _AtlTraceGetProcess@20     00408860 f   atlsd:AtlDebugAPI.obj
 0001:00007930       _AtlTraceGetModule@16      00408930 f   atlsd:AtlDebugAPI.obj
 0001:00007a40       _AtlTraceGetCategory@16    00408a40 f   atlsd:AtlDebugAPI.obj
 0001:00007b20       _AtlTraceGetUpdateEventNameA@4 00408b20 f   atlsd:AtlDebugAPI.obj
 0001:00007b50       _AtlTraceGetUpdateEventNameA_s@8 00408b50 f   atlsd:AtlDebugAPI.obj
 0001:00007b80       _AtlTraceGetUpdateEventNameU@4 00408b80 f   atlsd:AtlDebugAPI.obj
 0001:00007bd0       _AtlTraceGetUpdateEventNameU_s@8 00408bd0 f   atlsd:AtlDebugAPI.obj
 0001:00007c30       _AtlTraceVA                00408c30 f   atlsd:AtlDebugAPI.obj
 0001:00007f50       _AtlTraceVU                00408f50 f   atlsd:AtlDebugAPI.obj
 0001:000082a0       _AtlTraceOpenProcess@4     004092a0 f   atlsd:AtlDebugAPI.obj
 0001:00008390       _AtlTraceCloseProcess@4    00409390 f   atlsd:AtlDebugAPI.obj
 0001:00008420       _AtlTraceSnapshotProcess@4 00409420 f   atlsd:AtlDebugAPI.obj
 0001:00008490       _AtlTraceGetProcessInfo@8  00409490 f   atlsd:AtlDebugAPI.obj
 0001:00008630       _AtlTraceGetModuleInfo@12  00409630 f   atlsd:AtlDebugAPI.obj
 0001:000087c0       _AtlTraceGetCategoryInfo@16 004097c0 f   atlsd:AtlDebugAPI.obj
 0001:00008b40       ?GetProcess@CAtlAllocator@@QBEPAVCAtlTraceProcess@@XZ 00409b40 f i atlsd:AtlDebugAPI.obj
 0001:00008b60       ?Name@CAtlTraceCategory@@QBEPB_WXZ 00409b60 f i atlsd:AtlDebugAPI.obj
 0001:00008b80       ??_GCAtlAllocator@@QAEPAXI@Z 00409b80 f i atlsd:AtlDebugAPI.obj
 0001:00008bb0       ?Path@CAtlTraceModuleInfo@@QBEPB_WXZ 00409bb0 f i atlsd:AtlDebugAPI.obj
 0001:00008bd0       ?Name@CAtlTraceModuleInfo@@QBEPB_WXZ 00409bd0 f i atlsd:AtlDebugAPI.obj
 0001:00008bf0       ?Id@CAtlTraceProcess@@QBEKXZ 00409bf0 f i atlsd:AtlDebugAPI.obj
 0001:00008c10       ?CrtDbgReport@CAtlTraceModule@@QBEP6AHHPBDH00ZZXZ 00409c10 f i atlsd:AtlDebugAPI.obj
 0001:00008c30       ?GetSize@?$CSimpleArray@UCModuleInfo@CTraceSnapshot@@V?$CSimpleArrayEqualHelper@UCModuleInfo@CTraceSnapshot@@@ATL@@@ATL@@QBEHXZ 00409c30 f i atlsd:AtlDebugAPI.obj
 0001:00008c50       ??A?$CSimpleArray@UCModuleInfo@CTraceSnapshot@@V?$CSimpleArrayEqualHelper@UCModuleInfo@CTraceSnapshot@@@ATL@@@ATL@@QAEAAUCModuleInfo@CTraceSnapshot@@H@Z 00409c50 f i atlsd:AtlDebugAPI.obj
 0001:00008cc0       ?strcpy_s@Checked@ATL@@YAXPADIPBD@Z 00409cc0 f i atlsd:AtlDebugAPI.obj
 0001:00008cf0       ??0?$CA2WEX@$0IA@@ATL@@QAE@PBD@Z 00409cf0 f i atlsd:AtlDebugAPI.obj
 0001:00008d20       ??1?$CA2WEX@$0IA@@ATL@@QAE@XZ 00409d20 f i atlsd:AtlDebugAPI.obj
 0001:00008d50       ??B?$CA2WEX@$0IA@@ATL@@QBEPA_WXZ 00409d50 f i atlsd:AtlDebugAPI.obj
 0001:00008d60       ?Init@?$CA2WEX@$0IA@@ATL@@AAEXPBDI@Z 00409d60 f i atlsd:AtlDebugAPI.obj
 0001:00008e60       ??$AtlConvFreeMemory@_W@ATL@@YAXPA_W0H@Z 00409e60 f i atlsd:AtlDebugAPI.obj
 0001:00008ea0       ??$AtlConvAllocMemory@_W@ATL@@YAXPAPA_WHPA_WH@Z 00409ea0 f i atlsd:AtlDebugAPI.obj
 0001:00009020       ??0CSize@@QAE@XZ           0040a020 f   atlsd:atltypes.obj
 0001:00009030       ??0CSize@@QAE@HH@Z         0040a030 f   atlsd:atltypes.obj
 0001:00009060       ??0CSize@@QAE@UtagSIZE@@@Z 0040a060 f   atlsd:atltypes.obj
 0001:00009080       ??0CSize@@QAE@UtagPOINT@@@Z 0040a080 f   atlsd:atltypes.obj
 0001:000090a0       ??0CSize@@QAE@K@Z          0040a0a0 f   atlsd:atltypes.obj
 0001:000090d0       ??8CSize@@QBEHUtagSIZE@@@Z 0040a0d0 f   atlsd:atltypes.obj
 0001:00009110       ??9CSize@@QBEHUtagSIZE@@@Z 0040a110 f   atlsd:atltypes.obj
 0001:00009150       ??YCSize@@QAEXUtagSIZE@@@Z 0040a150 f   atlsd:atltypes.obj
 0001:00009180       ??ZCSize@@QAEXUtagSIZE@@@Z 0040a180 f   atlsd:atltypes.obj
 0001:000091b0       ?SetSize@CSize@@QAEXHH@Z   0040a1b0 f   atlsd:atltypes.obj
 0001:000091d0       ??HCSize@@QBE?AV0@UtagSIZE@@@Z 0040a1d0 f   atlsd:atltypes.obj
 0001:00009200       ??GCSize@@QBE?AV0@UtagSIZE@@@Z 0040a200 f   atlsd:atltypes.obj
 0001:00009230       ??GCSize@@QBE?AV0@XZ       0040a230 f   atlsd:atltypes.obj
 0001:00009260       ??HCSize@@QBE?AVCPoint@@UtagPOINT@@@Z 0040a260 f   atlsd:atltypes.obj
 0001:00009290       ??GCSize@@QBE?AVCPoint@@UtagPOINT@@@Z 0040a290 f   atlsd:atltypes.obj
 0001:000092c0       ??HCSize@@QBE?AVCRect@@PBUtagRECT@@@Z 0040a2c0 f   atlsd:atltypes.obj
 0001:00009300       ??GCSize@@QBE?AVCRect@@PBUtagRECT@@@Z 0040a300 f   atlsd:atltypes.obj
 0001:00009340       ??0CPoint@@QAE@XZ          0040a340 f   atlsd:atltypes.obj
 0001:00009350       ??0CPoint@@QAE@HH@Z        0040a350 f   atlsd:atltypes.obj
 0001:00009380       ??0CPoint@@QAE@UtagPOINT@@@Z 0040a380 f   atlsd:atltypes.obj
 0001:000093a0       ??0CPoint@@QAE@UtagSIZE@@@Z 0040a3a0 f   atlsd:atltypes.obj
 0001:000093c0       ??0CPoint@@QAE@J@Z         0040a3c0 f   atlsd:atltypes.obj
 0001:000093f0       ?Offset@CPoint@@QAEXHH@Z   0040a3f0 f   atlsd:atltypes.obj
 0001:00009420       ?Offset@CPoint@@QAEXUtagPOINT@@@Z 0040a420 f   atlsd:atltypes.obj
 0001:00009450       ?Offset@CPoint@@QAEXUtagSIZE@@@Z 0040a450 f   atlsd:atltypes.obj
 0001:00009480       ?SetPoint@CPoint@@QAEXHH@Z 0040a480 f   atlsd:atltypes.obj
 0001:000094a0       ??8CPoint@@QBEHUtagPOINT@@@Z 0040a4a0 f   atlsd:atltypes.obj
 0001:000094e0       ??9CPoint@@QBEHUtagPOINT@@@Z 0040a4e0 f   atlsd:atltypes.obj
 0001:00009520       ??YCPoint@@QAEXUtagSIZE@@@Z 0040a520 f   atlsd:atltypes.obj
 0001:00009550       ??ZCPoint@@QAEXUtagSIZE@@@Z 0040a550 f   atlsd:atltypes.obj
 0001:00009580       ??YCPoint@@QAEXUtagPOINT@@@Z 0040a580 f   atlsd:atltypes.obj
 0001:000095b0       ??ZCPoint@@QAEXUtagPOINT@@@Z 0040a5b0 f   atlsd:atltypes.obj
 0001:000095e0       ??HCPoint@@QBE?AV0@UtagSIZE@@@Z 0040a5e0 f   atlsd:atltypes.obj
 0001:00009610       ??GCPoint@@QBE?AV0@UtagSIZE@@@Z 0040a610 f   atlsd:atltypes.obj
 0001:00009640       ??GCPoint@@QBE?AV0@XZ      0040a640 f   atlsd:atltypes.obj
 0001:00009670       ??HCPoint@@QBE?AV0@UtagPOINT@@@Z 0040a670 f   atlsd:atltypes.obj
 0001:000096a0       ??GCPoint@@QBE?AVCSize@@UtagPOINT@@@Z 0040a6a0 f   atlsd:atltypes.obj
 0001:000096d0       ??HCPoint@@QBE?AVCRect@@PBUtagRECT@@@Z 0040a6d0 f   atlsd:atltypes.obj
 0001:00009710       ??GCPoint@@QBE?AVCRect@@PBUtagRECT@@@Z 0040a710 f   atlsd:atltypes.obj
 0001:00009750       ??0CRect@@QAE@XZ           0040a750 f   atlsd:atltypes.obj
 0001:00009760       ??0CRect@@QAE@HHHH@Z       0040a760 f   atlsd:atltypes.obj
 0001:000097a0       ??0CRect@@QAE@ABUtagRECT@@@Z 0040a7a0 f   atlsd:atltypes.obj
 0001:000097c0       ??0CRect@@QAE@PBUtagRECT@@@Z 0040a7c0 f   atlsd:atltypes.obj
 0001:000097e0       ??0CRect@@QAE@UtagPOINT@@UtagSIZE@@@Z 0040a7e0 f   atlsd:atltypes.obj
 0001:00009820       ??0CRect@@QAE@UtagPOINT@@0@Z 0040a820 f   atlsd:atltypes.obj
 0001:00009860       ?Width@CRect@@QBEHXZ       0040a860 f   atlsd:atltypes.obj
 0001:00009880       ?Height@CRect@@QBEHXZ      0040a880 f   atlsd:atltypes.obj
 0001:000098a0       ?Size@CRect@@QBE?AVCSize@@XZ 0040a8a0 f   atlsd:atltypes.obj
 0001:000098e0       ?TopLeft@CRect@@QAEAAVCPoint@@XZ 0040a8e0 f   atlsd:atltypes.obj
 0001:000098f0       ?BottomRight@CRect@@QAEAAVCPoint@@XZ 0040a8f0 f   atlsd:atltypes.obj
 0001:00009910       ?TopLeft@CRect@@QBEABVCPoint@@XZ 0040a910 f   atlsd:atltypes.obj
 0001:00009920       ?BottomRight@CRect@@QBEABVCPoint@@XZ 0040a920 f   atlsd:atltypes.obj
 0001:00009940       ?CenterPoint@CRect@@QBE?AVCPoint@@XZ 0040a940 f   atlsd:atltypes.obj
 0001:00009980       ?SwapLeftRight@CRect@@QAEXXZ 0040a980 f   atlsd:atltypes.obj
 0001:000099a0       ?SwapLeftRight@CRect@@SGXPAUtagRECT@@@Z 0040a9a0 f   atlsd:atltypes.obj
 0001:000099d0       ??BCRect@@QAEPAUtagRECT@@XZ 0040a9d0 f   atlsd:atltypes.obj
 0001:000099e0       ??BCRect@@QBEPBUtagRECT@@XZ 0040a9e0 f   atlsd:atltypes.obj
 0001:000099f0       ?IsRectEmpty@CRect@@QBEHXZ 0040a9f0 f   atlsd:atltypes.obj
 0001:00009a10       ?IsRectNull@CRect@@QBEHXZ  0040aa10 f   atlsd:atltypes.obj
 0001:00009a60       ?PtInRect@CRect@@QBEHUtagPOINT@@@Z 0040aa60 f   atlsd:atltypes.obj
 0001:00009a80       ?SetRect@CRect@@QAEXHHHH@Z 0040aa80 f   atlsd:atltypes.obj
 0001:00009ab0       ?SetRect@CRect@@QAEXUtagPOINT@@0@Z 0040aab0 f   atlsd:atltypes.obj
 0001:00009ae0       ?SetRectEmpty@CRect@@QAEXXZ 0040aae0 f   atlsd:atltypes.obj
 0001:00009b00       ?CopyRect@CRect@@QAEXPBUtagRECT@@@Z 0040ab00 f   atlsd:atltypes.obj
 0001:00009b20       ?EqualRect@CRect@@QBEHPBUtagRECT@@@Z 0040ab20 f   atlsd:atltypes.obj
 0001:00009b40       ?InflateRect@CRect@@QAEXHH@Z 0040ab40 f   atlsd:atltypes.obj
 0001:00009b60       ?InflateRect@CRect@@QAEXUtagSIZE@@@Z 0040ab60 f   atlsd:atltypes.obj
 0001:00009b80       ?DeflateRect@CRect@@QAEXHH@Z 0040ab80 f   atlsd:atltypes.obj
 0001:00009bb0       ?DeflateRect@CRect@@QAEXUtagSIZE@@@Z 0040abb0 f   atlsd:atltypes.obj
 0001:00009be0       ?OffsetRect@CRect@@QAEXHH@Z 0040abe0 f   atlsd:atltypes.obj
 0001:00009c00       ?OffsetRect@CRect@@QAEXUtagPOINT@@@Z 0040ac00 f   atlsd:atltypes.obj
 0001:00009c20       ?OffsetRect@CRect@@QAEXUtagSIZE@@@Z 0040ac20 f   atlsd:atltypes.obj
 0001:00009c40       ?MoveToY@CRect@@QAEXH@Z    0040ac40 f   atlsd:atltypes.obj
 0001:00009c70       ?MoveToX@CRect@@QAEXH@Z    0040ac70 f   atlsd:atltypes.obj
 0001:00009ca0       ?MoveToXY@CRect@@QAEXHH@Z  0040aca0 f   atlsd:atltypes.obj
 0001:00009cd0       ?MoveToXY@CRect@@QAEXUtagPOINT@@@Z 0040acd0 f   atlsd:atltypes.obj
 0001:00009d00       ?IntersectRect@CRect@@QAEHPBUtagRECT@@0@Z 0040ad00 f   atlsd:atltypes.obj
 0001:00009d20       ?UnionRect@CRect@@QAEHPBUtagRECT@@0@Z 0040ad20 f   atlsd:atltypes.obj
 0001:00009d40       ??4CRect@@QAEXABUtagRECT@@@Z 0040ad40 f   atlsd:atltypes.obj
 0001:00009d60       ??8CRect@@QBEHABUtagRECT@@@Z 0040ad60 f   atlsd:atltypes.obj
 0001:00009d80       ??9CRect@@QBEHABUtagRECT@@@Z 0040ad80 f   atlsd:atltypes.obj
 0001:00009db0       ??YCRect@@QAEXUtagPOINT@@@Z 0040adb0 f   atlsd:atltypes.obj
 0001:00009dd0       ??YCRect@@QAEXUtagSIZE@@@Z 0040add0 f   atlsd:atltypes.obj
 0001:00009df0       ??YCRect@@QAEXPBUtagRECT@@@Z 0040adf0 f   atlsd:atltypes.obj
 0001:00009e10       ??ZCRect@@QAEXUtagPOINT@@@Z 0040ae10 f   atlsd:atltypes.obj
 0001:00009e40       ??ZCRect@@QAEXUtagSIZE@@@Z 0040ae40 f   atlsd:atltypes.obj
 0001:00009e70       ??ZCRect@@QAEXPBUtagRECT@@@Z 0040ae70 f   atlsd:atltypes.obj
 0001:00009e90       ??_4CRect@@QAEXABUtagRECT@@@Z 0040ae90 f   atlsd:atltypes.obj
 0001:00009eb0       ??_5CRect@@QAEXABUtagRECT@@@Z 0040aeb0 f   atlsd:atltypes.obj
 0001:00009ed0       ??HCRect@@QBE?AV0@UtagPOINT@@@Z 0040aed0 f   atlsd:atltypes.obj
 0001:00009f30       ??GCRect@@QBE?AV0@UtagPOINT@@@Z 0040af30 f   atlsd:atltypes.obj
 0001:00009f90       ??HCRect@@QBE?AV0@UtagSIZE@@@Z 0040af90 f   atlsd:atltypes.obj
 0001:00009ff0       ??GCRect@@QBE?AV0@UtagSIZE@@@Z 0040aff0 f   atlsd:atltypes.obj
 0001:0000a050       ??HCRect@@QBE?AV0@PBUtagRECT@@@Z 0040b050 f   atlsd:atltypes.obj
 0001:0000a0a0       ??GCRect@@QBE?AV0@PBUtagRECT@@@Z 0040b0a0 f   atlsd:atltypes.obj
 0001:0000a0f0       ??ICRect@@QBE?AV0@ABUtagRECT@@@Z 0040b0f0 f   atlsd:atltypes.obj
 0001:0000a140       ??UCRect@@QBE?AV0@ABUtagRECT@@@Z 0040b140 f   atlsd:atltypes.obj
 0001:0000a190       ?SubtractRect@CRect@@QAEHPBUtagRECT@@0@Z 0040b190 f   atlsd:atltypes.obj
 0001:0000a1b0       ?NormalizeRect@CRect@@QAEXXZ 0040b1b0 f   atlsd:atltypes.obj
 0001:0000a220       ?InflateRect@CRect@@QAEXPBUtagRECT@@@Z 0040b220 f   atlsd:atltypes.obj
 0001:0000a280       ?InflateRect@CRect@@QAEXHHHH@Z 0040b280 f   atlsd:atltypes.obj
 0001:0000a2d0       ?DeflateRect@CRect@@QAEXPBUtagRECT@@@Z 0040b2d0 f   atlsd:atltypes.obj
 0001:0000a330       ?DeflateRect@CRect@@QAEXHHHH@Z 0040b330 f   atlsd:atltypes.obj
 0001:0000a380       ?MulDiv@CRect@@QBE?AV1@HH@Z 0040b380 f   atlsd:atltypes.obj
 0001:0000a3f0       ?Init@CAtlAllocator@@QAE_NPBDK@Z 0040b3f0 f   atlsd:Allocate.obj
 0001:0000a730       ?Open@CAtlAllocator@@QAE_NPBD@Z 0040b730 f   atlsd:Allocate.obj
 0001:0000a870       ?Close@CAtlAllocator@@QAEX_N@Z 0040b870 f   atlsd:Allocate.obj
 0001:0000a8e0       ?GetModule@CAtlAllocator@@QBEPAVCAtlTraceModule@@H@Z 0040b8e0 f   atlsd:Allocate.obj
 0001:0000a960       ?GetCategory@CAtlAllocator@@QBEPAVCAtlTraceCategory@@H@Z 0040b960 f   atlsd:Allocate.obj
 0001:0000aa00       ?GetCategoryCount@CAtlAllocator@@QBEHH@Z 0040ba00 f   atlsd:Allocate.obj
 0001:0000aa70       ?GetCategoryCount@CAtlAllocator@@QBEHABVCAtlTraceModule@@@Z 0040ba70 f   atlsd:Allocate.obj
 0001:0000aad0       ?GetModuleCount@CAtlAllocator@@QBEHXZ 0040bad0 f   atlsd:Allocate.obj
 0001:0000ab10       ?FindModule@CAtlAllocator@@QBE_NPB_WPAI@Z 0040bb10 f   atlsd:Allocate.obj
 0001:0000ab80       ?AddModule@CAtlAllocator@@QAEHPAUHINSTANCE__@@@Z 0040bb80 f   atlsd:Allocate.obj
 0001:0000ad40       ?AddCategory@CAtlAllocator@@QAEHHPB_W@Z 0040bd40 f   atlsd:Allocate.obj
 0001:0000af60       ?RemoveModule@CAtlAllocator@@QAE_NH@Z 0040bf60 f   atlsd:Allocate.obj
 0001:0000b000       ?CleanUp@CAtlAllocator@@QAEXXZ 0040c000 f   atlsd:Allocate.obj
 0001:0000b020       ?TakeSnapshot@CAtlAllocator@@QAEXXZ 0040c020 f   atlsd:Allocate.obj
 0001:0000b1e0       ?ReleaseSnapshot@CAtlAllocator@@QAEXXZ 0040c1e0 f   atlsd:Allocate.obj
 0001:0000b2b0       ?IncRef@CAtlTraceProcess@@QAEIXZ 0040c2b0 f i atlsd:Allocate.obj
 0001:0000b2e0       ?Base@CAtlTraceProcess@@QBEPAXXZ 0040c2e0 f i atlsd:Allocate.obj
 0001:0000b300       ?DecRef@CAtlTraceProcess@@QAEIXZ 0040c300 f i atlsd:Allocate.obj
 0001:0000b330       ?ModuleCount@CAtlTraceProcess@@QBEHXZ 0040c330 f i atlsd:Allocate.obj
 0001:0000b350       ?MaxSize@CAtlTraceProcess@@QBEKXZ 0040c350 f i atlsd:Allocate.obj
 0001:0000b370       ?CategoryCount@CAtlTraceProcess@@QBEHXZ 0040c370 f i atlsd:Allocate.obj
 0001:0000b390       ?TryAllocate@CAtlTraceSettings@@QAE_NXZ 0040c390 f i atlsd:Allocate.obj
 0001:0000b3d0       ?MarkValid@CAtlTraceSettings@@QAEXJ@Z 0040c3d0 f i atlsd:Allocate.obj
 0001:0000b410       ?IncModuleCount@CAtlTraceProcess@@QAEXI@Z 0040c410 f i atlsd:Allocate.obj
 0001:0000b440       ?TryAddRef@CAtlTraceSettings@@QAE_NXZ 0040c440 f i atlsd:Allocate.obj
 0001:0000b480       ?Release@CAtlTraceSettings@@QAEXXZ 0040c480 f i atlsd:Allocate.obj
 0001:0000b4b0       ?IncCategoryCount@CAtlTraceProcess@@QAEXI@Z 0040c4b0 f i atlsd:Allocate.obj
 0001:0000b4e0       ?Add@?$CSimpleArray@UCModuleInfo@CTraceSnapshot@@V?$CSimpleArrayEqualHelper@UCModuleInfo@CTraceSnapshot@@@ATL@@@ATL@@QAEHABUCModuleInfo@CTraceSnapshot@@@Z 0040c4e0 f i atlsd:Allocate.obj
 0001:0000b590       ?GetSize@?$CSimpleArray@KV?$CSimpleArrayEqualHelper@K@ATL@@@ATL@@QBEHXZ 0040c590 f i atlsd:Allocate.obj
 0001:0000b5b0       ?Add@?$CSimpleArray@KV?$CSimpleArrayEqualHelper@K@ATL@@@ATL@@QAEHABK@Z 0040c5b0 f i atlsd:Allocate.obj
 0001:0000b660       ?RemoveAt@?$CSimpleArray@KV?$CSimpleArrayEqualHelper@K@ATL@@@ATL@@QAEHH@Z 0040c660 f i atlsd:Allocate.obj
 0001:0000b720       ??A?$CSimpleArray@KV?$CSimpleArrayEqualHelper@K@ATL@@@ATL@@QAEAAKH@Z 0040c720 f i atlsd:Allocate.obj
 0001:0000b790       ?InternalSetAtIndex@?$CSimpleArray@UCModuleInfo@CTraceSnapshot@@V?$CSimpleArrayEqualHelper@UCModuleInfo@CTraceSnapshot@@@ATL@@@ATL@@QAEXHABUCModuleInfo@CTraceSnapshot@@@Z 0040c790 f i atlsd:Allocate.obj
 0001:0000b7e0       ?InternalSetAtIndex@?$CSimpleArray@KV?$CSimpleArrayEqualHelper@K@ATL@@@ATL@@QAEXHABK@Z 0040c7e0 f i atlsd:Allocate.obj
 0001:0000b830       ??0Wrapper@?$CSimpleArray@UCModuleInfo@CTraceSnapshot@@V?$CSimpleArrayEqualHelper@UCModuleInfo@CTraceSnapshot@@@ATL@@@ATL@@QAE@ABUCModuleInfo@CTraceSnapshot@@@Z 0040c830 f i atlsd:Allocate.obj
 0001:0000b860       ??0Wrapper@?$CSimpleArray@KV?$CSimpleArrayEqualHelper@K@ATL@@@ATL@@QAE@ABK@Z 0040c860 f i atlsd:Allocate.obj
 0001:0000b880       ??$?2UCModuleInfo@CTraceSnapshot@@@Wrapper@?$CSimpleArray@UCModuleInfo@CTraceSnapshot@@V?$CSimpleArrayEqualHelper@UCModuleInfo@CTraceSnapshot@@@ATL@@@ATL@@SAPAXIPAUCModuleInfo@CTraceSnapshot@@@Z 0040c880 f i atlsd:Allocate.obj
 0001:0000b890       ??$?2K@Wrapper@?$CSimpleArray@KV?$CSimpleArrayEqualHelper@K@ATL@@@ATL@@SAPAXIPAK@Z 0040c890 f i atlsd:Allocate.obj
 0001:0000b8a0       ?memmove_s@Checked@ATL@@YAXPAXIPBXI@Z 0040c8a0 f i atlsd:Allocate.obj
 0001:0000b8d0       ??2@YAPAXIPAX@Z            0040c8d0 f i atlsd:Allocate.obj
 0001:0000b8e0       ??0CAtlTraceModuleInfo@@QAE@XZ 0040c8e0 f   atlsd:AtlTraceModuleManager.obj
 0001:0000b930       ?Reset@CAtlTraceModuleInfo@@QAEXPAUHINSTANCE__@@@Z 0040c930 f   atlsd:AtlTraceModuleManager.obj
 0001:0000bba0       ??0CAtlTraceCategory@@QAE@XZ 0040cba0 f   atlsd:AtlTraceModuleManager.obj
 0001:0000bbd0       ?Reset@CAtlTraceCategory@@QAEXPB_WJ@Z 0040cbd0 f   atlsd:AtlTraceModuleManager.obj
 0001:0000bc20       ??0CAtlTraceModule@@QAE@XZ 0040cc20 f   atlsd:AtlTraceModuleManager.obj
 0001:0000bc60       ?CrtDbgReport@CAtlTraceModule@@QAEXP6AHHPBDH00ZZ@Z 0040cc60 f   atlsd:AtlTraceModuleManager.obj
 0001:0000bc90       ??0CAtlTraceProcess@@QAE@K@Z 0040cc90 f   atlsd:AtlTraceModuleManager.obj
 0001:0000bd60       ?GetNextCookie@CAtlTraceProcess@@QAEJXZ 0040cd60 f   atlsd:AtlTraceModuleManager.obj
 0001:0000bd80       ??0CAtlTraceSettings@@QAE@XZ 0040cd80 f i atlsd:AtlTraceModuleManager.obj
 0001:0000bdb6       ??2@YAPAXI@Z               0040cdb6 f   mfc80d:MFC80D.DLL
 0001:0000bdc0       _WinMain@16                0040cdc0 f   mfcs80d:appmodul.obj
 0001:0000bde0       ?AfxInitialize@@YGHHK@Z    0040cde0 f   mfcs80d:appmodul.obj
 0001:0000be34       __CxxThrowException@8      0040ce34 f   msvcrtd:MSVCR80D.dll
 0001:0000be40       __snprintf_s               0040ce40 f   msvcrtd:MSVCR80D.dll
 0001:0000be46       __errno                    0040ce46 f   msvcrtd:MSVCR80D.dll
 0001:0000be4c       __CrtDbgReport             0040ce4c f   msvcrtd:MSVCR80D.dll
 0001:0000be52       _strcpy                    0040ce52 f   msvcrtd:MSVCR80D.dll
 0001:0000be58       _wcscpy                    0040ce58 f   msvcrtd:MSVCR80D.dll
 0001:0000be5e       __vsnprintf_s              0040ce5e f   msvcrtd:MSVCR80D.dll
 0001:0000be64       __vsnwprintf_s             0040ce64 f   msvcrtd:MSVCR80D.dll
 0001:0000be6a       __snwprintf_s              0040ce6a f   msvcrtd:MSVCR80D.dll
 0001:0000be70       _wcsncpy_s                 0040ce70 f   msvcrtd:MSVCR80D.dll
 0001:0000be76       _strcpy_s                  0040ce76 f   msvcrtd:MSVCR80D.dll
 0001:0000be7c       __wcsicmp                  0040ce7c f   msvcrtd:MSVCR80D.dll
 0001:0000be82       _memmove_s                 0040ce82 f   msvcrtd:MSVCR80D.dll
 0001:0000be88       __setmbcp                  0040ce88 f   msvcrtd:MSVCR80D.dll
 0001:0000be8e       _LocalFree@4               0040ce8e f   kernel32:KERNEL32.dll
 0001:0000be94       _GetVersionExA@4           0040ce94 f   kernel32:KERNEL32.dll
 0001:0000be9a       _GetACP@0                  0040ce9a f   kernel32:KERNEL32.dll
 0001:0000bea0       _GetLocaleInfoA@16         0040cea0 f   kernel32:KERNEL32.dll
 0001:0000bea6       _GetThreadLocale@0         0040cea6 f   kernel32:KERNEL32.dll
 0001:0000beac       _CloseHandle@4             0040ceac f   kernel32:KERNEL32.dll
 0001:0000beb2       _SetEvent@4                0040ceb2 f   kernel32:KERNEL32.dll
 0001:0000beb8       _OpenEventA@12             0040ceb8 f   kernel32:KERNEL32.dll
 0001:0000bebe       _OutputDebugStringA@4      0040cebe f   kernel32:KERNEL32.dll
 0001:0000bec4       _OutputDebugStringW@4      0040cec4 f   kernel32:KERNEL32.dll
 0001:0000beca       _MulDiv@12                 0040ceca f   kernel32:KERNEL32.dll
 0001:0000bed0       _VirtualAlloc@16           0040ced0 f   kernel32:KERNEL32.dll
 0001:0000bed6       _UnmapViewOfFile@4         0040ced6 f   kernel32:KERNEL32.dll
 0001:0000bedc       _GetSystemInfo@4           0040cedc f   kernel32:KERNEL32.dll
 0001:0000bee2       _MapViewOfFile@20          0040cee2 f   kernel32:KERNEL32.dll
 0001:0000bee8       _CreateFileMappingA@24     0040cee8 f   kernel32:KERNEL32.dll
 0001:0000beee       _GetCurrentThread@0        0040ceee f   kernel32:KERNEL32.dll
 0001:0000bef4       _OpenFileMappingA@12       0040cef4 f   kernel32:KERNEL32.dll
 0001:0000befa       _GetModuleFileNameA@12     0040cefa f   kernel32:KERNEL32.dll
 0001:0000bf00       _CopyRect@8                0040cf00 f   user32:USER32.dll
 0001:0000bf06       _IsRectEmpty@4             0040cf06 f   user32:USER32.dll
 0001:0000bf0c       _PtInRect@12               0040cf0c f   user32:USER32.dll
 0001:0000bf12       _SetRect@20                0040cf12 f   user32:USER32.dll
 0001:0000bf18       _SetRectEmpty@4            0040cf18 f   user32:USER32.dll
 0001:0000bf1e       _EqualRect@8               0040cf1e f   user32:USER32.dll
 0001:0000bf24       _InflateRect@12            0040cf24 f   user32:USER32.dll
 0001:0000bf2a       _OffsetRect@12             0040cf2a f   user32:USER32.dll
 0001:0000bf30       _IntersectRect@12          0040cf30 f   user32:USER32.dll
 0001:0000bf36       _UnionRect@12              0040cf36 f   user32:USER32.dll
 0001:0000bf3c       _SubtractRect@12           0040cf3c f   user32:USER32.dll
 0001:0000bf42       _SetThreadToken@8          0040cf42 f   advapi32:ADVAPI32.dll
 0001:0000bf48       _RevertToSelf@0            0040cf48 f   advapi32:ADVAPI32.dll
 0001:0000bf4e       _OpenThreadToken@16        0040cf4e f   advapi32:ADVAPI32.dll
 0001:0000bf54       _GetErrorInfo@8            0040cf54 f   oleaut32:OLEAUT32.dll
 0001:0000bf5a       _VariantChangeType@16      0040cf5a f   oleaut32:OLEAUT32.dll
 0001:0000bf60       _SetErrorInfo@8            0040cf60 f   oleaut32:OLEAUT32.dll
 0001:0000bf66       _CreateErrorInfo@4         0040cf66 f   oleaut32:OLEAUT32.dll
 0001:0000bf6c       ?AfxWinMain@@YGHPAUHINSTANCE__@@0PADH@Z 0040cf6c f   mfc80d:MFC80D.DLL
 0001:0000bf72       ?AfxAssertFailedLine@@YGHPBDH@Z 0040cf72 f   mfc80d:MFC80D.DLL
 0001:0000bf78       ?AfxGetModuleState@@YGPAVAFX_MODULE_STATE@@XZ 0040cf78 f   mfc80d:MFC80D.DLL
 0002:00000000       __imp__RevertToSelf@0      0040e000     advapi32:ADVAPI32.dll
 0002:00000004       __imp__SetThreadToken@8    0040e004     advapi32:ADVAPI32.dll
 0002:00000008       __imp__OpenThreadToken@16  0040e008     advapi32:ADVAPI32.dll
 0002:0000000c       \177ADVAPI32_NULL_THUNK_DATA 0040e00c     advapi32:ADVAPI32.dll
 0002:00000010       __imp__GetStartupInfoA@4   0040e010     kernel32:KERNEL32.dll
 0002:00000014       __imp__InterlockedCompareExchange@12 0040e014     kernel32:KERNEL32.dll
 0002:00000018       __imp__Sleep@4             0040e018     kernel32:KERNEL32.dll
 0002:0000001c       __imp__InterlockedDecrement@4 0040e01c     kernel32:KERNEL32.dll
 0002:00000020       __imp__InterlockedIncrement@4 0040e020     kernel32:KERNEL32.dll
 0002:00000024       __imp__GetLastError@0      0040e024     kernel32:KERNEL32.dll
 0002:00000028       __imp__lstrlenA@4          0040e028     kernel32:KERNEL32.dll
 0002:0000002c       __imp__lstrcmpiA@8         0040e02c     kernel32:KERNEL32.dll
 0002:00000030       __imp__lstrcmpiW@8         0040e030     kernel32:KERNEL32.dll
 0002:00000034       __imp__GetStringTypeExA@20 0040e034     kernel32:KERNEL32.dll
 0002:00000038       __imp__GetStringTypeExW@20 0040e038     kernel32:KERNEL32.dll
 0002:0000003c       __imp__WideCharToMultiByte@32 0040e03c     kernel32:KERNEL32.dll
 0002:00000040       __imp__lstrlenW@4          0040e040     kernel32:KERNEL32.dll
 0002:00000044       __imp__CompareStringA@24   0040e044     kernel32:KERNEL32.dll
 0002:00000048       __imp__CompareStringW@24   0040e048     kernel32:KERNEL32.dll
 0002:0000004c       __imp__GetEnvironmentVariableA@12 0040e04c     kernel32:KERNEL32.dll
 0002:00000050       __imp__MultiByteToWideChar@24 0040e050     kernel32:KERNEL32.dll
 0002:00000054       __imp__InterlockedExchange@8 0040e054     kernel32:KERNEL32.dll
 0002:00000058       __imp__GetVersion@0        0040e058     kernel32:KERNEL32.dll
 0002:0000005c       __imp__GetEnvironmentVariableW@12 0040e05c     kernel32:KERNEL32.dll
 0002:00000060       __imp__TerminateProcess@8  0040e060     kernel32:KERNEL32.dll
 0002:00000064       __imp__GetCurrentProcess@0 0040e064     kernel32:KERNEL32.dll
 0002:00000068       __imp__UnhandledExceptionFilter@4 0040e068     kernel32:KERNEL32.dll
 0002:0000006c       __imp__SetUnhandledExceptionFilter@4 0040e06c     kernel32:KERNEL32.dll
 0002:00000070       __imp__QueryPerformanceCounter@4 0040e070     kernel32:KERNEL32.dll
 0002:00000074       __imp__GetTickCount@0      0040e074     kernel32:KERNEL32.dll
 0002:00000078       __imp__GetCurrentThreadId@0 0040e078     kernel32:KERNEL32.dll
 0002:0000007c       __imp__RaiseException@16   0040e07c     kernel32:KERNEL32.dll
 0002:00000080       __imp__GetSystemTimeAsFileTime@4 0040e080     kernel32:KERNEL32.dll
 0002:00000084       __imp__FatalAppExitA@8     0040e084     kernel32:KERNEL32.dll
 0002:00000088       __imp__HeapFree@12         0040e088     kernel32:KERNEL32.dll
 0002:0000008c       __imp__HeapAlloc@12        0040e08c     kernel32:KERNEL32.dll
 0002:00000090       __imp__GetProcessHeap@0    0040e090     kernel32:KERNEL32.dll
 0002:00000094       __imp__GetModuleFileNameW@12 0040e094     kernel32:KERNEL32.dll
 0002:00000098       __imp__VirtualQuery@12     0040e098     kernel32:KERNEL32.dll
 0002:0000009c       __imp__FreeLibrary@4       0040e09c     kernel32:KERNEL32.dll
 0002:000000a0       __imp__LocalFree@4         0040e0a0     kernel32:KERNEL32.dll
 0002:000000a4       __imp__GetVersionExA@4     0040e0a4     kernel32:KERNEL32.dll
 0002:000000a8       __imp__GetACP@0            0040e0a8     kernel32:KERNEL32.dll
 0002:000000ac       __imp__GetLocaleInfoA@16   0040e0ac     kernel32:KERNEL32.dll
 0002:000000b0       __imp__GetThreadLocale@0   0040e0b0     kernel32:KERNEL32.dll
 0002:000000b4       __imp__CloseHandle@4       0040e0b4     kernel32:KERNEL32.dll
 0002:000000b8       __imp__SetEvent@4          0040e0b8     kernel32:KERNEL32.dll
 0002:000000bc       __imp__OpenEventA@12       0040e0bc     kernel32:KERNEL32.dll
 0002:000000c0       __imp__OutputDebugStringA@4 0040e0c0     kernel32:KERNEL32.dll
 0002:000000c4       __imp__OutputDebugStringW@4 0040e0c4     kernel32:KERNEL32.dll
 0002:000000c8       __imp__MulDiv@12           0040e0c8     kernel32:KERNEL32.dll
 0002:000000cc       __imp__VirtualAlloc@16     0040e0cc     kernel32:KERNEL32.dll
 0002:000000d0       __imp__UnmapViewOfFile@4   0040e0d0     kernel32:KERNEL32.dll
 0002:000000d4       __imp__GetSystemInfo@4     0040e0d4     kernel32:KERNEL32.dll
 0002:000000d8       __imp__MapViewOfFile@20    0040e0d8     kernel32:KERNEL32.dll
 0002:000000dc       __imp__CreateFileMappingA@24 0040e0dc     kernel32:KERNEL32.dll
 0002:000000e0       __imp__GetCurrentThread@0  0040e0e0     kernel32:KERNEL32.dll
 0002:000000e4       __imp__OpenFileMappingA@12 0040e0e4     kernel32:KERNEL32.dll
 0002:000000e8       __imp__GetModuleFileNameA@12 0040e0e8     kernel32:KERNEL32.dll
 0002:000000ec       __imp__DebugBreak@0        0040e0ec     kernel32:KERNEL32.dll
 0002:000000f0       __imp__IsDebuggerPresent@0 0040e0f0     kernel32:KERNEL32.dll
 0002:000000f4       __imp__GetCurrentProcessId@0 0040e0f4     kernel32:KERNEL32.dll
 0002:000000f8       __imp__LoadLibraryA@4      0040e0f8     kernel32:KERNEL32.dll
 0002:000000fc       __imp__GetProcAddress@8    0040e0fc     kernel32:KERNEL32.dll
 0002:00000100       \177KERNEL32_NULL_THUNK_DATA 0040e100     kernel32:KERNEL32.dll
 0002:00000104       __imp_?PreSubclassWindow@CWnd@@UAEXXZ 0040e104     mfc80d:MFC80D.DLL
 0002:00000108       __imp_?Create@CWnd@@UAEHPBD0KABUtagRECT@@PAV1@IPAUCCreateContext@@@Z 0040e108     mfc80d:MFC80D.DLL
 0002:0000010c       __imp_?CreateEx@CWnd@@UAEHKPBD0KABUtagRECT@@PAV1@IPAX@Z 0040e10c     mfc80d:MFC80D.DLL
 0002:00000110       __imp_?CreateEx@CWnd@@UAEHKPBD0KHHHHPAUHWND__@@PAUHMENU__@@PAX@Z 0040e110     mfc80d:MFC80D.DLL
 0002:00000114       __imp_?DestroyWindow@CWnd@@UAEHXZ 0040e114     mfc80d:MFC80D.DLL
 0002:00000118       __imp_?PreCreateWindow@CWnd@@UAEHAAUtagCREATESTRUCTA@@@Z 0040e118     mfc80d:MFC80D.DLL
 0002:0000011c       __imp_?CalcWindowRect@CWnd@@UAEXPAUtagRECT@@I@Z 0040e11c     mfc80d:MFC80D.DLL
 0002:00000120       __imp_?OnToolHitTest@CWnd@@UBEHVCPoint@@PAUtagTOOLINFOA@@@Z 0040e120     mfc80d:MFC80D.DLL
 0002:00000124       __imp_?GetScrollBarCtrl@CWnd@@UBEPAVCScrollBar@@H@Z 0040e124     mfc80d:MFC80D.DLL
 0002:00000128       __imp_?WinHelpA@CWnd@@UAEXKI@Z 0040e128     mfc80d:MFC80D.DLL
 0002:0000012c       __imp_?HtmlHelpA@CWnd@@UAEXKI@Z 0040e12c     mfc80d:MFC80D.DLL
 0002:00000130       __imp_?WinHelpInternal@CWnd@@UAEXKI@Z 0040e130     mfc80d:MFC80D.DLL
 0002:00000134       __imp_?ContinueModal@CWnd@@UAEHXZ 0040e134     mfc80d:MFC80D.DLL
 0002:00000138       __imp_?EndModalLoop@CWnd@@UAEXH@Z 0040e138     mfc80d:MFC80D.DLL
 0002:0000013c       __imp_?EnsureStdObj@CWnd@@UAEJXZ 0040e13c     mfc80d:MFC80D.DLL
 0002:00000140       __imp_?get_accParent@CWnd@@UAEJPAPAUIDispatch@@@Z 0040e140     mfc80d:MFC80D.DLL
 0002:00000144       __imp_?get_accChildCount@CWnd@@UAEJPAJ@Z 0040e144     mfc80d:MFC80D.DLL
 0002:00000148       __imp_?get_accChild@CWnd@@UAEJUtagVARIANT@@PAPAUIDispatch@@@Z 0040e148     mfc80d:MFC80D.DLL
 0002:0000014c       __imp_?get_accName@CWnd@@UAEJUtagVARIANT@@PAPA_W@Z 0040e14c     mfc80d:MFC80D.DLL
 0002:00000150       __imp_?get_accValue@CWnd@@UAEJUtagVARIANT@@PAPA_W@Z 0040e150     mfc80d:MFC80D.DLL
 0002:00000154       __imp_?get_accDescription@CWnd@@UAEJUtagVARIANT@@PAPA_W@Z 0040e154     mfc80d:MFC80D.DLL
 0002:00000158       __imp_?get_accRole@CWnd@@UAEJUtagVARIANT@@PAU2@@Z 0040e158     mfc80d:MFC80D.DLL
 0002:0000015c       __imp_?get_accState@CWnd@@UAEJUtagVARIANT@@PAU2@@Z 0040e15c     mfc80d:MFC80D.DLL
 0002:00000160       __imp_?get_accHelp@CWnd@@UAEJUtagVARIANT@@PAPA_W@Z 0040e160     mfc80d:MFC80D.DLL
 0002:00000164       __imp_?get_accHelpTopic@CWnd@@UAEJPAPA_WUtagVARIANT@@PAJ@Z 0040e164     mfc80d:MFC80D.DLL
 0002:00000168       __imp_?get_accKeyboardShortcut@CWnd@@UAEJUtagVARIANT@@PAPA_W@Z 0040e168     mfc80d:MFC80D.DLL
 0002:0000016c       __imp_?get_accFocus@CWnd@@UAEJPAUtagVARIANT@@@Z 0040e16c     mfc80d:MFC80D.DLL
 0002:00000170       __imp_?get_accSelection@CWnd@@UAEJPAUtagVARIANT@@@Z 0040e170     mfc80d:MFC80D.DLL
 0002:00000174       __imp_?get_accDefaultAction@CWnd@@UAEJUtagVARIANT@@PAPA_W@Z 0040e174     mfc80d:MFC80D.DLL
 0002:00000178       __imp_?accSelect@CWnd@@UAEJJUtagVARIANT@@@Z 0040e178     mfc80d:MFC80D.DLL
 0002:0000017c       __imp_?accLocation@CWnd@@UAEJPAJ000UtagVARIANT@@@Z 0040e17c     mfc80d:MFC80D.DLL
 0002:00000180       __imp_?accNavigate@CWnd@@UAEJJUtagVARIANT@@PAU2@@Z 0040e180     mfc80d:MFC80D.DLL
 0002:00000184       __imp_?accHitTest@CWnd@@UAEJJJPAUtagVARIANT@@@Z 0040e184     mfc80d:MFC80D.DLL
 0002:00000188       __imp_?accDoDefaultAction@CWnd@@UAEJUtagVARIANT@@@Z 0040e188     mfc80d:MFC80D.DLL
 0002:0000018c       __imp_?put_accName@CWnd@@UAEJUtagVARIANT@@PA_W@Z 0040e18c     mfc80d:MFC80D.DLL
 0002:00000190       __imp_?put_accValue@CWnd@@UAEJUtagVARIANT@@PA_W@Z 0040e190     mfc80d:MFC80D.DLL
 0002:00000194       __imp_?SetProxy@CWnd@@UAEJPAUIAccessibleProxy@@@Z 0040e194     mfc80d:MFC80D.DLL
 0002:00000198       __imp_?CreateAccessibleProxy@CWnd@@UAEJIJPAJ@Z 0040e198     mfc80d:MFC80D.DLL
 0002:0000019c       __imp_?OnCommand@CWnd@@MAEHIJ@Z 0040e19c     mfc80d:MFC80D.DLL
 0002:000001a0       __imp_?OnNotify@CWnd@@MAEHIJPAJ@Z 0040e1a0     mfc80d:MFC80D.DLL
 0002:000001a4       __imp_?GetSuperWndProcAddr@CWnd@@MAEPAP6GJPAUHWND__@@IIJ@ZXZ 0040e1a4     mfc80d:MFC80D.DLL
 0002:000001a8       __imp_?BeginModalState@CWnd@@UAEXXZ 0040e1a8     mfc80d:MFC80D.DLL
 0002:000001ac       __imp_?EndModalState@CWnd@@UAEXXZ 0040e1ac     mfc80d:MFC80D.DLL
 0002:000001b0       __imp_?PreTranslateMessage@CDialog@@UAEHPAUtagMSG@@@Z 0040e1b0     mfc80d:MFC80D.DLL
 0002:000001b4       __imp_?OnAmbientProperty@CWnd@@UAEHPAVCOleControlSite@@JPAUtagVARIANT@@@Z 0040e1b4     mfc80d:MFC80D.DLL
 0002:000001b8       __imp_?WindowProc@CWnd@@MAEJIIJ@Z 0040e1b8     mfc80d:MFC80D.DLL
 0002:000001bc       __imp_?GetInterfaceMap@CWnd@@MBEPBUAFX_INTERFACEMAP@@XZ 0040e1bc     mfc80d:MFC80D.DLL
 0002:000001c0       __imp_?DefWindowProcA@CWnd@@MAEJIIJ@Z 0040e1c0     mfc80d:MFC80D.DLL
 0002:000001c4       __imp_?PostNcDestroy@CWnd@@MAEXXZ 0040e1c4     mfc80d:MFC80D.DLL
 0002:000001c8       __imp_?OnChildNotify@CWnd@@MAEHIIJPAJ@Z 0040e1c8     mfc80d:MFC80D.DLL
 0002:000001cc       __imp_?CheckAutoCenter@CDialog@@UAEHXZ 0040e1cc     mfc80d:MFC80D.DLL
 0002:000001d0       __imp_?IsFrameWnd@CWnd@@UBEHXZ 0040e1d0     mfc80d:MFC80D.DLL
 0002:000001d4       __imp_?CreateControlContainer@CWnd@@MAEHPAPAVCOleControlContainer@@@Z 0040e1d4     mfc80d:MFC80D.DLL
 0002:000001d8       __imp_?CreateControlSite@CWnd@@MAEHPAVCOleControlContainer@@PAPAVCOleControlSite@@IABU_GUID@@@Z 0040e1d8     mfc80d:MFC80D.DLL
 0002:000001dc       __imp_?SetOccDialogInfo@CDialog@@MAEHPAU_AFX_OCC_DIALOG_INFO@@@Z 0040e1dc     mfc80d:MFC80D.DLL
 0002:000001e0       __imp_?GetOccDialogInfo@CDialog@@MAEPAU_AFX_OCC_DIALOG_INFO@@XZ 0040e1e0     mfc80d:MFC80D.DLL
 0002:000001e4       __imp_?Create@CDialog@@UAEHIPAVCWnd@@@Z 0040e1e4     mfc80d:MFC80D.DLL
 0002:000001e8       __imp_?Create@CDialog@@UAEHPBDPAVCWnd@@@Z 0040e1e8     mfc80d:MFC80D.DLL
 0002:000001ec       __imp_?CreateIndirect@CDialog@@UAEHPAXPAVCWnd@@@Z 0040e1ec     mfc80d:MFC80D.DLL
[...]
 0002:00005c08       ??_R1A@?0A@EA@?$TEventHandler@VCTestClientDlg@@UIEventFiringObject@EVENTFIRINGOBJECTLib@@U_IEventFiringObjectEvents@3@@TEventHandlerNamespace@@8 00413c08     TestClientDlg.obj
 0002:00005c24       ??_R1A@?0A@EN@IDispatch@@8 00413c24     TestClientDlg.obj
 0002:00005c40       ??_R3IDispatch@@8          00413c40     TestClientDlg.obj
 0002:00005c50       ??_R2IDispatch@@8          00413c50     TestClientDlg.obj
 0002:00005c5c       ??_R1A@?0A@EA@IDispatch@@8 00413c5c     TestClientDlg.obj
 0002:00005c78       ??_R1A@?0A@EA@IUnknown@@8  00413c78     TestClientDlg.obj
 0002:00005c94       ??_R3IUnknown@@8           00413c94     TestClientDlg.obj
 0002:00005ca4       ??_R2IUnknown@@8           00413ca4     TestClientDlg.obj
 0002:00005cac       ??_R1A@?0A@EJ@IUnknown@@8  00413cac     TestClientDlg.obj
 0002:00005cc8       ??_R4type_info@@6B@        00413cc8     msvcrtd:ti_inst.obj
 0002:00005cdc       ??_R3type_info@@8          00413cdc     msvcrtd:ti_inst.obj
 0002:00005cec       ??_R2type_info@@8          00413cec     msvcrtd:ti_inst.obj
 0002:00005cf4       ??_R1A@?0A@EA@type_info@@8 00413cf4     msvcrtd:ti_inst.obj
 0002:00005d10       ??_R4_com_error@@6B@       00413d10     comsuppwd:comraise.obj
 0002:00005d24       ??_R3_com_error@@8         00413d24     comsuppwd:comraise.obj
 0002:00005d34       ??_R2_com_error@@8         00413d34     comsuppwd:comraise.obj
 0002:00005d3c       ??_R1A@?0A@EA@_com_error@@8 00413d3c     comsuppwd:comraise.obj
 0002:00005d60       ___safe_se_handler_table   00413d60     <linker-defined>
 0002:00005d90       ___rtc_iaa                 00413d90     msvcrtd:initsect.obj
 0002:00005da0       ___rtc_izz                 00413da0     msvcrtd:initsect.obj
 0002:00005da4       ___rtc_taa                 00413da4     msvcrtd:initsect.obj
 0002:00005db4       ___rtc_tzz                 00413db4     msvcrtd:initsect.obj
 0002:000060b4       __TI1?AV_com_error@@       004140b4     comsuppwd:comraise.obj
 0002:000060c4       __CTA1?AV_com_error@@      004140c4     comsuppwd:comraise.obj
 0002:000060cc       __CT??_R0?AV_com_error@@@8??0_com_error@@QAE@ABV0@@Z16 004140cc     comsuppwd:comraise.obj
 0002:00006104       __TI1?AVCAtlException@ATL@@ 00414104     atlsd:Externs.obj
 0002:00006114       __CTA1?AVCAtlException@ATL@@ 00414114     atlsd:Externs.obj
 0002:0000611c       __CT??_R0?AVCAtlException@ATL@@@84 0041411c     atlsd:Externs.obj
 0002:00006174       ___pobjMapEntryFirst       00414174     mfcs80d:stdafx.obj
 0002:00006178       ___pobjMapEntryLast        00414178     mfcs80d:stdafx.obj
 0002:0000617c       __IMPORT_DESCRIPTOR_MFC80D 0041417c     mfc80d:MFC80D.DLL
 0002:00006190       __IMPORT_DESCRIPTOR_MSVCR80D 00414190     msvcrtd:MSVCR80D.dll
 0002:000061a4       __IMPORT_DESCRIPTOR_KERNEL32 004141a4     kernel32:KERNEL32.dll
 0002:000061b8       __IMPORT_DESCRIPTOR_USER32 004141b8     user32:USER32.dll
 0002:000061cc       __IMPORT_DESCRIPTOR_ole32  004141cc     ole32:ole32.dll
 0002:000061e0       __IMPORT_DESCRIPTOR_OLEAUT32 004141e0     oleaut32:OLEAUT32.dll
 0002:000061f4       __IMPORT_DESCRIPTOR_ADVAPI32 004141f4     advapi32:ADVAPI32.dll
 0002:00006208       __NULL_IMPORT_DESCRIPTOR   00414208     mfc80d:MFC80D.DLL
 0003:00000000       ?_strthunks@ATL@@3U_AtlStringThunks@1@A 00416000     StdAfx.obj
 0003:00000018       __pIncludeInitManaged      00416018     StdAfx.obj
 0003:0000001c       ??_R0?AUThank_you@Define_the_symbol__ATL_MIXED@@@8 0041601c     StdAfx.obj
 0003:00000068       ??_R0?AVCTestClientApp@@@8 00416068     TestClient.obj
 0003:00000088       ??_R0?AVCWinApp@@@8        00416088     TestClient.obj
 0003:000000a0       ??_R0?AVCWinThread@@@8     004160a0     TestClient.obj
 0003:000000bc       ??_R0?AVCCmdTarget@@@8     004160bc     TestClient.obj
 0003:000000d8       ??_R0?AVCObject@@@8        004160d8     TestClient.obj
 0003:00000104       ??_R0?AVCAboutDlg@@@8      00416104     TestClientDlg.obj
 0003:0000011c       ??_R0?AVCDialog@@@8        0041611c     TestClientDlg.obj
 0003:00000134       ??_R0?AVCWnd@@@8           00416134     TestClientDlg.obj
 0003:00000148       ??_R0?AVCTestClientDlg@@@8 00416148     TestClientDlg.obj
 0003:00000168       ??_R0?AV?$TEventHandler@VCTestClientDlg@@UIEventFiringObject@EVENTFIRINGOBJECTLib@@U_IEventFiringObjectEvents@3@@TEventHandlerNamespace@@@8 00416168     TestClientDlg.obj
 0003:000001f8       ??_R0?AUIDispatch@@@8      004161f8     TestClientDlg.obj
 0003:00000210       ??_R0?AUIUnknown@@@8       00416210     TestClientDlg.obj
 0003:00000228       ___security_cookie         00416228     msvcrtd:gs_cookie.obj
 0003:0000022c       ___security_cookie_complement 0041622c     msvcrtd:gs_cookie.obj
 0003:00000230       ??_R0?AVtype_info@@@8      00416230     msvcrtd:ti_inst.obj
 0003:00000248       ?_RTC_ErrorLevels@@3PAHA   00416248     msvcrtd:error.obj
 0003:00000290       ___globallocalestatus      00416290     msvcrtd:xthdloc.obj
 0003:00000294       ___defaultmatherr          00416294     msvcrtd:merr.obj
 0003:00000298       ___native_dllmain_reason   00416298     msvcrtd:natstart.obj
 0003:0000029c       ___native_vcclrit_reason   0041629c     msvcrtd:natstart.obj
 0003:000002a4       ?__errorPfn@@3P6GXJPAUIErrorInfo@@@ZA 004162a4     comsuppwd:comsupp.obj
 0003:000002a8       ??_R0?AV_com_error@@@8     004162a8     comsuppwd:comraise.obj
 0003:000002c4       ?g_pfnGetThreadACP@ATL@@3P6GIXZA 004162c4     atlsd:atltrace.obj
 0003:000002c8       ?rcDefault@CWindow@ATL@@2UtagRECT@@A 004162c8     atlsd:atltrace.obj
 0003:000002d8       ?g_pszUpdateEventName@@3PBDB 004162d8     atlsd:Externs.obj
 0003:000002dc       ?g_pszAllocFileMapName@@3PBDB 004162dc     atlsd:Externs.obj
 0003:000002e0       ?g_pszKernelObjFmt@@3PBDB  004162e0     atlsd:Externs.obj
 0003:000002e4       ??_R0?AVCAtlException@ATL@@@8 004162e4     atlsd:Externs.obj
 0003:00000310       ?s_pfnPrevHook@CNoUIAssertHook@ATL@@0P6AHHPADPAH@ZA 00416310     StdAfx.obj
 0003:00000314       ?m_bInitFailed@CAtlBaseModule@ATL@@2_NA 00416314     StdAfx.obj
 0003:00000318       ?s_pLog@CFixedStringMgr@ATL@@2PAVIFixedStringLog@2@A 00416318     StdAfx.obj
 0003:0000031c       ?s_bWin9x@?1??_AtlInstallStringThunk@ATL@@YAXPAPAXPAX1@Z@4_NA 0041631c     StdAfx.obj
 0003:00000320       ??_B?1??_AtlInstallStringThunk@ATL@@YAXPAPAXPAX1@Z@51 00416320     StdAfx.obj
 0003:00000324       ?clash@Define_the_symbol__ATL_MIXED@@3UThank_you@1@A 00416324     StdAfx.obj
 0003:00000328       ?clash@Inconsistent_definition_of_symbol__ATL_MIXED@@3U_Please_define_it_the_same_throughout_your_project@1@A 00416328     StdAfx.obj
 0003:00000330       ?theApp@@3VCTestClientApp@@A 00416330     TestClient.obj
 0003:000003d4       __afxForceEXCLUDE          004163d4     mfcs80d:nolib.obj
 0003:000003d8       ?_pAtlAutoThreadModule@ATL@@3PAUIAtlAutoThreadModule@1@A 004163d8     mfcs80d:stdafx.obj
 0003:000003dc       __afxForceSTDAFX           004163dc     mfcs80d:stdafx.obj
 0003:000003e0       ?_pPerfRegFunc@ATL@@3P6AJPAUHINSTANCE__@@@ZA 004163e0     mfcs80d:stdafx.obj
 0003:000003e4       ?_pPerfUnRegFunc@ATL@@3P6AJXZA 004163e4     mfcs80d:stdafx.obj
 0003:000003e8       ?_pAtlModule@ATL@@3PAVCAtlModule@1@A 004163e8     mfcs80d:stdafx.obj
 0003:000003ec       ?m_libid@CAtlModule@ATL@@2U_GUID@@A 004163ec     mfcs80d:stdafx.obj
 0003:000003fc       ?_pModule@ATL@@3PAVCComModule@1@A 004163fc     mfcs80d:stdafx.obj
 0003:00000400       ?ATL_CREATE_OBJECT@CComApartment@ATL@@2IA 00416400     mfcs80d:stdafx.obj
 0003:00000404       ?WM_DESTROYMODELESS@CDHtmlDialog@@1IA 00416404     mfcs80d:stdafx.obj
 0003:0000042c       ?wsprintffp@@3P6AHPADPBDZZA 0041642c     msvcrtd:error.obj
 0003:0000075c       __commode                  0041675c     msvcrtd:xncommod.obj
 0003:00000760       __fmode                    00416760     msvcrtd:xtxtmode.obj
 0003:00000764       __dowildcard               00416764     msvcrtd:wildcard.obj
 0003:00000768       __newmode                  00416768     msvcrtd:_newmode.obj
 0003:00000778       ?atlTraceGeneral@ATL@@3VCTraceCategory@1@A 00416778     atlsd:atltrace.obj
 0003:0000077c       ?atlTraceCOM@ATL@@3VCTraceCategory@1@A 0041677c     atlsd:atltrace.obj
 0003:00000780       ?atlTraceQI@ATL@@3VCTraceCategory@1@A 00416780     atlsd:atltrace.obj
 0003:00000784       ?atlTraceRegistrar@ATL@@3VCTraceCategory@1@A 00416784     atlsd:atltrace.obj
 0003:00000788       ?atlTraceRefcount@ATL@@3VCTraceCategory@1@A 00416788     atlsd:atltrace.obj
 0003:0000078c       ?atlTraceWindowing@ATL@@3VCTraceCategory@1@A 0041678c     atlsd:atltrace.obj
 0003:00000790       ?atlTraceControls@ATL@@3VCTraceCategory@1@A 00416790     atlsd:atltrace.obj
 0003:00000794       ?atlTraceHosting@ATL@@3VCTraceCategory@1@A 00416794     atlsd:atltrace.obj
 0003:00000798       ?atlTraceDBClient@ATL@@3VCTraceCategory@1@A 00416798     atlsd:atltrace.obj
 0003:0000079c       ?atlTraceDBProvider@ATL@@3VCTraceCategory@1@A 0041679c     atlsd:atltrace.obj
 0003:000007a0       ?atlTraceSnapin@ATL@@3VCTraceCategory@1@A 004167a0     atlsd:atltrace.obj
 0003:000007a4       ?atlTraceNotImpl@ATL@@3VCTraceCategory@1@A 004167a4     atlsd:atltrace.obj
 0003:000007a8       ?atlTraceAllocation@ATL@@3VCTraceCategory@1@A 004167a8     atlsd:atltrace.obj
 0003:000007ac       ?atlTraceException@ATL@@3VCTraceCategory@1@A 004167ac     atlsd:atltrace.obj
 0003:000007b0       ?atlTraceTime@ATL@@3VCTraceCategory@1@A 004167b0     atlsd:atltrace.obj
 0003:000007b4       ?atlTraceCache@ATL@@3VCTraceCategory@1@A 004167b4     atlsd:atltrace.obj
 0003:000007b8       ?atlTraceStencil@ATL@@3VCTraceCategory@1@A 004167b8     atlsd:atltrace.obj
 0003:000007bc       ?atlTraceString@ATL@@3VCTraceCategory@1@A 004167bc     atlsd:atltrace.obj
 0003:000007c0       ?atlTraceMap@ATL@@3VCTraceCategory@1@A 004167c0     atlsd:atltrace.obj
 0003:000007c4       ?atlTraceUtil@ATL@@3VCTraceCategory@1@A 004167c4     atlsd:atltrace.obj
 0003:000007c8       ?atlTraceSecurity@ATL@@3VCTraceCategory@1@A 004167c8     atlsd:atltrace.obj
 0003:000007cc       ?atlTraceSync@ATL@@3VCTraceCategory@1@A 004167cc     atlsd:atltrace.obj
 0003:000007d0       ?atlTraceISAPI@ATL@@3VCTraceCategory@1@A 004167d0     atlsd:atltrace.obj
 0003:000007d4       ?atlTraceUser@ATL@@3VCTraceCategory@1@A 004167d4     atlsd:atltrace.obj
 0003:000007d8       ?atlTraceUser2@ATL@@3VCTraceCategory@1@A 004167d8     atlsd:atltrace.obj
 0003:000007dc       ?atlTraceUser3@ATL@@3VCTraceCategory@1@A 004167dc     atlsd:atltrace.obj
 0003:000007e0       ?atlTraceUser4@ATL@@3VCTraceCategory@1@A 004167e0     atlsd:atltrace.obj
 0003:000007e4       ?g_Allocator@@3VCAtlAllocator@@A 004167e4     atlsd:Externs.obj
 0003:00000818       ?s_trace@CTrace@ATL@@2V12@A 00416818     atlsd:Externs.obj
 0003:00000820       ?_afxInitAppState@@3DA     00416820     mfcs80d:appmodul.obj
 0003:00000824       ___native_startup_state    00416824     <common>
 0003:00000828       ___native_startup_lock     00416828     <common>
 0003:0000082c       __adjust_fdiv              0041682c     <common>
 0003:00000830       ___dyn_tls_init_callback   00416830     <common>
 0003:00000834       ___onexitend               00416834     <common>
 0003:00000838       ___onexitbegin             00416838     <common>

 entry point at        0001:00004000

 Static symbols

 0001:fffff000       __unwindfunclet$?lstrcmpiWFake@ATL@@YGHPB_W0@Z$0 00400000 f   mfcs80d:stdafx.obj
 0001:fffff000       __unwindfunclet$?GetEnvironmentVariableWFake@ATL@@YGKPB_WPA_WK@Z$0 00400000 f   mfcs80d:stdafx.obj
 0001:fffff000       __unwindfunclet$?CompareStringWFake@ATL@@YGHKKPB_WH0H@Z$0 00400000 f   mfcs80d:stdafx.obj
 0001:fffff000       __unwindfunclet$?GetStringTypeExWFake@ATL@@YGHKKPB_WHPAG@Z$0 00400000 f   mfcs80d:stdafx.obj
 0001:fffff000       __unwindfunclet$?CharLowerWFake@ATL@@YGPA_WPA_W@Z$0 00400000 f   mfcs80d:stdafx.obj
 0001:fffff000       __unwindfunclet$?CharUpperWFake@ATL@@YGPA_WPA_W@Z$0 00400000 f   mfcs80d:stdafx.obj
 0001:fffff008       __ehhandler$?CompareStringWFake@ATL@@YGHKKPB_WH0H@Z 00400008 f   mfcs80d:stdafx.obj
 0001:fffff008       __ehhandler$?CharLowerWFake@ATL@@YGPA_WPA_W@Z 00400008 f   mfcs80d:stdafx.obj
 0001:fffff008       __ehhandler$?lstrcmpiWFake@ATL@@YGHPB_W0@Z 00400008 f   mfcs80d:stdafx.obj
 0001:fffff008       __ehhandler$?CharUpperWFake@ATL@@YGPA_WPA_W@Z 00400008 f   mfcs80d:stdafx.obj
 0001:fffff00b       __ehhandler$?GetStringTypeExWFake@ATL@@YGHKKPB_WHPAG@Z 0040000b f   mfcs80d:stdafx.obj
 0001:fffff00b       __unwindfunclet$?GetEnvironmentVariableWFake@ATL@@YGKPB_WPA_WK@Z$1 0040000b f   mfcs80d:stdafx.obj
 0001:fffff016       __ehhandler$?GetEnvironmentVariableWFake@ATL@@YGKPB_WPA_WK@Z 00400016 f   mfcs80d:stdafx.obj
 0001:00003f00       _pre_c_init                00404f00 f   msvcrtd:crtexew.obj
 0001:00003fa0       _pre_cpp_init              00404fa0 f   msvcrtd:crtexew.obj
 0001:00004010       ___tmainCRTStartup         00405010 f   msvcrtd:crtexew.obj
 0001:00004350       _check_managed_app         00405350 f   msvcrtd:crtexew.obj
 0001:00004550       ?ArrayUnwindFilter@@YAHPAU_EXCEPTION_POINTERS@@@Z 00405550 f   msvcrtd:ehvecdtr.obj
 0001:00004590       ?DebuggerProbe@@YAHK@Z     00405590 f   msvcrtd:error.obj
 0001:00004670       ?failwithmessage@@YAXPAXHHPBD@Z 00405670 f   msvcrtd:error.obj
 0001:000048b0       ?DebuggerRuntime@@YAHKHPAXPB_W@Z 004058b0 f   msvcrtd:error.obj
 0001:00004bb0       ?_getMemBlockDataString@@YAXPAD00I@Z 00405bb0 f   msvcrtd:error.obj
 0001:000056a0       ?GetPdbDll@@YAPAUHINSTANCE__@@XZ 004066a0 f   msvcrtd:pdblkup.obj
 0001:00007110       ?Init@@YG_NXZ              00408110 f   atlsd:Externs.obj
 0001:000089a0       ?ShouldTraceOutput@ATL@@YG_NKKIPAPBVCAtlTraceCategory@@PAP6AHHPBDH11ZZ@Z 004099a0 f   atlsd:AtlDebugAPI.obj
 0001:0000bf80       __unwindfunclet$?GetEnvironmentVariableWFake@ATL@@YGKPB_WPA_WK@Z$0 0040cf80 f   StdAfx.obj
 0001:0000bf8b       __unwindfunclet$?GetEnvironmentVariableWFake@ATL@@YGKPB_WPA_WK@Z$1 0040cf8b f   StdAfx.obj
 0001:0000bf96       __ehhandler$?GetEnvironmentVariableWFake@ATL@@YGKPB_WPA_WK@Z 0040cf96 f   StdAfx.obj
 0001:0000bfc0       __unwindfunclet$?CompareStringWFake@ATL@@YGHKKPB_WH0H@Z$0 0040cfc0 f   StdAfx.obj
 0001:0000bfc8       __ehhandler$?CompareStringWFake@ATL@@YGHKKPB_WH0H@Z 0040cfc8 f   StdAfx.obj
 0001:0000bff0       __unwindfunclet$?GetStringTypeExWFake@ATL@@YGHKKPB_WHPAG@Z$0 0040cff0 f   StdAfx.obj
 0001:0000bffb       __ehhandler$?GetStringTypeExWFake@ATL@@YGHKKPB_WHPAG@Z 0040cffb f   StdAfx.obj
 0001:0000c030       __unwindfunclet$?lstrcmpiWFake@ATL@@YGHPB_W0@Z$0 0040d030 f   StdAfx.obj
 0001:0000c038       __ehhandler$?lstrcmpiWFake@ATL@@YGHPB_W0@Z 0040d038 f   StdAfx.obj
 0001:0000c060       __unwindfunclet$?CharLowerWFake@ATL@@YGPA_WPA_W@Z$0 0040d060 f   StdAfx.obj
 0001:0000c068       __ehhandler$?CharLowerWFake@ATL@@YGPA_WPA_W@Z 0040d068 f   StdAfx.obj
 0001:0000c090       __unwindfunclet$?CharUpperWFake@ATL@@YGPA_WPA_W@Z$0 0040d090 f   StdAfx.obj
 0001:0000c098       __ehhandler$?CharUpperWFake@ATL@@YGPA_WPA_W@Z 0040d098 f   StdAfx.obj
 0001:0000c0c0       __unwindfunclet$?InitInstance@CTestClientApp@@UAEHXZ$0 0040d0c0 f   TestClient.obj
 0001:0000c0cb       __ehhandler$?InitInstance@CTestClientApp@@UAEHXZ 0040d0cb f   TestClient.obj
 0001:0000c0f0       __unwindfunclet$??0CTestClientDlg@@QAE@PAVCWnd@@@Z$0 0040d0f0 f   TestClientDlg.obj
 0001:0000c0f8       __unwindfunclet$??0CTestClientDlg@@QAE@PAVCWnd@@@Z$1 0040d0f8 f   TestClientDlg.obj
 0001:0000c103       __ehhandler$??0CTestClientDlg@@QAE@PAVCWnd@@@Z 0040d103 f   TestClientDlg.obj
 0001:0000c11e       __unwindfunclet$?OnInitDialog@CTestClientDlg@@MAEHXZ$0 0040d11e f   TestClientDlg.obj
 0001:0000c130       __unwindfunclet$?OnInitDialog@CTestClientDlg@@MAEHXZ$1 0040d130 f   TestClientDlg.obj
 0001:0000c144       __ehhandler$?OnInitDialog@CTestClientDlg@@MAEHXZ 0040d144 f   TestClientDlg.obj
 0001:0000c15f       __unwindfunclet$?OnSysCommand@CTestClientDlg@@IAEXIJ@Z$0 0040d15f f   TestClientDlg.obj
 0001:0000c16a       __ehhandler$?OnSysCommand@CTestClientDlg@@IAEXIJ@Z 0040d16a f   TestClientDlg.obj
 0001:0000c188       __unwindfunclet$?OnPaint@CTestClientDlg@@IAEXXZ$0 0040d188 f   TestClientDlg.obj
 0001:0000c190       __ehhandler$?OnPaint@CTestClientDlg@@IAEXXZ 0040d190 f   TestClientDlg.obj
 0001:0000c1c0       ??__Eclash@Inconsistent_definition_of_symbol__ATL_MIXED@@YAXXZ 0040d1c0 f   StdAfx.obj
 0001:0000c1e0       ??__Eclash@Define_the_symbol__ATL_MIXED@@YAXXZ 0040d1e0 f   StdAfx.obj
 0001:0000c200       ??__EtheApp@@YAXXZ         0040d200 f   TestClient.obj
 0001:0000c230       ??__Eclash@Inconsistent_definition_of_symbol__ATL_MIXED@@YAXXZ 0040d230 f   mfcs80d:stdafx.obj
 0001:0000c240       ??__Eclash@Define_the_symbol__ATL_MIXED@@YAXXZ 0040d240 f   mfcs80d:stdafx.obj
 0001:0000c250       ??__EatlTraceGeneral@ATL@@YAXXZ 0040d250 f   atlsd:atltrace.obj
 0001:0000c270       ??__EatlTraceCOM@ATL@@YAXXZ 0040d270 f   atlsd:atltrace.obj
 0001:0000c290       ??__EatlTraceQI@ATL@@YAXXZ 0040d290 f   atlsd:atltrace.obj
 0001:0000c2b0       ??__EatlTraceRegistrar@ATL@@YAXXZ 0040d2b0 f   atlsd:atltrace.obj
 0001:0000c2d0       ??__EatlTraceRefcount@ATL@@YAXXZ 0040d2d0 f   atlsd:atltrace.obj
 0001:0000c2f0       ??__EatlTraceWindowing@ATL@@YAXXZ 0040d2f0 f   atlsd:atltrace.obj
 0001:0000c310       ??__EatlTraceControls@ATL@@YAXXZ 0040d310 f   atlsd:atltrace.obj
 0001:0000c330       ??__EatlTraceHosting@ATL@@YAXXZ 0040d330 f   atlsd:atltrace.obj
 0001:0000c350       ??__EatlTraceDBClient@ATL@@YAXXZ 0040d350 f   atlsd:atltrace.obj
 0001:0000c370       ??__EatlTraceDBProvider@ATL@@YAXXZ 0040d370 f   atlsd:atltrace.obj
 0001:0000c390       ??__EatlTraceSnapin@ATL@@YAXXZ 0040d390 f   atlsd:atltrace.obj
 0001:0000c3b0       ??__EatlTraceNotImpl@ATL@@YAXXZ 0040d3b0 f   atlsd:atltrace.obj
 0001:0000c3d0       ??__EatlTraceAllocation@ATL@@YAXXZ 0040d3d0 f   atlsd:atltrace.obj
 0001:0000c3f0       ??__EatlTraceException@ATL@@YAXXZ 0040d3f0 f   atlsd:atltrace.obj
 0001:0000c410       ??__EatlTraceTime@ATL@@YAXXZ 0040d410 f   atlsd:atltrace.obj
 0001:0000c430       ??__EatlTraceCache@ATL@@YAXXZ 0040d430 f   atlsd:atltrace.obj
 0001:0000c450       ??__EatlTraceStencil@ATL@@YAXXZ 0040d450 f   atlsd:atltrace.obj
 0001:0000c470       ??__EatlTraceString@ATL@@YAXXZ 0040d470 f   atlsd:atltrace.obj
 0001:0000c490       ??__EatlTraceMap@ATL@@YAXXZ 0040d490 f   atlsd:atltrace.obj
 0001:0000c4b0       ??__EatlTraceUtil@ATL@@YAXXZ 0040d4b0 f   atlsd:atltrace.obj
 0001:0000c4d0       ??__EatlTraceSecurity@ATL@@YAXXZ 0040d4d0 f   atlsd:atltrace.obj
 0001:0000c4f0       ??__EatlTraceSync@ATL@@YAXXZ 0040d4f0 f   atlsd:atltrace.obj
 0001:0000c510       ??__EatlTraceISAPI@ATL@@YAXXZ 0040d510 f   atlsd:atltrace.obj
 0001:0000c530       ??__EatlTraceUser@ATL@@YAXXZ 0040d530 f   atlsd:atltrace.obj
 0001:0000c550       ??__EatlTraceUser2@ATL@@YAXXZ 0040d550 f   atlsd:atltrace.obj
 0001:0000c570       ??__EatlTraceUser3@ATL@@YAXXZ 0040d570 f   atlsd:atltrace.obj
 0001:0000c590       ??__EatlTraceUser4@ATL@@YAXXZ 0040d590 f   atlsd:atltrace.obj
 0001:0000c5b0       ??__Eg_Allocator@@YAXXZ    0040d5b0 f   atlsd:Externs.obj
 0001:0000c5d0       ??__Eg_bInitialized@@YAXXZ 0040d5d0 f   atlsd:Externs.obj
 0001:0000c5e0       ??__E?s_trace@CTrace@ATL@@2V12@A@@YAXXZ 0040d5e0 f   atlsd:Externs.obj
 0001:0000c610       ??__E_afxInitAppState@@YAXXZ 0040d610 f   mfcs80d:appmodul.obj
 0001:0000c630       ??__FtheApp@@YAXXZ         0040d630 f   TestClient.obj
 0001:0000c650       ??__Fg_Allocator@@YAXXZ    0040d650 f   atlsd:Externs.obj
 0001:0000c660       ??__F?s_trace@CTrace@ATL@@2V12@A@@YAXXZ 0040d660 f   atlsd:Externs.obj
